Archive member included because of file (symbol)

/Users/jhg/toolchain-gcc-arm-none-eabi-4_7-2012q4-20121208-mac/bin/../lib/gcc/arm-none-eabi/4.7.3/../../../../arm-none-eabi/lib/armv7-m/libc_s.a(lib_a-__atexit2.o)
                              /Users/jhg/toolchain-gcc-arm-none-eabi-4_7-2012q4-20121208-mac/bin/../lib/gcc/arm-none-eabi/4.7.3/../../../../arm-none-eabi/lib/armv7-m/rdimon-crt0.o (__register_exitproc)
/Users/jhg/toolchain-gcc-arm-none-eabi-4_7-2012q4-20121208-mac/bin/../lib/gcc/arm-none-eabi/4.7.3/../../../../arm-none-eabi/lib/armv7-m/libc_s.a(lib_a-exit.o)
                              /Users/jhg/toolchain-gcc-arm-none-eabi-4_7-2012q4-20121208-mac/bin/../lib/gcc/arm-none-eabi/4.7.3/../../../../arm-none-eabi/lib/armv7-m/rdimon-crt0.o (exit)
/Users/jhg/toolchain-gcc-arm-none-eabi-4_7-2012q4-20121208-mac/bin/../lib/gcc/arm-none-eabi/4.7.3/../../../../arm-none-eabi/lib/armv7-m/libc_s.a(lib_a-fini.o)
                              /Users/jhg/toolchain-gcc-arm-none-eabi-4_7-2012q4-20121208-mac/bin/../lib/gcc/arm-none-eabi/4.7.3/../../../../arm-none-eabi/lib/armv7-m/rdimon-crt0.o (__libc_fini_array)
/Users/jhg/toolchain-gcc-arm-none-eabi-4_7-2012q4-20121208-mac/bin/../lib/gcc/arm-none-eabi/4.7.3/../../../../arm-none-eabi/lib/armv7-m/libc_s.a(lib_a-impure.o)
                              /Users/jhg/toolchain-gcc-arm-none-eabi-4_7-2012q4-20121208-mac/bin/../lib/gcc/arm-none-eabi/4.7.3/../../../../arm-none-eabi/lib/armv7-m/libc_s.a(lib_a-exit.o) (_global_impure_ptr)
/Users/jhg/toolchain-gcc-arm-none-eabi-4_7-2012q4-20121208-mac/bin/../lib/gcc/arm-none-eabi/4.7.3/../../../../arm-none-eabi/lib/armv7-m/libc_s.a(lib_a-init.o)
                              /Users/jhg/toolchain-gcc-arm-none-eabi-4_7-2012q4-20121208-mac/bin/../lib/gcc/arm-none-eabi/4.7.3/../../../../arm-none-eabi/lib/armv7-m/rdimon-crt0.o (__libc_init_array)
/Users/jhg/toolchain-gcc-arm-none-eabi-4_7-2012q4-20121208-mac/bin/../lib/gcc/arm-none-eabi/4.7.3/../../../../arm-none-eabi/lib/armv7-m/libc_s.a(lib_a-memset.o)
                              /Users/jhg/toolchain-gcc-arm-none-eabi-4_7-2012q4-20121208-mac/bin/../lib/gcc/arm-none-eabi/4.7.3/../../../../arm-none-eabi/lib/armv7-m/rdimon-crt0.o (memset)
/Users/jhg/toolchain-gcc-arm-none-eabi-4_7-2012q4-20121208-mac/bin/../lib/gcc/arm-none-eabi/4.7.3/../../../../arm-none-eabi/lib/armv7-m/libc_s.a(lib_a-printf.o)
                              /var/folders/9p/g7b6_1dj0nqcnns28dc_lp_w0000gn/T//ccJSGhpM.o (printf)
/Users/jhg/toolchain-gcc-arm-none-eabi-4_7-2012q4-20121208-mac/bin/../lib/gcc/arm-none-eabi/4.7.3/../../../../arm-none-eabi/lib/armv7-m/libc_s.a(lib_a-vfprintf.o)
                              /Users/jhg/toolchain-gcc-arm-none-eabi-4_7-2012q4-20121208-mac/bin/../lib/gcc/arm-none-eabi/4.7.3/../../../../arm-none-eabi/lib/armv7-m/libc_s.a(lib_a-printf.o) (_vfprintf_r)
/Users/jhg/toolchain-gcc-arm-none-eabi-4_7-2012q4-20121208-mac/bin/../lib/gcc/arm-none-eabi/4.7.3/../../../../arm-none-eabi/lib/armv7-m/libc_s.a(lib_a-vfprintf_float.o)
                              (_printf_float)
/Users/jhg/toolchain-gcc-arm-none-eabi-4_7-2012q4-20121208-mac/bin/../lib/gcc/arm-none-eabi/4.7.3/../../../../arm-none-eabi/lib/armv7-m/libc_s.a(lib_a-vfprintf_i.o)
                              /Users/jhg/toolchain-gcc-arm-none-eabi-4_7-2012q4-20121208-mac/bin/../lib/gcc/arm-none-eabi/4.7.3/../../../../arm-none-eabi/lib/armv7-m/libc_s.a(lib_a-vfprintf_float.o) (_printf_common)
/Users/jhg/toolchain-gcc-arm-none-eabi-4_7-2012q4-20121208-mac/bin/../lib/gcc/arm-none-eabi/4.7.3/../../../../arm-none-eabi/lib/armv7-m/libc_s.a(lib_a-wbuf.o)
                              /Users/jhg/toolchain-gcc-arm-none-eabi-4_7-2012q4-20121208-mac/bin/../lib/gcc/arm-none-eabi/4.7.3/../../../../arm-none-eabi/lib/armv7-m/libc_s.a(lib_a-vfprintf.o) (__swbuf_r)
/Users/jhg/toolchain-gcc-arm-none-eabi-4_7-2012q4-20121208-mac/bin/../lib/gcc/arm-none-eabi/4.7.3/../../../../arm-none-eabi/lib/armv7-m/libc_s.a(lib_a-wsetup.o)
                              /Users/jhg/toolchain-gcc-arm-none-eabi-4_7-2012q4-20121208-mac/bin/../lib/gcc/arm-none-eabi/4.7.3/../../../../arm-none-eabi/lib/armv7-m/libc_s.a(lib_a-vfprintf.o) (__swsetup_r)
/Users/jhg/toolchain-gcc-arm-none-eabi-4_7-2012q4-20121208-mac/bin/../lib/gcc/arm-none-eabi/4.7.3/../../../../arm-none-eabi/lib/armv7-m/libc_s.a(lib_a-dtoa.o)
                              /Users/jhg/toolchain-gcc-arm-none-eabi-4_7-2012q4-20121208-mac/bin/../lib/gcc/arm-none-eabi/4.7.3/../../../../arm-none-eabi/lib/armv7-m/libc_s.a(lib_a-vfprintf_float.o) (_dtoa_r)
/Users/jhg/toolchain-gcc-arm-none-eabi-4_7-2012q4-20121208-mac/bin/../lib/gcc/arm-none-eabi/4.7.3/../../../../arm-none-eabi/lib/armv7-m/libc_s.a(lib_a-fflush.o)
                              /Users/jhg/toolchain-gcc-arm-none-eabi-4_7-2012q4-20121208-mac/bin/../lib/gcc/arm-none-eabi/4.7.3/../../../../arm-none-eabi/lib/armv7-m/libc_s.a(lib_a-wbuf.o) (_fflush_r)
[...]
Memory Configuration

Name             Origin             Length             Attributes
FLASH            0x0000000008000000 0x0000000000020000 xr
RAM              0x0000000020000000 0x0000000000010000 xrw
*default*        0x0000000000000000 0xffffffffffffffff

Linker script and memory map

LOAD /Users/jhg/toolchain-gcc-arm-none-eabi-4_7-2012q4-20121208-mac/bin/../lib/gcc/arm-none-eabi/4.7.3/../../../../arm-none-eabi/lib/armv7-m/librdimon.a
LOAD /Users/jhg/toolchain-gcc-arm-none-eabi-4_7-2012q4-20121208-mac/bin/../lib/gcc/arm-none-eabi/4.7.3/armv7-m/crti.o
LOAD /Users/jhg/toolchain-gcc-arm-none-eabi-4_7-2012q4-20121208-mac/bin/../lib/gcc/arm-none-eabi/4.7.3/armv7-m/crtbegin.o
LOAD /Users/jhg/toolchain-gcc-arm-none-eabi-4_7-2012q4-20121208-mac/bin/../lib/gcc/arm-none-eabi/4.7.3/../../../../arm-none-eabi/lib/armv7-m/rdimon-crt0.o
LOAD /var/folders/9p/g7b6_1dj0nqcnns28dc_lp_w0000gn/T//ccJSGhpM.o
LOAD /var/folders/9p/g7b6_1dj0nqcnns28dc_lp_w0000gn/T//cclV83xG.o
LOAD /Users/jhg/toolchain-gcc-arm-none-eabi-4_7-2012q4-20121208-mac/bin/../lib/gcc/arm-none-eabi/4.7.3/../../../../arm-none-eabi/lib/armv7-m/libc_s.a
LOAD /Users/jhg/toolchain-gcc-arm-none-eabi-4_7-2012q4-20121208-mac/bin/../lib/gcc/arm-none-eabi/4.7.3/../../../../arm-none-eabi/lib/armv7-m/libc_s.a
LOAD /Users/jhg/toolchain-gcc-arm-none-eabi-4_7-2012q4-20121208-mac/bin/../lib/gcc/arm-none-eabi/4.7.3/../../../../arm-none-eabi/lib/armv7-m/librdimon.a
START GROUP
LOAD /Users/jhg/toolchain-gcc-arm-none-eabi-4_7-2012q4-20121208-mac/bin/../lib/gcc/arm-none-eabi/4.7.3/armv7-m/libgcc.a
LOAD /Users/jhg/toolchain-gcc-arm-none-eabi-4_7-2012q4-20121208-mac/bin/../lib/gcc/arm-none-eabi/4.7.3/../../../../arm-none-eabi/lib/armv7-m/libc_s.a
END GROUP
LOAD /Users/jhg/toolchain-gcc-arm-none-eabi-4_7-2012q4-20121208-mac/bin/../lib/gcc/arm-none-eabi/4.7.3/armv7-m/crtend.o
LOAD /Users/jhg/toolchain-gcc-arm-none-eabi-4_7-2012q4-20121208-mac/bin/../lib/gcc/arm-none-eabi/4.7.3/armv7-m/crtn.o

.text           0x0000000008000000     0x3780
 *(.isr_vector)
 .isr_vector    0x0000000008000000       0x44 /var/folders/9p/g7b6_1dj0nqcnns28dc_lp_w0000gn/T//cclV83xG.o
                0x0000000008000000                __isr_vector
 *(.text*)
 .text          0x0000000008000044       0x54 /Users/jhg/toolchain-gcc-arm-none-eabi-4_7-2012q4-20121208-mac/bin/../lib/gcc/arm-none-eabi/4.7.3/armv7-m/crtbegin.o
 .text          0x0000000008000098       0xcc /Users/jhg/toolchain-gcc-arm-none-eabi-4_7-2012q4-20121208-mac/bin/../lib/gcc/arm-none-eabi/4.7.3/../../../../arm-none-eabi/lib/armv7-m/rdimon-crt0.o
                0x0000000008000098                _mainCRTStartup
                0x0000000008000098                _start
                0x0000000008000098                start
 .text.startup.main
                0x0000000008000164       0x30 /var/folders/9p/g7b6_1dj0nqcnns28dc_lp_w0000gn/T//ccJSGhpM.o
                0x0000000008000164                main
 .text.SystemInit
                0x0000000008000194        0x2 /var/folders/9p/g7b6_1dj0nqcnns28dc_lp_w0000gn/T//ccJSGhpM.o
                0x0000000008000194                SystemInit
 *fill*         0x0000000008000196        0x2 00
 .text          0x0000000008000198       0x3c /var/folders/9p/g7b6_1dj0nqcnns28dc_lp_w0000gn/T//cclV83xG.o
                0x0000000008000198                Reset_Handler
                0x00000000080001c0                NMI_Handler
                0x00000000080001c2                HardFault_Handler
                0x00000000080001c4                MemManage_Handler
                0x00000000080001c6                BusFault_Handler
                0x00000000080001c8                UsageFault_Handler
                0x00000000080001ca                SVC_Handler
                0x00000000080001cc                DebugMon_Handler
                0x00000000080001ce                PendSV_Handler
                0x00000000080001d0                SysTick_Handler
                0x00000000080001d2                DEF_IRQHandler
                0x00000000080001d2                Default_Handler
 .text.__register_exitproc
                0x00000000080001d4       0x14 /Users/jhg/toolchain-gcc-arm-none-eabi-4_7-2012q4-20121208-mac/bin/../lib/gcc/arm-none-eabi/4.7.3/../../../../arm-none-eabi/lib/armv7-m/libc_s.a(lib_a-__atexit2.o)
                0x00000000080001d4                __register_exitproc
 .text.exit     0x00000000080001e8       0x2c /Users/jhg/toolchain-gcc-arm-none-eabi-4_7-2012q4-20121208-mac/bin/../lib/gcc/arm-none-eabi/4.7.3/../../../../arm-none-eabi/lib/armv7-m/libc_s.a(lib_a-exit.o)
                0x00000000080001e8                exit
 .text.__libc_fini_array
                0x0000000008000214       0x2c /Users/jhg/toolchain-gcc-arm-none-eabi-4_7-2012q4-20121208-mac/bin/../lib/gcc/arm-none-eabi/4.7.3/../../../../arm-none-eabi/lib/armv7-m/libc_s.a(lib_a-fini.o)
                0x0000000008000214                __libc_fini_array
 .text.__libc_init_array
                0x0000000008000240       0x4c /Users/jhg/toolchain-gcc-arm-none-eabi-4_7-2012q4-20121208-mac/bin/../lib/gcc/arm-none-eabi/4.7.3/../../../../arm-none-eabi/lib/armv7-m/libc_s.a(lib_a-init.o)
                0x0000000008000240                __libc_init_array
 .text.memset   0x000000000800028c       0x10 /Users/jhg/toolchain-gcc-arm-none-eabi-4_7-2012q4-20121208-mac/bin/../lib/gcc/arm-none-eabi/4.7.3/../../../../arm-none-eabi/lib/armv7-m/libc_s.a(lib_a-memset.o)
                0x000000000800028c                memset
 .text.printf   0x000000000800029c       0x30 /Users/jhg/toolchain-gcc-arm-none-eabi-4_7-2012q4-20121208-mac/bin/../lib/gcc/arm-none-eabi/4.7.3/../../../../arm-none-eabi/lib/armv7-m/libc_s.a(lib_a-printf.o)
                0x000000000800029c                printf
                0x000000000800029c                iprintf
 .text.__sfputc_r
                0x00000000080002cc       0x2c /Users/jhg/toolchain-gcc-arm-none-eabi-4_7-2012q4-20121208-mac/bin/../lib/gcc/arm-none-eabi/4.7.3/../../../../arm-none-eabi/lib/armv7-m/libc_s.a(lib_a-vfprintf.o)
                0x00000000080002cc                __sfputc_r
 .text._vfprintf_r
                0x00000000080002f8      0x22c /Users/jhg/toolchain-gcc-arm-none-eabi-4_7-2012q4-20121208-mac/bin/../lib/gcc/arm-none-eabi/4.7.3/../../../../arm-none-eabi/lib/armv7-m/libc_s.a(lib_a-vfprintf.o)
                0x00000000080002f8                _vfiprintf_r
                0x00000000080002f8                _vfprintf_r
 .text.__cvt    0x0000000008000524       0xd2 /Users/jhg/toolchain-gcc-arm-none-eabi-4_7-2012q4-20121208-mac/bin/../lib/gcc/arm-none-eabi/4.7.3/../../../../arm-none-eabi/lib/armv7-m/libc_s.a(lib_a-vfprintf_float.o)
                0x0000000008000524                __cvt
 .text.__exponent
                0x00000000080005f6       0x5e /Users/jhg/toolchain-gcc-arm-none-eabi-4_7-2012q4-20121208-mac/bin/../lib/gcc/arm-none-eabi/4.7.3/../../../../arm-none-eabi/lib/armv7-m/libc_s.a(lib_a-vfprintf_float.o)
                0x00000000080005f6                __exponent
 .text._printf_float
                0x0000000008000654      0x4a4 /Users/jhg/toolchain-gcc-arm-none-eabi-4_7-2012q4-20121208-mac/bin/../lib/gcc/arm-none-eabi/4.7.3/../../../../arm-none-eabi/lib/armv7-m/libc_s.a(lib_a-vfprintf_float.o)
                0x0000000008000654                _printf_float
 .text._printf_common
                0x0000000008000af8       0xde /Users/jhg/toolchain-gcc-arm-none-eabi-4_7-2012q4-20121208-mac/bin/../lib/gcc/arm-none-eabi/4.7.3/../../../../arm-none-eabi/lib/armv7-m/libc_s.a(lib_a-vfprintf_i.o)
                0x0000000008000af8                _printf_common
 *fill*         0x0000000008000bd6        0x2 00
 .text._printf_i
                0x0000000008000bd8      0x248 /Users/jhg/toolchain-gcc-arm-none-eabi-4_7-2012q4-20121208-mac/bin/../lib/gcc/arm-none-eabi/4.7.3/../../../../arm-none-eabi/lib/armv7-m/libc_s.a(lib_a-vfprintf_i.o)
                0x0000000008000bd8                _printf_i
 .text.__swbuf_r
                0x0000000008000e20       0xb4 /Users/jhg/toolchain-gcc-arm-none-eabi-4_7-2012q4-20121208-mac/bin/../lib/gcc/arm-none-eabi/4.7.3/../../../../arm-none-eabi/lib/armv7-m/libc_s.a(lib_a-wbuf.o)
                0x0000000008000e20                __swbuf_r
 .text.__swsetup_r
                0x0000000008000ed4       0xec /Users/jhg/toolchain-gcc-arm-none-eabi-4_7-2012q4-20121208-mac/bin/../lib/gcc/arm-none-eabi/4.7.3/../../../../arm-none-eabi/lib/armv7-m/libc_s.a(lib_a-wsetup.o)
                0x0000000008000ed4                __swsetup_r
 .text.quorem   0x0000000008000fc0      0x11a /Users/jhg/toolchain-gcc-arm-none-eabi-4_7-2012q4-20121208-mac/bin/../lib/gcc/arm-none-eabi/4.7.3/../../../../arm-none-eabi/lib/armv7-m/libc_s.a(lib_a-dtoa.o)
 *fill*         0x00000000080010da        0x6 00
 .text._dtoa_r  0x00000000080010e0      0xb40 /Users/jhg/toolchain-gcc-arm-none-eabi-4_7-2012q4-20121208-mac/bin/../lib/gcc/arm-none-eabi/4.7.3/../../../../arm-none-eabi/lib/armv7-m/libc_s.a(lib_a-dtoa.o)
                0x00000000080010e0                _dtoa_r
 .text._fflush_r
                0x0000000008001c20      0x148 /Users/jhg/toolchain-gcc-arm-none-eabi-4_7-2012q4-20121208-mac/bin/../lib/gcc/arm-none-eabi/4.7.3/../../../../arm-none-eabi/lib/armv7-m/libc_s.a(lib_a-fflush.o)
                0x0000000008001c20                _fflush_r
 .text._cleanup_r
                0x0000000008001d68       0x32 /Users/jhg/toolchain-gcc-arm-none-eabi-4_7-2012q4-20121208-mac/bin/../lib/gcc/arm-none-eabi/4.7.3/../../../../arm-none-eabi/lib/armv7-m/libc_s.a(lib_a-findfp.o)
                0x0000000008001d68                _cleanup_r
 *fill*         0x0000000008001d9a        0x2 00
 .text.std.isra.0
                0x0000000008001d9c       0x48 /Users/jhg/toolchain-gcc-arm-none-eabi-4_7-2012q4-20121208-mac/bin/../lib/gcc/arm-none-eabi/4.7.3/../../../../arm-none-eabi/lib/armv7-m/libc_s.a(lib_a-findfp.o)
 .text.__sfmoreglue
                0x0000000008001de4       0x2a /Users/jhg/toolchain-gcc-arm-none-eabi-4_7-2012q4-20121208-mac/bin/../lib/gcc/arm-none-eabi/4.7.3/../../../../arm-none-eabi/lib/armv7-m/libc_s.a(lib_a-findfp.o)
                0x0000000008001de4                __sfmoreglue
 *fill*         0x0000000008001e0e        0x2 00
 .text.__sinit  0x0000000008001e10       0x58 /Users/jhg/toolchain-gcc-arm-none-eabi-4_7-2012q4-20121208-mac/bin/../lib/gcc/arm-none-eabi/4.7.3/../../../../arm-none-eabi/lib/armv7-m/libc_s.a(lib_a-findfp.o)
                0x0000000008001e10                __sinit
 .text.__sfp    0x0000000008001e68       0x78 /Users/jhg/toolchain-gcc-arm-none-eabi-4_7-2012q4-20121208-mac/bin/../lib/gcc/arm-none-eabi/4.7.3/../../../../arm-none-eabi/lib/armv7-m/libc_s.a(lib_a-findfp.o)
                0x0000000008001e68                __sfp
 .text._free_r  0x0000000008001ee0       0x88 /Users/jhg/toolchain-gcc-arm-none-eabi-4_7-2012q4-20121208-mac/bin/../lib/gcc/arm-none-eabi/4.7.3/../../../../arm-none-eabi/lib/armv7-m/libc_s.a(lib_a-freer.o)
                0x0000000008001ee0                _free_r
 .text._localeconv_r
                0x0000000008001f68        0x8 /Users/jhg/toolchain-gcc-arm-none-eabi-4_7-2012q4-20121208-mac/bin/../lib/gcc/arm-none-eabi/4.7.3/../../../../arm-none-eabi/lib/armv7-m/libc_s.a(lib_a-locale.o)
                0x0000000008001f68                _localeconv_r
 .text.__smakebuf_r
                0x0000000008001f70       0xa8 /Users/jhg/toolchain-gcc-arm-none-eabi-4_7-2012q4-20121208-mac/bin/../lib/gcc/arm-none-eabi/4.7.3/../../../../arm-none-eabi/lib/armv7-m/libc_s.a(lib_a-makebuf.o)
                0x0000000008001f70                __smakebuf_r
 .text.malloc   0x0000000008002018       0x10 /Users/jhg/toolchain-gcc-arm-none-eabi-4_7-2012q4-20121208-mac/bin/../lib/gcc/arm-none-eabi/4.7.3/../../../../arm-none-eabi/lib/armv7-m/libc_s.a(lib_a-malloc.o)
                0x0000000008002018                malloc
 .text._malloc_r
                0x0000000008002028       0x94 /Users/jhg/toolchain-gcc-arm-none-eabi-4_7-2012q4-20121208-mac/bin/../lib/gcc/arm-none-eabi/4.7.3/../../../../arm-none-eabi/lib/armv7-m/libc_s.a(lib_a-mallocr.o)
                0x0000000008002028                _malloc_r
 .text.memchr   0x00000000080020bc       0x1c /Users/jhg/toolchain-gcc-arm-none-eabi-4_7-2012q4-20121208-mac/bin/../lib/gcc/arm-none-eabi/4.7.3/../../../../arm-none-eabi/lib/armv7-m/libc_s.a(lib_a-memchr.o)
                0x00000000080020bc                memchr
 .text.memcpy   0x00000000080020d8       0x12 /Users/jhg/toolchain-gcc-arm-none-eabi-4_7-2012q4-20121208-mac/bin/../lib/gcc/arm-none-eabi/4.7.3/../../../../arm-none-eabi/lib/armv7-m/libc_s.a(lib_a-memcpy.o)
                0x00000000080020d8                memcpy
 .text._Balloc  0x00000000080020ea       0x6a /Users/jhg/toolchain-gcc-arm-none-eabi-4_7-2012q4-20121208-mac/bin/../lib/gcc/arm-none-eabi/4.7.3/../../../../arm-none-eabi/lib/armv7-m/libc_s.a(lib_a-mprec.o)
                0x00000000080020ea                _Balloc
 .text._Bfree   0x0000000008002154       0x2e /Users/jhg/toolchain-gcc-arm-none-eabi-4_7-2012q4-20121208-mac/bin/../lib/gcc/arm-none-eabi/4.7.3/../../../../arm-none-eabi/lib/armv7-m/libc_s.a(lib_a-mprec.o)
                0x0000000008002154                _Bfree
 .text.__multadd
                0x0000000008002182       0x78 /Users/jhg/toolchain-gcc-arm-none-eabi-4_7-2012q4-20121208-mac/bin/../lib/gcc/arm-none-eabi/4.7.3/../../../../arm-none-eabi/lib/armv7-m/libc_s.a(lib_a-mprec.o)
                0x0000000008002182                __multadd
 .text.__hi0bits
                0x00000000080021fa       0x3e /Users/jhg/toolchain-gcc-arm-none-eabi-4_7-2012q4-20121208-mac/bin/../lib/gcc/arm-none-eabi/4.7.3/../../../../arm-none-eabi/lib/armv7-m/libc_s.a(lib_a-mprec.o)
                0x00000000080021fa                __hi0bits
 .text.__lo0bits
                0x0000000008002238       0x5a /Users/jhg/toolchain-gcc-arm-none-eabi-4_7-2012q4-20121208-mac/bin/../lib/gcc/arm-none-eabi/4.7.3/../../../../arm-none-eabi/lib/armv7-m/libc_s.a(lib_a-mprec.o)
                0x0000000008002238                __lo0bits
 .text.__i2b    0x0000000008002292       0x12 /Users/jhg/toolchain-gcc-arm-none-eabi-4_7-2012q4-20121208-mac/bin/../lib/gcc/arm-none-eabi/4.7.3/../../../../arm-none-eabi/lib/armv7-m/libc_s.a(lib_a-mprec.o)
                0x0000000008002292                __i2b
 .text.__multiply
                0x00000000080022a4      0x122 /Users/jhg/toolchain-gcc-arm-none-eabi-4_7-2012q4-20121208-mac/bin/../lib/gcc/arm-none-eabi/4.7.3/../../../../arm-none-eabi/lib/armv7-m/libc_s.a(lib_a-mprec.o)
                0x00000000080022a4                __multiply
 *fill*         0x00000000080023c6        0x2 00
 .text.__pow5mult
                0x00000000080023c8       0xa4 /Users/jhg/toolchain-gcc-arm-none-eabi-4_7-2012q4-20121208-mac/bin/../lib/gcc/arm-none-eabi/4.7.3/../../../../arm-none-eabi/lib/armv7-m/libc_s.a(lib_a-mprec.o)
                0x00000000080023c8                __pow5mult
 .text.__lshift
                0x000000000800246c       0xa8 /Users/jhg/toolchain-gcc-arm-none-eabi-4_7-2012q4-20121208-mac/bin/../lib/gcc/arm-none-eabi/4.7.3/../../../../arm-none-eabi/lib/armv7-m/libc_s.a(lib_a-mprec.o)
                0x000000000800246c                __lshift
 .text.__mcmp   0x0000000008002514       0x3a /Users/jhg/toolchain-gcc-arm-none-eabi-4_7-2012q4-20121208-mac/bin/../lib/gcc/arm-none-eabi/4.7.3/../../../../arm-none-eabi/lib/armv7-m/libc_s.a(lib_a-mprec.o)
                0x0000000008002514                __mcmp
 .text.__mdiff  0x000000000800254e       0xc4 /Users/jhg/toolchain-gcc-arm-none-eabi-4_7-2012q4-20121208-mac/bin/../lib/gcc/arm-none-eabi/4.7.3/../../../../arm-none-eabi/lib/armv7-m/libc_s.a(lib_a-mprec.o)
                0x000000000800254e                __mdiff
 .text.__d2b    0x0000000008002612       0xa8 /Users/jhg/toolchain-gcc-arm-none-eabi-4_7-2012q4-20121208-mac/bin/../lib/gcc/arm-none-eabi/4.7.3/../../../../arm-none-eabi/lib/armv7-m/libc_s.a(lib_a-mprec.o)
                0x0000000008002612                __d2b
 *fill*         0x00000000080026ba        0x2 00
 .text.__fpclassifyd
                0x00000000080026bc       0x64 /Users/jhg/toolchain-gcc-arm-none-eabi-4_7-2012q4-20121208-mac/bin/../lib/gcc/arm-none-eabi/4.7.3/../../../../arm-none-eabi/lib/armv7-m/libc_s.a(lib_a-s_fpclassify.o)
                0x00000000080026bc                __fpclassifyd
 .text._sbrk_r  0x0000000008002720       0x20 /Users/jhg/toolchain-gcc-arm-none-eabi-4_7-2012q4-20121208-mac/bin/../lib/gcc/arm-none-eabi/4.7.3/../../../../arm-none-eabi/lib/armv7-m/libc_s.a(lib_a-sbrkr.o)
                0x0000000008002720                _sbrk_r
 .text.__sread  0x0000000008002740       0x22 /Users/jhg/toolchain-gcc-arm-none-eabi-4_7-2012q4-20121208-mac/bin/../lib/gcc/arm-none-eabi/4.7.3/../../../../arm-none-eabi/lib/armv7-m/libc_s.a(lib_a-stdio.o)
                0x0000000008002740                __sread
 .text.__swrite
                0x0000000008002762       0x3c /Users/jhg/toolchain-gcc-arm-none-eabi-4_7-2012q4-20121208-mac/bin/../lib/gcc/arm-none-eabi/4.7.3/../../../../arm-none-eabi/lib/armv7-m/libc_s.a(lib_a-stdio.o)
                0x0000000008002762                __swrite
 .text.__sseek  0x000000000800279e       0x24 /Users/jhg/toolchain-gcc-arm-none-eabi-4_7-2012q4-20121208-mac/bin/../lib/gcc/arm-none-eabi/4.7.3/../../../../arm-none-eabi/lib/armv7-m/libc_s.a(lib_a-stdio.o)
                0x000000000800279e                __sseek
 .text.__sclose
                0x00000000080027c2        0x8 /Users/jhg/toolchain-gcc-arm-none-eabi-4_7-2012q4-20121208-mac/bin/../lib/gcc/arm-none-eabi/4.7.3/../../../../arm-none-eabi/lib/armv7-m/libc_s.a(lib_a-stdio.o)
                0x00000000080027c2                __sclose
 .text.strlen   0x00000000080027ca       0x10 /Users/jhg/toolchain-gcc-arm-none-eabi-4_7-2012q4-20121208-mac/bin/../lib/gcc/arm-none-eabi/4.7.3/../../../../arm-none-eabi/lib/armv7-m/libc_s.a(lib_a-strlen.o)
                0x00000000080027ca                strlen
 *fill*         0x00000000080027da        0x2 00
 .text._write_r
                0x00000000080027dc       0x24 /Users/jhg/toolchain-gcc-arm-none-eabi-4_7-2012q4-20121208-mac/bin/../lib/gcc/arm-none-eabi/4.7.3/../../../../arm-none-eabi/lib/armv7-m/libc_s.a(lib_a-writer.o)
                0x00000000080027dc                _write_r
 .text._calloc_r
                0x0000000008002800       0x1c /Users/jhg/toolchain-gcc-arm-none-eabi-4_7-2012q4-20121208-mac/bin/../lib/gcc/arm-none-eabi/4.7.3/../../../../arm-none-eabi/lib/armv7-m/libc_s.a(lib_a-callocr.o)
                0x0000000008002800                _calloc_r
 .text._close_r
                0x000000000800281c       0x20 /Users/jhg/toolchain-gcc-arm-none-eabi-4_7-2012q4-20121208-mac/bin/../lib/gcc/arm-none-eabi/4.7.3/../../../../arm-none-eabi/lib/armv7-m/libc_s.a(lib_a-closer.o)
                0x000000000800281c                _close_r
 .text._fstat_r
                0x000000000800283c       0x24 /Users/jhg/toolchain-gcc-arm-none-eabi-4_7-2012q4-20121208-mac/bin/../lib/gcc/arm-none-eabi/4.7.3/../../../../arm-none-eabi/lib/armv7-m/libc_s.a(lib_a-fstatr.o)
                0x000000000800283c                _fstat_r
 .text._isatty_r
                0x0000000008002860       0x20 /Users/jhg/toolchain-gcc-arm-none-eabi-4_7-2012q4-20121208-mac/bin/../lib/gcc/arm-none-eabi/4.7.3/../../../../arm-none-eabi/lib/armv7-m/libc_s.a(lib_a-isattyr.o)
                0x0000000008002860                _isatty_r
 .text._lseek_r
                0x0000000008002880       0x24 /Users/jhg/toolchain-gcc-arm-none-eabi-4_7-2012q4-20121208-mac/bin/../lib/gcc/arm-none-eabi/4.7.3/../../../../arm-none-eabi/lib/armv7-m/libc_s.a(lib_a-lseekr.o)
                0x0000000008002880                _lseek_r
 .text._read_r  0x00000000080028a4       0x24 /Users/jhg/toolchain-gcc-arm-none-eabi-4_7-2012q4-20121208-mac/bin/../lib/gcc/arm-none-eabi/4.7.3/../../../../arm-none-eabi/lib/armv7-m/libc_s.a(lib_a-readr.o)
                0x00000000080028a4                _read_r
 .text.error    0x00000000080028c8       0x1c /Users/jhg/toolchain-gcc-arm-none-eabi-4_7-2012q4-20121208-mac/bin/../lib/gcc/arm-none-eabi/4.7.3/../../../../arm-none-eabi/lib/armv7-m/librdimon.a(rdimon-syscalls.o)
 .text.findslot
                0x00000000080028e4       0x38 /Users/jhg/toolchain-gcc-arm-none-eabi-4_7-2012q4-20121208-mac/bin/../lib/gcc/arm-none-eabi/4.7.3/../../../../arm-none-eabi/lib/armv7-m/librdimon.a(rdimon-syscalls.o)
 .text.checkerror
                0x000000000800291c        0xc /Users/jhg/toolchain-gcc-arm-none-eabi-4_7-2012q4-20121208-mac/bin/../lib/gcc/arm-none-eabi/4.7.3/../../../../arm-none-eabi/lib/armv7-m/librdimon.a(rdimon-syscalls.o)
 .text.initialise_monitor_handles
                0x0000000008002928       0xa4 /Users/jhg/toolchain-gcc-arm-none-eabi-4_7-2012q4-20121208-mac/bin/../lib/gcc/arm-none-eabi/4.7.3/../../../../arm-none-eabi/lib/armv7-m/librdimon.a(rdimon-syscalls.o)
                0x0000000008002928                initialise_monitor_handles
 .text._swiread
                0x00000000080029cc       0x20 /Users/jhg/toolchain-gcc-arm-none-eabi-4_7-2012q4-20121208-mac/bin/../lib/gcc/arm-none-eabi/4.7.3/../../../../arm-none-eabi/lib/armv7-m/librdimon.a(rdimon-syscalls.o)
                0x00000000080029cc                _swiread
 .text._read    0x00000000080029ec       0x34 /Users/jhg/toolchain-gcc-arm-none-eabi-4_7-2012q4-20121208-mac/bin/../lib/gcc/arm-none-eabi/4.7.3/../../../../arm-none-eabi/lib/armv7-m/librdimon.a(rdimon-syscalls.o)
                0x00000000080029ec                _read
 .text._swilseek
                0x0000000008002a20       0x8c /Users/jhg/toolchain-gcc-arm-none-eabi-4_7-2012q4-20121208-mac/bin/../lib/gcc/arm-none-eabi/4.7.3/../../../../arm-none-eabi/lib/armv7-m/librdimon.a(rdimon-syscalls.o)
                0x0000000008002a20                _swilseek
 .text._lseek   0x0000000008002aac        0x4 /Users/jhg/toolchain-gcc-arm-none-eabi-4_7-2012q4-20121208-mac/bin/../lib/gcc/arm-none-eabi/4.7.3/../../../../arm-none-eabi/lib/armv7-m/librdimon.a(rdimon-syscalls.o)
                0x0000000008002aac                _lseek
 .text._swiwrite
                0x0000000008002ab0       0x20 /Users/jhg/toolchain-gcc-arm-none-eabi-4_7-2012q4-20121208-mac/bin/../lib/gcc/arm-none-eabi/4.7.3/../../../../arm-none-eabi/lib/armv7-m/librdimon.a(rdimon-syscalls.o)
                0x0000000008002ab0                _swiwrite
 .text._write   0x0000000008002ad0       0x48 /Users/jhg/toolchain-gcc-arm-none-eabi-4_7-2012q4-20121208-mac/bin/../lib/gcc/arm-none-eabi/4.7.3/../../../../arm-none-eabi/lib/armv7-m/librdimon.a(rdimon-syscalls.o)
                0x0000000008002ad0                _write
 .text._swiclose
                0x0000000008002b18       0x20 /Users/jhg/toolchain-gcc-arm-none-eabi-4_7-2012q4-20121208-mac/bin/../lib/gcc/arm-none-eabi/4.7.3/../../../../arm-none-eabi/lib/armv7-m/librdimon.a(rdimon-syscalls.o)
                0x0000000008002b18                _swiclose
 .text._close   0x0000000008002b38       0x48 /Users/jhg/toolchain-gcc-arm-none-eabi-4_7-2012q4-20121208-mac/bin/../lib/gcc/arm-none-eabi/4.7.3/../../../../arm-none-eabi/lib/armv7-m/librdimon.a(rdimon-syscalls.o)
                0x0000000008002b38                _close
 .text._sbrk    0x0000000008002b80       0x34 /Users/jhg/toolchain-gcc-arm-none-eabi-4_7-2012q4-20121208-mac/bin/../lib/gcc/arm-none-eabi/4.7.3/../../../../arm-none-eabi/lib/armv7-m/librdimon.a(rdimon-syscalls.o)
                0x0000000008002b80                _sbrk
 .text._swistat
                0x0000000008002bb4       0x44 /Users/jhg/toolchain-gcc-arm-none-eabi-4_7-2012q4-20121208-mac/bin/../lib/gcc/arm-none-eabi/4.7.3/../../../../arm-none-eabi/lib/armv7-m/librdimon.a(rdimon-syscalls.o)
                0x0000000008002bb4                _swistat
 .text._fstat   0x0000000008002bf8       0x1c /Users/jhg/toolchain-gcc-arm-none-eabi-4_7-2012q4-20121208-mac/bin/../lib/gcc/arm-none-eabi/4.7.3/../../../../arm-none-eabi/lib/armv7-m/librdimon.a(rdimon-syscalls.o)
                0x0000000008002bf8                _fstat
 .text._isatty  0x0000000008002c14       0x40 /Users/jhg/toolchain-gcc-arm-none-eabi-4_7-2012q4-20121208-mac/bin/../lib/gcc/arm-none-eabi/4.7.3/../../../../arm-none-eabi/lib/armv7-m/librdimon.a(rdimon-syscalls.o)
                0x0000000008002c14                _isatty
 .text._exit    0x0000000008002c54        0x8 /Users/jhg/toolchain-gcc-arm-none-eabi-4_7-2012q4-20121208-mac/bin/../lib/gcc/arm-none-eabi/4.7.3/../../../../arm-none-eabi/lib/armv7-m/librdimon.a(rdimon-_exit.o)
                0x0000000008002c54                _exit
 .text._kill    0x0000000008002c5c       0x30 /Users/jhg/toolchain-gcc-arm-none-eabi-4_7-2012q4-20121208-mac/bin/../lib/gcc/arm-none-eabi/4.7.3/../../../../arm-none-eabi/lib/armv7-m/librdimon.a(rdimon-_kill.o)
                0x0000000008002c5c                _kill
 .text          0x0000000008002c8c      0x370 /Users/jhg/toolchain-gcc-arm-none-eabi-4_7-2012q4-20121208-mac/bin/../lib/gcc/arm-none-eabi/4.7.3/armv7-m/libgcc.a(_arm_addsubdf3.o)
                0x0000000008002c8c                __aeabi_drsub
                0x0000000008002c94                __subdf3
                0x0000000008002c94                __aeabi_dsub
                0x0000000008002c98                __aeabi_dadd
                0x0000000008002c98                __adddf3
                0x0000000008002f10                __aeabi_ui2d
                0x0000000008002f10                __floatunsidf
                0x0000000008002f30                __floatsidf
                0x0000000008002f30                __aeabi_i2d
                0x0000000008002f54                __extendsfdf2
                0x0000000008002f54                __aeabi_f2d
                0x0000000008002f90                __aeabi_ul2d
                0x0000000008002f90                __floatundidf
                0x0000000008002fa0                __aeabi_l2d
                0x0000000008002fa0                __floatdidf
 .text          0x0000000008002ffc      0x424 /Users/jhg/toolchain-gcc-arm-none-eabi-4_7-2012q4-20121208-mac/bin/../lib/gcc/arm-none-eabi/4.7.3/armv7-m/libgcc.a(_arm_muldivdf3.o)
                0x0000000008002ffc                __aeabi_dmul
                0x0000000008002ffc                __muldf3
                0x0000000008003250                __aeabi_ddiv
                0x0000000008003250                __divdf3
 .text          0x0000000008003420      0x110 /Users/jhg/toolchain-gcc-arm-none-eabi-4_7-2012q4-20121208-mac/bin/../lib/gcc/arm-none-eabi/4.7.3/armv7-m/libgcc.a(_arm_cmpdf2.o)
                0x0000000008003420                __gtdf2
                0x0000000008003420                __gedf2
                0x0000000008003428                __ltdf2
                0x0000000008003428                __ledf2
                0x0000000008003430                __eqdf2
                0x0000000008003430                __nedf2
                0x0000000008003430                __cmpdf2
                0x00000000080034ac                __aeabi_cdrcmple
                0x00000000080034bc                __aeabi_cdcmple
                0x00000000080034bc                __aeabi_cdcmpeq
                0x00000000080034cc                __aeabi_dcmpeq
                0x00000000080034e0                __aeabi_dcmplt
                0x00000000080034f4                __aeabi_dcmple
                0x0000000008003508                __aeabi_dcmpge
                0x000000000800351c                __aeabi_dcmpgt
 .text          0x0000000008003530       0x50 /Users/jhg/toolchain-gcc-arm-none-eabi-4_7-2012q4-20121208-mac/bin/../lib/gcc/arm-none-eabi/4.7.3/armv7-m/libgcc.a(_arm_fixdfsi.o)
                0x0000000008003530                __fixdfsi
                0x0000000008003530                __aeabi_d2iz
 .text.__errno  0x0000000008003580        0xc /Users/jhg/toolchain-gcc-arm-none-eabi-4_7-2012q4-20121208-mac/bin/../lib/gcc/arm-none-eabi/4.7.3/../../../../arm-none-eabi/lib/armv7-m/libc_s.a(lib_a-errno.o)
                0x0000000008003580                __errno
 *(.init)
 .init          0x000000000800358c        0x4 /Users/jhg/toolchain-gcc-arm-none-eabi-4_7-2012q4-20121208-mac/bin/../lib/gcc/arm-none-eabi/4.7.3/armv7-m/crti.o
                0x000000000800358c                _init
 .init          0x0000000008003590        0x8 /Users/jhg/toolchain-gcc-arm-none-eabi-4_7-2012q4-20121208-mac/bin/../lib/gcc/arm-none-eabi/4.7.3/armv7-m/crtn.o
 *(.fini)
 .fini          0x0000000008003598        0x4 /Users/jhg/toolchain-gcc-arm-none-eabi-4_7-2012q4-20121208-mac/bin/../lib/gcc/arm-none-eabi/4.7.3/armv7-m/crti.o
                0x0000000008003598                _fini
 .fini          0x000000000800359c        0x8 /Users/jhg/toolchain-gcc-arm-none-eabi-4_7-2012q4-20121208-mac/bin/../lib/gcc/arm-none-eabi/4.7.3/armv7-m/crtn.o
 *crtbegin.o(.ctors)
 *crtbegin?.o(.ctors)
 *(EXCLUDE_FILE(*crtend.o *crtend?.o) .ctors)
 *(SORT(.ctors.*))
 *(.ctors)
 *crtbegin.o(.dtors)
 *crtbegin?.o(.dtors)
 *(EXCLUDE_FILE(*crtend.o *crtend?.o) .dtors)
 *(SORT(.dtors.*))
 *(.dtors)
 *(.rodata*)
 .rodata.str1.1
                0x00000000080035a4        0xc /var/folders/9p/g7b6_1dj0nqcnns28dc_lp_w0000gn/T//ccJSGhpM.o
 .rodata.str1.1
                0x00000000080035b0        0x2 /Users/jhg/toolchain-gcc-arm-none-eabi-4_7-2012q4-20121208-mac/bin/../lib/gcc/arm-none-eabi/4.7.3/../../../../arm-none-eabi/lib/armv7-m/libc_s.a(lib_a-impure.o)
 *fill*         0x00000000080035b2        0x2 00
 .rodata._global_impure_ptr
                0x00000000080035b4        0x4 /Users/jhg/toolchain-gcc-arm-none-eabi-4_7-2012q4-20121208-mac/bin/../lib/gcc/arm-none-eabi/4.7.3/../../../../arm-none-eabi/lib/armv7-m/libc_s.a(lib_a-impure.o)
                0x00000000080035b4                _global_impure_ptr
 .rodata.str1.1
                0x00000000080035b8       0x11 /Users/jhg/toolchain-gcc-arm-none-eabi-4_7-2012q4-20121208-mac/bin/../lib/gcc/arm-none-eabi/4.7.3/../../../../arm-none-eabi/lib/armv7-m/libc_s.a(lib_a-vfprintf.o)
 .rodata.str1.1
                0x00000000080035c9       0x10 /Users/jhg/toolchain-gcc-arm-none-eabi-4_7-2012q4-20121208-mac/bin/../lib/gcc/arm-none-eabi/4.7.3/../../../../arm-none-eabi/lib/armv7-m/libc_s.a(lib_a-vfprintf_float.o)
 .rodata.str1.1
                0x00000000080035d9       0x22 /Users/jhg/toolchain-gcc-arm-none-eabi-4_7-2012q4-20121208-mac/bin/../lib/gcc/arm-none-eabi/4.7.3/../../../../arm-none-eabi/lib/armv7-m/libc_s.a(lib_a-vfprintf_i.o)
 .rodata.str1.1
                0x00000000080035fb        0xf /Users/jhg/toolchain-gcc-arm-none-eabi-4_7-2012q4-20121208-mac/bin/../lib/gcc/arm-none-eabi/4.7.3/../../../../arm-none-eabi/lib/armv7-m/libc_s.a(lib_a-dtoa.o)
 *fill*         0x000000000800360a        0x2 00
 .rodata.__sf_fake_stdin
                0x000000000800360c       0x20 /Users/jhg/toolchain-gcc-arm-none-eabi-4_7-2012q4-20121208-mac/bin/../lib/gcc/arm-none-eabi/4.7.3/../../../../arm-none-eabi/lib/armv7-m/libc_s.a(lib_a-findfp.o)
                0x000000000800360c                __sf_fake_stdin
 .rodata.__sf_fake_stdout
                0x000000000800362c       0x20 /Users/jhg/toolchain-gcc-arm-none-eabi-4_7-2012q4-20121208-mac/bin/../lib/gcc/arm-none-eabi/4.7.3/../../../../arm-none-eabi/lib/armv7-m/libc_s.a(lib_a-findfp.o)
                0x000000000800362c                __sf_fake_stdout
 .rodata.__sf_fake_stderr
                0x000000000800364c       0x20 /Users/jhg/toolchain-gcc-arm-none-eabi-4_7-2012q4-20121208-mac/bin/../lib/gcc/arm-none-eabi/4.7.3/../../../../arm-none-eabi/lib/armv7-m/libc_s.a(lib_a-findfp.o)
                0x000000000800364c                __sf_fake_stderr
 .rodata.str1.1
                0x000000000800366c        0x8 /Users/jhg/toolchain-gcc-arm-none-eabi-4_7-2012q4-20121208-mac/bin/../lib/gcc/arm-none-eabi/4.7.3/../../../../arm-none-eabi/lib/armv7-m/libc_s.a(lib_a-locale.o)
                                          0xb (size before relaxing)
 *fill*         0x0000000008003674        0x4 00
 .rodata.__mprec_tens
                0x0000000008003678       0xc8 /Users/jhg/toolchain-gcc-arm-none-eabi-4_7-2012q4-20121208-mac/bin/../lib/gcc/arm-none-eabi/4.7.3/../../../../arm-none-eabi/lib/armv7-m/libc_s.a(lib_a-mprec.o)
                0x0000000008003678                __mprec_tens
 .rodata.p05.5252
                0x0000000008003740        0xc /Users/jhg/toolchain-gcc-arm-none-eabi-4_7-2012q4-20121208-mac/bin/../lib/gcc/arm-none-eabi/4.7.3/../../../../arm-none-eabi/lib/armv7-m/libc_s.a(lib_a-mprec.o)
 *fill*         0x000000000800374c        0x4 00
 .rodata.__mprec_bigtens
                0x0000000008003750       0x28 /Users/jhg/toolchain-gcc-arm-none-eabi-4_7-2012q4-20121208-mac/bin/../lib/gcc/arm-none-eabi/4.7.3/../../../../arm-none-eabi/lib/armv7-m/libc_s.a(lib_a-mprec.o)
                0x0000000008003750                __mprec_bigtens
 .rodata.str1.4
                0x0000000008003778        0x4 /Users/jhg/toolchain-gcc-arm-none-eabi-4_7-2012q4-20121208-mac/bin/../lib/gcc/arm-none-eabi/4.7.3/../../../../arm-none-eabi/lib/armv7-m/librdimon.a(rdimon-syscalls.o)
 *(.eh_frame*)
 .eh_frame      0x000000000800377c        0x0 /Users/jhg/toolchain-gcc-arm-none-eabi-4_7-2012q4-20121208-mac/bin/../lib/gcc/arm-none-eabi/4.7.3/armv7-m/crtbegin.o
 .eh_frame      0x000000000800377c        0x4 /Users/jhg/toolchain-gcc-arm-none-eabi-4_7-2012q4-20121208-mac/bin/../lib/gcc/arm-none-eabi/4.7.3/armv7-m/crtend.o

.glue_7         0x0000000008003780        0x0
 .glue_7        0x0000000000000000        0x0 linker stubs

.glue_7t        0x0000000008003780        0x0
 .glue_7t       0x0000000000000000        0x0 linker stubs

.vfp11_veneer   0x0000000008003780        0x0
 .vfp11_veneer  0x0000000000000000        0x0 linker stubs

.v4_bx          0x0000000008003780        0x0
 .v4_bx         0x0000000000000000        0x0 linker stubs

.iplt           0x0000000008003780        0x0
 .iplt          0x0000000000000000        0x0 /Users/jhg/toolchain-gcc-arm-none-eabi-4_7-2012q4-20121208-mac/bin/../lib/gcc/arm-none-eabi/4.7.3/armv7-m/crtbegin.o

.ARM.extab
 *(.ARM.extab* .gnu.linkonce.armextab.*)
                0x0000000008003780                __exidx_start = .

.ARM.exidx      0x0000000008003780        0x8
 *(.ARM.exidx* .gnu.linkonce.armexidx.*)
 .ARM.exidx     0x0000000008003780        0x8 /Users/jhg/toolchain-gcc-arm-none-eabi-4_7-2012q4-20121208-mac/bin/../lib/gcc/arm-none-eabi/4.7.3/../../../../arm-none-eabi/lib/armv7-m/rdimon-crt0.o
                0x0000000008003788                __exidx_end = .
                0x0000000008003788                __etext = .

.rel.dyn        0x0000000008003788        0x0
 .rel.iplt      0x0000000000000000        0x0 /Users/jhg/toolchain-gcc-arm-none-eabi-4_7-2012q4-20121208-mac/bin/../lib/gcc/arm-none-eabi/4.7.3/armv7-m/crtbegin.o

.data           0x0000000020000000      0x1c8 load address 0x0000000008003788
                0x0000000020000000                __data_start__ = .
 *(vtable)
 *(.data*)
 .data          0x0000000020000000      0x110 /Users/jhg/toolchain-gcc-arm-none-eabi-4_7-2012q4-20121208-mac/bin/../lib/gcc/arm-none-eabi/4.7.3/../../../../arm-none-eabi/lib/armv7-m/rdimon-crt0.o
                0x0000000020000008                __stack_base__
 .data.d        0x0000000020000110        0x8 /var/folders/9p/g7b6_1dj0nqcnns28dc_lp_w0000gn/T//ccJSGhpM.o
                0x0000000020000110                d
 .data.f        0x0000000020000118        0x4 /var/folders/9p/g7b6_1dj0nqcnns28dc_lp_w0000gn/T//ccJSGhpM.o
                0x0000000020000118                f
 .data.impure_data
                0x000000002000011c       0x64 /Users/jhg/toolchain-gcc-arm-none-eabi-4_7-2012q4-20121208-mac/bin/../lib/gcc/arm-none-eabi/4.7.3/../../../../arm-none-eabi/lib/armv7-m/libc_s.a(lib_a-impure.o)
 .data._impure_ptr
                0x0000000020000180        0x4 /Users/jhg/toolchain-gcc-arm-none-eabi-4_7-2012q4-20121208-mac/bin/../lib/gcc/arm-none-eabi/4.7.3/../../../../arm-none-eabi/lib/armv7-m/libc_s.a(lib_a-impure.o)
                0x0000000020000180                _impure_ptr
 .data.lconv    0x0000000020000184       0x38 /Users/jhg/toolchain-gcc-arm-none-eabi-4_7-2012q4-20121208-mac/bin/../lib/gcc/arm-none-eabi/4.7.3/../../../../arm-none-eabi/lib/armv7-m/libc_s.a(lib_a-locale.o)
                0x00000000200001bc                . = ALIGN (0x4)
                0x00000000200001bc                PROVIDE (__preinit_array_start, .)
 *(.preinit_array)
                0x00000000200001bc                PROVIDE (__preinit_array_end, .)
                0x00000000200001bc                . = ALIGN (0x4)
                0x00000000200001bc                PROVIDE (__init_array_start, .)
 *(SORT(.init_array.*))
 *(.init_array)
 .init_array    0x00000000200001bc        0x4 /Users/jhg/toolchain-gcc-arm-none-eabi-4_7-2012q4-20121208-mac/bin/../lib/gcc/arm-none-eabi/4.7.3/armv7-m/crtbegin.o
                0x00000000200001c0                PROVIDE (__init_array_end, .)
                0x00000000200001c0                . = ALIGN (0x4)
                0x00000000200001c0                PROVIDE (__fini_array_start, .)
 *(SORT(.fini_array.*))
 *(.fini_array)
 .fini_array    0x00000000200001c0        0x4 /Users/jhg/toolchain-gcc-arm-none-eabi-4_7-2012q4-20121208-mac/bin/../lib/gcc/arm-none-eabi/4.7.3/armv7-m/crtbegin.o
                0x00000000200001c4                PROVIDE (__fini_array_end, .)
 *(.jcr*)
 .jcr           0x00000000200001c4        0x0 /Users/jhg/toolchain-gcc-arm-none-eabi-4_7-2012q4-20121208-mac/bin/../lib/gcc/arm-none-eabi/4.7.3/armv7-m/crtbegin.o
 .jcr           0x00000000200001c4        0x4 /Users/jhg/toolchain-gcc-arm-none-eabi-4_7-2012q4-20121208-mac/bin/../lib/gcc/arm-none-eabi/4.7.3/armv7-m/crtend.o
                0x00000000200001c8                . = ALIGN (0x4)
                0x00000000200001c8                __data_end__ = .

.igot.plt       0x00000000200001c8        0x0 load address 0x0000000008003950
 .igot.plt      0x0000000000000000        0x0 /Users/jhg/toolchain-gcc-arm-none-eabi-4_7-2012q4-20121208-mac/bin/../lib/gcc/arm-none-eabi/4.7.3/armv7-m/crtbegin.o

.bss            0x00000000200001c8       0xd4 load address 0x0000000008003950
                0x00000000200001c8                . = ALIGN (0x4)
                0x00000000200001c8                __bss_start__ = .
 *(.bss*)
 .bss           0x00000000200001c8       0x1c /Users/jhg/toolchain-gcc-arm-none-eabi-4_7-2012q4-20121208-mac/bin/../lib/gcc/arm-none-eabi/4.7.3/armv7-m/crtbegin.o
 .bss.__malloc_free_list
                0x00000000200001e4        0x4 /Users/jhg/toolchain-gcc-arm-none-eabi-4_7-2012q4-20121208-mac/bin/../lib/gcc/arm-none-eabi/4.7.3/../../../../arm-none-eabi/lib/armv7-m/libc_s.a(lib_a-mallocr.o)
                0x00000000200001e4                __malloc_free_list
 .bss.monitor_stdout
                0x00000000200001e8        0x4 /Users/jhg/toolchain-gcc-arm-none-eabi-4_7-2012q4-20121208-mac/bin/../lib/gcc/arm-none-eabi/4.7.3/../../../../arm-none-eabi/lib/armv7-m/librdimon.a(rdimon-syscalls.o)
 .bss.monitor_stdin
                0x00000000200001ec        0x4 /Users/jhg/toolchain-gcc-arm-none-eabi-4_7-2012q4-20121208-mac/bin/../lib/gcc/arm-none-eabi/4.7.3/../../../../arm-none-eabi/lib/armv7-m/librdimon.a(rdimon-syscalls.o)
 .bss.monitor_stderr
                0x00000000200001f0        0x4 /Users/jhg/toolchain-gcc-arm-none-eabi-4_7-2012q4-20121208-mac/bin/../lib/gcc/arm-none-eabi/4.7.3/../../../../arm-none-eabi/lib/armv7-m/librdimon.a(rdimon-syscalls.o)
 .bss.heap_end.5738
                0x00000000200001f4        0x4 /Users/jhg/toolchain-gcc-arm-none-eabi-4_7-2012q4-20121208-mac/bin/../lib/gcc/arm-none-eabi/4.7.3/../../../../arm-none-eabi/lib/armv7-m/librdimon.a(rdimon-syscalls.o)
 .bss.openfiles
                0x00000000200001f8       0xa0 /Users/jhg/toolchain-gcc-arm-none-eabi-4_7-2012q4-20121208-mac/bin/../lib/gcc/arm-none-eabi/4.7.3/../../../../arm-none-eabi/lib/armv7-m/librdimon.a(rdimon-syscalls.o)
 *(COMMON)
 COMMON         0x0000000020000298        0x4 /Users/jhg/toolchain-gcc-arm-none-eabi-4_7-2012q4-20121208-mac/bin/../lib/gcc/arm-none-eabi/4.7.3/../../../../arm-none-eabi/lib/armv7-m/libc_s.a(lib_a-reent.o)
                0x0000000020000298                errno
                0x000000002000029c                . = ALIGN (0x4)
                0x000000002000029c                __bss_end__ = .

.heap           0x00000000200002a0        0x0
                0x00000000200002a0                __end__ = .
                0x00000000200002a0                end = __end__
 *(.heap*)
 .heap          0x00000000200002a0        0x0 /var/folders/9p/g7b6_1dj0nqcnns28dc_lp_w0000gn/T//cclV83xG.o
                0x00000000200002a0                __HeapLimit = .

.stack_dummy    0x00000000200002a0      0xc00
 *(.stack*)
 .stack         0x00000000200002a0      0xc00 /var/folders/9p/g7b6_1dj0nqcnns28dc_lp_w0000gn/T//cclV83xG.o
                0x0000000020010000                __StackTop = (ORIGIN (RAM) + 0x10000)
                0x000000002000f400                __StackLimit = (__StackTop - SIZEOF (.stack_dummy))
                0x0000000020010000                PROVIDE (__stack, __StackTop)
                0x0000000000000001                ASSERT ((__StackLimit >= __HeapLimit), region RAM overflowed with stack)
OUTPUT(fpout-CM3.axf elf32-littlearm)

.ARM.attributes
                0x0000000000000000       0x29
 .ARM.attributes
                0x0000000000000000       0x1d /Users/jhg/toolchain-gcc-arm-none-eabi-4_7-2012q4-20121208-mac/bin/../lib/gcc/arm-none-eabi/4.7.3/armv7-m/crti.o
 .ARM.attributes
                0x000000000000001d       0x2d /Users/jhg/toolchain-gcc-arm-none-eabi-4_7-2012q4-20121208-mac/bin/../lib/gcc/arm-none-eabi/4.7.3/armv7-m/crtbegin.o
 .ARM.attributes
                0x000000000000004a       0x1b /Users/jhg/toolchain-gcc-arm-none-eabi-4_7-2012q4-20121208-mac/bin/../lib/gcc/arm-none-eabi/4.7.3/../../../../arm-none-eabi/lib/armv7-m/rdimon-crt0.o
 .ARM.attributes
                0x0000000000000065       0x33 /var/folders/9p/g7b6_1dj0nqcnns28dc_lp_w0000gn/T//ccJSGhpM.o
 .ARM.attributes
                0x0000000000000098       0x1b /var/folders/9p/g7b6_1dj0nqcnns28dc_lp_w0000gn/T//cclV83xG.o
 .ARM.attributes
                0x00000000000000b3       0x2d /Users/jhg/toolchain-gcc-arm-none-eabi-4_7-2012q4-20121208-mac/bin/../lib/gcc/arm-none-eabi/4.7.3/../../../../arm-none-eabi/lib/armv7-m/libc_s.a(lib_a-__atexit2.o)
 .ARM.attributes
                0x00000000000000e0       0x2d /Users/jhg/toolchain-gcc-arm-none-eabi-4_7-2012q4-20121208-mac/bin/../lib/gcc/arm-none-eabi/4.7.3/../../../../arm-none-eabi/lib/armv7-m/libc_s.a(lib_a-exit.o)
 .ARM.attributes
                0x000000000000010d       0x2d /Users/jhg/toolchain-gcc-arm-none-eabi-4_7-2012q4-20121208-mac/bin/../lib/gcc/arm-none-eabi/4.7.3/../../../../arm-none-eabi/lib/armv7-m/libc_s.a(lib_a-fini.o)
 .ARM.attributes
                0x000000000000013a       0x2d /Users/jhg/toolchain-gcc-arm-none-eabi-4_7-2012q4-20121208-mac/bin/../lib/gcc/arm-none-eabi/4.7.3/../../../../arm-none-eabi/lib/armv7-m/libc_s.a(lib_a-impure.o)
 .ARM.attributes
                0x0000000000000167       0x2d /Users/jhg/toolchain-gcc-arm-none-eabi-4_7-2012q4-20121208-mac/bin/../lib/gcc/arm-none-eabi/4.7.3/../../../../arm-none-eabi/lib/armv7-m/libc_s.a(lib_a-init.o)
 .ARM.attributes
                0x0000000000000194       0x2d /Users/jhg/toolchain-gcc-arm-none-eabi-4_7-2012q4-20121208-mac/bin/../lib/gcc/arm-none-eabi/4.7.3/../../../../arm-none-eabi/lib/armv7-m/libc_s.a(lib_a-memset.o)
 .ARM.attributes
                0x00000000000001c1       0x2d /Users/jhg/toolchain-gcc-arm-none-eabi-4_7-2012q4-20121208-mac/bin/../lib/gcc/arm-none-eabi/4.7.3/../../../../arm-none-eabi/lib/armv7-m/libc_s.a(lib_a-printf.o)
 .ARM.attributes
                0x00000000000001ee       0x2d /Users/jhg/toolchain-gcc-arm-none-eabi-4_7-2012q4-20121208-mac/bin/../lib/gcc/arm-none-eabi/4.7.3/../../../../arm-none-eabi/lib/armv7-m/libc_s.a(lib_a-vfprintf.o)
 .ARM.attributes
                0x000000000000021b       0x2d /Users/jhg/toolchain-gcc-arm-none-eabi-4_7-2012q4-20121208-mac/bin/../lib/gcc/arm-none-eabi/4.7.3/../../../../arm-none-eabi/lib/armv7-m/libc_s.a(lib_a-vfprintf_float.o)
 .ARM.attributes
                0x0000000000000248       0x2d /Users/jhg/toolchain-gcc-arm-none-eabi-4_7-2012q4-20121208-mac/bin/../lib/gcc/arm-none-eabi/4.7.3/../../../../arm-none-eabi/lib/armv7-m/libc_s.a(lib_a-vfprintf_i.o)
 .ARM.attributes
                0x0000000000000275       0x2d /Users/jhg/toolchain-gcc-arm-none-eabi-4_7-2012q4-20121208-mac/bin/../lib/gcc/arm-none-eabi/4.7.3/../../../../arm-none-eabi/lib/armv7-m/libc_s.a(lib_a-wbuf.o)
 .ARM.attributes
                0x00000000000002a2       0x2d /Users/jhg/toolchain-gcc-arm-none-eabi-4_7-2012q4-20121208-mac/bin/../lib/gcc/arm-none-eabi/4.7.3/../../../../arm-none-eabi/lib/armv7-m/libc_s.a(lib_a-wsetup.o)
 .ARM.attributes
                0x00000000000002cf       0x2d /Users/jhg/toolchain-gcc-arm-none-eabi-4_7-2012q4-20121208-mac/bin/../lib/gcc/arm-none-eabi/4.7.3/../../../../arm-none-eabi/lib/armv7-m/libc_s.a(lib_a-dtoa.o)
 .ARM.attributes
                0x00000000000002fc       0x2d /Users/jhg/toolchain-gcc-arm-none-eabi-4_7-2012q4-20121208-mac/bin/../lib/gcc/arm-none-eabi/4.7.3/../../../../arm-none-eabi/lib/armv7-m/libc_s.a(lib_a-fflush.o)
 .ARM.attributes
                0x0000000000000329       0x2d /Users/jhg/toolchain-gcc-arm-none-eabi-4_7-2012q4-20121208-mac/bin/../lib/gcc/arm-none-eabi/4.7.3/../../../../arm-none-eabi/lib/armv7-m/libc_s.a(lib_a-findfp.o)
 .ARM.attributes
                0x0000000000000356       0x2d /Users/jhg/toolchain-gcc-arm-none-eabi-4_7-2012q4-20121208-mac/bin/../lib/gcc/arm-none-eabi/4.7.3/../../../../arm-none-eabi/lib/armv7-m/libc_s.a(lib_a-freer.o)
 .ARM.attributes
                0x0000000000000383       0x2d /Users/jhg/toolchain-gcc-arm-none-eabi-4_7-2012q4-20121208-mac/bin/../lib/gcc/arm-none-eabi/4.7.3/../../../../arm-none-eabi/lib/armv7-m/libc_s.a(lib_a-locale.o)
 .ARM.attributes
                0x00000000000003b0       0x2d /Users/jhg/toolchain-gcc-arm-none-eabi-4_7-2012q4-20121208-mac/bin/../lib/gcc/arm-none-eabi/4.7.3/../../../../arm-none-eabi/lib/armv7-m/libc_s.a(lib_a-makebuf.o)
 .ARM.attributes
                0x00000000000003dd       0x2d /Users/jhg/toolchain-gcc-arm-none-eabi-4_7-2012q4-20121208-mac/bin/../lib/gcc/arm-none-eabi/4.7.3/../../../../arm-none-eabi/lib/armv7-m/libc_s.a(lib_a-malloc.o)
 .ARM.attributes
                0x000000000000040a       0x2d /Users/jhg/toolchain-gcc-arm-none-eabi-4_7-2012q4-20121208-mac/bin/../lib/gcc/arm-none-eabi/4.7.3/../../../../arm-none-eabi/lib/armv7-m/libc_s.a(lib_a-mallocr.o)
 .ARM.attributes
                0x0000000000000437       0x2d /Users/jhg/toolchain-gcc-arm-none-eabi-4_7-2012q4-20121208-mac/bin/../lib/gcc/arm-none-eabi/4.7.3/../../../../arm-none-eabi/lib/armv7-m/libc_s.a(lib_a-memchr.o)
 .ARM.attributes
                0x0000000000000464       0x2d /Users/jhg/toolchain-gcc-arm-none-eabi-4_7-2012q4-20121208-mac/bin/../lib/gcc/arm-none-eabi/4.7.3/../../../../arm-none-eabi/lib/armv7-m/libc_s.a(lib_a-memcpy.o)
 .ARM.attributes
                0x0000000000000491       0x2d /Users/jhg/toolchain-gcc-arm-none-eabi-4_7-2012q4-20121208-mac/bin/../lib/gcc/arm-none-eabi/4.7.3/../../../../arm-none-eabi/lib/armv7-m/libc_s.a(lib_a-mprec.o)
 .ARM.attributes
                0x00000000000004be       0x2d /Users/jhg/toolchain-gcc-arm-none-eabi-4_7-2012q4-20121208-mac/bin/../lib/gcc/arm-none-eabi/4.7.3/../../../../arm-none-eabi/lib/armv7-m/libc_s.a(lib_a-s_fpclassify.o)
 .ARM.attributes
                0x00000000000004eb       0x2d /Users/jhg/toolchain-gcc-arm-none-eabi-4_7-2012q4-20121208-mac/bin/../lib/gcc/arm-none-eabi/4.7.3/../../../../arm-none-eabi/lib/armv7-m/libc_s.a(lib_a-sbrkr.o)
 .ARM.attributes
                0x0000000000000518       0x2d /Users/jhg/toolchain-gcc-arm-none-eabi-4_7-2012q4-20121208-mac/bin/../lib/gcc/arm-none-eabi/4.7.3/../../../../arm-none-eabi/lib/armv7-m/libc_s.a(lib_a-stdio.o)
 .ARM.attributes
                0x0000000000000545       0x2d /Users/jhg/toolchain-gcc-arm-none-eabi-4_7-2012q4-20121208-mac/bin/../lib/gcc/arm-none-eabi/4.7.3/../../../../arm-none-eabi/lib/armv7-m/libc_s.a(lib_a-strlen.o)
 .ARM.attributes
                0x0000000000000572       0x2d /Users/jhg/toolchain-gcc-arm-none-eabi-4_7-2012q4-20121208-mac/bin/../lib/gcc/arm-none-eabi/4.7.3/../../../../arm-none-eabi/lib/armv7-m/libc_s.a(lib_a-writer.o)
 .ARM.attributes
                0x000000000000059f       0x2d /Users/jhg/toolchain-gcc-arm-none-eabi-4_7-2012q4-20121208-mac/bin/../lib/gcc/arm-none-eabi/4.7.3/../../../../arm-none-eabi/lib/armv7-m/libc_s.a(lib_a-callocr.o)
 .ARM.attributes
                0x00000000000005cc       0x2d /Users/jhg/toolchain-gcc-arm-none-eabi-4_7-2012q4-20121208-mac/bin/../lib/gcc/arm-none-eabi/4.7.3/../../../../arm-none-eabi/lib/armv7-m/libc_s.a(lib_a-closer.o)
 .ARM.attributes
                0x00000000000005f9       0x2d /Users/jhg/toolchain-gcc-arm-none-eabi-4_7-2012q4-20121208-mac/bin/../lib/gcc/arm-none-eabi/4.7.3/../../../../arm-none-eabi/lib/armv7-m/libc_s.a(lib_a-fstatr.o)
 .ARM.attributes
                0x0000000000000626       0x2d /Users/jhg/toolchain-gcc-arm-none-eabi-4_7-2012q4-20121208-mac/bin/../lib/gcc/arm-none-eabi/4.7.3/../../../../arm-none-eabi/lib/armv7-m/libc_s.a(lib_a-isattyr.o)
 .ARM.attributes
                0x0000000000000653       0x2d /Users/jhg/toolchain-gcc-arm-none-eabi-4_7-2012q4-20121208-mac/bin/../lib/gcc/arm-none-eabi/4.7.3/../../../../arm-none-eabi/lib/armv7-m/libc_s.a(lib_a-lseekr.o)
 .ARM.attributes
                0x0000000000000680       0x2d /Users/jhg/toolchain-gcc-arm-none-eabi-4_7-2012q4-20121208-mac/bin/../lib/gcc/arm-none-eabi/4.7.3/../../../../arm-none-eabi/lib/armv7-m/libc_s.a(lib_a-readr.o)
 .ARM.attributes
                0x00000000000006ad       0x2d /Users/jhg/toolchain-gcc-arm-none-eabi-4_7-2012q4-20121208-mac/bin/../lib/gcc/arm-none-eabi/4.7.3/../../../../arm-none-eabi/lib/armv7-m/libc_s.a(lib_a-reent.o)
 .ARM.attributes
                0x00000000000006da       0x2d /Users/jhg/toolchain-gcc-arm-none-eabi-4_7-2012q4-20121208-mac/bin/../lib/gcc/arm-none-eabi/4.7.3/../../../../arm-none-eabi/lib/armv7-m/librdimon.a(rdimon-syscalls.o)
 .ARM.attributes
                0x0000000000000707       0x2d /Users/jhg/toolchain-gcc-arm-none-eabi-4_7-2012q4-20121208-mac/bin/../lib/gcc/arm-none-eabi/4.7.3/../../../../arm-none-eabi/lib/armv7-m/librdimon.a(rdimon-_exit.o)
 .ARM.attributes
                0x0000000000000734       0x2d /Users/jhg/toolchain-gcc-arm-none-eabi-4_7-2012q4-20121208-mac/bin/../lib/gcc/arm-none-eabi/4.7.3/../../../../arm-none-eabi/lib/armv7-m/librdimon.a(rdimon-_kill.o)
 .ARM.attributes
                0x0000000000000761       0x1d /Users/jhg/toolchain-gcc-arm-none-eabi-4_7-2012q4-20121208-mac/bin/../lib/gcc/arm-none-eabi/4.7.3/armv7-m/libgcc.a(_arm_addsubdf3.o)
 .ARM.attributes
                0x000000000000077e       0x1d /Users/jhg/toolchain-gcc-arm-none-eabi-4_7-2012q4-20121208-mac/bin/../lib/gcc/arm-none-eabi/4.7.3/armv7-m/libgcc.a(_arm_muldivdf3.o)
 .ARM.attributes
                0x000000000000079b       0x1d /Users/jhg/toolchain-gcc-arm-none-eabi-4_7-2012q4-20121208-mac/bin/../lib/gcc/arm-none-eabi/4.7.3/armv7-m/libgcc.a(_arm_cmpdf2.o)
 .ARM.attributes
                0x00000000000007b8       0x1d /Users/jhg/toolchain-gcc-arm-none-eabi-4_7-2012q4-20121208-mac/bin/../lib/gcc/arm-none-eabi/4.7.3/armv7-m/libgcc.a(_arm_fixdfsi.o)
 .ARM.attributes
                0x00000000000007d5       0x2d /Users/jhg/toolchain-gcc-arm-none-eabi-4_7-2012q4-20121208-mac/bin/../lib/gcc/arm-none-eabi/4.7.3/../../../../arm-none-eabi/lib/armv7-m/libc_s.a(lib_a-errno.o)
 .ARM.attributes
                0x0000000000000802       0x2d /Users/jhg/toolchain-gcc-arm-none-eabi-4_7-2012q4-20121208-mac/bin/../lib/gcc/arm-none-eabi/4.7.3/armv7-m/crtend.o
 .ARM.attributes
                0x000000000000082f       0x1d /Users/jhg/toolchain-gcc-arm-none-eabi-4_7-2012q4-20121208-mac/bin/../lib/gcc/arm-none-eabi/4.7.3/armv7-m/crtn.o

.comment        0x0000000000000000       0x70
 .comment       0x0000000000000000       0x70 /var/folders/9p/g7b6_1dj0nqcnns28dc_lp_w0000gn/T//ccJSGhpM.o
                                         0x71 (size before relaxing)

.debug_frame    0x0000000000000000      0xe94
 .debug_frame   0x0000000000000000       0x28 /Users/jhg/toolchain-gcc-arm-none-eabi-4_7-2012q4-20121208-mac/bin/../lib/gcc/arm-none-eabi/4.7.3/../../../../arm-none-eabi/lib/armv7-m/libc_s.a(lib_a-__atexit2.o)
 .debug_frame   0x0000000000000028       0x28 /Users/jhg/toolchain-gcc-arm-none-eabi-4_7-2012q4-20121208-mac/bin/../lib/gcc/arm-none-eabi/4.7.3/../../../../arm-none-eabi/lib/armv7-m/libc_s.a(lib_a-exit.o)
 .debug_frame   0x0000000000000050       0x2c /Users/jhg/toolchain-gcc-arm-none-eabi-4_7-2012q4-20121208-mac/bin/../lib/gcc/arm-none-eabi/4.7.3/../../../../arm-none-eabi/lib/armv7-m/libc_s.a(lib_a-fini.o)
 .debug_frame   0x000000000000007c       0x2c /Users/jhg/toolchain-gcc-arm-none-eabi-4_7-2012q4-20121208-mac/bin/../lib/gcc/arm-none-eabi/4.7.3/../../../../arm-none-eabi/lib/armv7-m/libc_s.a(lib_a-init.o)
 .debug_frame   0x00000000000000a8       0x20 /Users/jhg/toolchain-gcc-arm-none-eabi-4_7-2012q4-20121208-mac/bin/../lib/gcc/arm-none-eabi/4.7.3/../../../../arm-none-eabi/lib/armv7-m/libc_s.a(lib_a-memset.o)
 .debug_frame   0x00000000000000c8       0x60 /Users/jhg/toolchain-gcc-arm-none-eabi-4_7-2012q4-20121208-mac/bin/../lib/gcc/arm-none-eabi/4.7.3/../../../../arm-none-eabi/lib/armv7-m/libc_s.a(lib_a-printf.o)
 .debug_frame   0x0000000000000128       0x90 /Users/jhg/toolchain-gcc-arm-none-eabi-4_7-2012q4-20121208-mac/bin/../lib/gcc/arm-none-eabi/4.7.3/../../../../arm-none-eabi/lib/armv7-m/libc_s.a(lib_a-vfprintf.o)
 .debug_frame   0x00000000000001b8       0x80 /Users/jhg/toolchain-gcc-arm-none-eabi-4_7-2012q4-20121208-mac/bin/../lib/gcc/arm-none-eabi/4.7.3/../../../../arm-none-eabi/lib/armv7-m/libc_s.a(lib_a-vfprintf_float.o)
 .debug_frame   0x0000000000000238       0x58 /Users/jhg/toolchain-gcc-arm-none-eabi-4_7-2012q4-20121208-mac/bin/../lib/gcc/arm-none-eabi/4.7.3/../../../../arm-none-eabi/lib/armv7-m/libc_s.a(lib_a-vfprintf_i.o)
 .debug_frame   0x0000000000000290       0x3c /Users/jhg/toolchain-gcc-arm-none-eabi-4_7-2012q4-20121208-mac/bin/../lib/gcc/arm-none-eabi/4.7.3/../../../../arm-none-eabi/lib/armv7-m/libc_s.a(lib_a-wbuf.o)
 .debug_frame   0x00000000000002cc       0x2c /Users/jhg/toolchain-gcc-arm-none-eabi-4_7-2012q4-20121208-mac/bin/../lib/gcc/arm-none-eabi/4.7.3/../../../../arm-none-eabi/lib/armv7-m/libc_s.a(lib_a-wsetup.o)
 .debug_frame   0x00000000000002f8       0x68 /Users/jhg/toolchain-gcc-arm-none-eabi-4_7-2012q4-20121208-mac/bin/../lib/gcc/arm-none-eabi/4.7.3/../../../../arm-none-eabi/lib/armv7-m/libc_s.a(lib_a-dtoa.o)
 .debug_frame   0x0000000000000360       0x40 /Users/jhg/toolchain-gcc-arm-none-eabi-4_7-2012q4-20121208-mac/bin/../lib/gcc/arm-none-eabi/4.7.3/../../../../arm-none-eabi/lib/armv7-m/libc_s.a(lib_a-fflush.o)
 .debug_frame   0x00000000000003a0      0x130 /Users/jhg/toolchain-gcc-arm-none-eabi-4_7-2012q4-20121208-mac/bin/../lib/gcc/arm-none-eabi/4.7.3/../../../../arm-none-eabi/lib/armv7-m/libc_s.a(lib_a-findfp.o)
 .debug_frame   0x00000000000004d0       0x2c /Users/jhg/toolchain-gcc-arm-none-eabi-4_7-2012q4-20121208-mac/bin/../lib/gcc/arm-none-eabi/4.7.3/../../../../arm-none-eabi/lib/armv7-m/libc_s.a(lib_a-freer.o)
 .debug_frame   0x00000000000004fc       0x98 /Users/jhg/toolchain-gcc-arm-none-eabi-4_7-2012q4-20121208-mac/bin/../lib/gcc/arm-none-eabi/4.7.3/../../../../arm-none-eabi/lib/armv7-m/libc_s.a(lib_a-locale.o)
 .debug_frame   0x0000000000000594       0x30 /Users/jhg/toolchain-gcc-arm-none-eabi-4_7-2012q4-20121208-mac/bin/../lib/gcc/arm-none-eabi/4.7.3/../../../../arm-none-eabi/lib/armv7-m/libc_s.a(lib_a-makebuf.o)
 .debug_frame   0x00000000000005c4       0x30 /Users/jhg/toolchain-gcc-arm-none-eabi-4_7-2012q4-20121208-mac/bin/../lib/gcc/arm-none-eabi/4.7.3/../../../../arm-none-eabi/lib/armv7-m/libc_s.a(lib_a-malloc.o)
 .debug_frame   0x00000000000005f4       0x2c /Users/jhg/toolchain-gcc-arm-none-eabi-4_7-2012q4-20121208-mac/bin/../lib/gcc/arm-none-eabi/4.7.3/../../../../arm-none-eabi/lib/armv7-m/libc_s.a(lib_a-mallocr.o)
 .debug_frame   0x0000000000000620       0x28 /Users/jhg/toolchain-gcc-arm-none-eabi-4_7-2012q4-20121208-mac/bin/../lib/gcc/arm-none-eabi/4.7.3/../../../../arm-none-eabi/lib/armv7-m/libc_s.a(lib_a-memchr.o)
 .debug_frame   0x0000000000000648       0x28 /Users/jhg/toolchain-gcc-arm-none-eabi-4_7-2012q4-20121208-mac/bin/../lib/gcc/arm-none-eabi/4.7.3/../../../../arm-none-eabi/lib/armv7-m/libc_s.a(lib_a-memcpy.o)
 .debug_frame   0x0000000000000670      0x23c /Users/jhg/toolchain-gcc-arm-none-eabi-4_7-2012q4-20121208-mac/bin/../lib/gcc/arm-none-eabi/4.7.3/../../../../arm-none-eabi/lib/armv7-m/libc_s.a(lib_a-mprec.o)
 .debug_frame   0x00000000000008ac       0x20 /Users/jhg/toolchain-gcc-arm-none-eabi-4_7-2012q4-20121208-mac/bin/../lib/gcc/arm-none-eabi/4.7.3/../../../../arm-none-eabi/lib/armv7-m/libc_s.a(lib_a-s_fpclassify.o)
 .debug_frame   0x00000000000008cc       0x2c /Users/jhg/toolchain-gcc-arm-none-eabi-4_7-2012q4-20121208-mac/bin/../lib/gcc/arm-none-eabi/4.7.3/../../../../arm-none-eabi/lib/armv7-m/libc_s.a(lib_a-sbrkr.o)
 .debug_frame   0x00000000000008f8       0x80 /Users/jhg/toolchain-gcc-arm-none-eabi-4_7-2012q4-20121208-mac/bin/../lib/gcc/arm-none-eabi/4.7.3/../../../../arm-none-eabi/lib/armv7-m/libc_s.a(lib_a-stdio.o)
 .debug_frame   0x0000000000000978       0x20 /Users/jhg/toolchain-gcc-arm-none-eabi-4_7-2012q4-20121208-mac/bin/../lib/gcc/arm-none-eabi/4.7.3/../../../../arm-none-eabi/lib/armv7-m/libc_s.a(lib_a-strlen.o)
 .debug_frame   0x0000000000000998       0x2c /Users/jhg/toolchain-gcc-arm-none-eabi-4_7-2012q4-20121208-mac/bin/../lib/gcc/arm-none-eabi/4.7.3/../../../../arm-none-eabi/lib/armv7-m/libc_s.a(lib_a-writer.o)
 .debug_frame   0x00000000000009c4       0x2c /Users/jhg/toolchain-gcc-arm-none-eabi-4_7-2012q4-20121208-mac/bin/../lib/gcc/arm-none-eabi/4.7.3/../../../../arm-none-eabi/lib/armv7-m/libc_s.a(lib_a-callocr.o)
 .debug_frame   0x00000000000009f0       0x2c /Users/jhg/toolchain-gcc-arm-none-eabi-4_7-2012q4-20121208-mac/bin/../lib/gcc/arm-none-eabi/4.7.3/../../../../arm-none-eabi/lib/armv7-m/libc_s.a(lib_a-closer.o)
 .debug_frame   0x0000000000000a1c       0x2c /Users/jhg/toolchain-gcc-arm-none-eabi-4_7-2012q4-20121208-mac/bin/../lib/gcc/arm-none-eabi/4.7.3/../../../../arm-none-eabi/lib/armv7-m/libc_s.a(lib_a-fstatr.o)
 .debug_frame   0x0000000000000a48       0x2c /Users/jhg/toolchain-gcc-arm-none-eabi-4_7-2012q4-20121208-mac/bin/../lib/gcc/arm-none-eabi/4.7.3/../../../../arm-none-eabi/lib/armv7-m/libc_s.a(lib_a-isattyr.o)
 .debug_frame   0x0000000000000a74       0x2c /Users/jhg/toolchain-gcc-arm-none-eabi-4_7-2012q4-20121208-mac/bin/../lib/gcc/arm-none-eabi/4.7.3/../../../../arm-none-eabi/lib/armv7-m/libc_s.a(lib_a-lseekr.o)
 .debug_frame   0x0000000000000aa0       0x2c /Users/jhg/toolchain-gcc-arm-none-eabi-4_7-2012q4-20121208-mac/bin/../lib/gcc/arm-none-eabi/4.7.3/../../../../arm-none-eabi/lib/armv7-m/libc_s.a(lib_a-readr.o)
 .debug_frame   0x0000000000000acc       0x64 /Users/jhg/toolchain-gcc-arm-none-eabi-4_7-2012q4-20121208-mac/bin/../lib/gcc/arm-none-eabi/4.7.3/../../../../arm-none-eabi/lib/armv7-m/libc_s.a(lib_a-reent.o)
 .debug_frame   0x0000000000000b30      0x2f8 /Users/jhg/toolchain-gcc-arm-none-eabi-4_7-2012q4-20121208-mac/bin/../lib/gcc/arm-none-eabi/4.7.3/../../../../arm-none-eabi/lib/armv7-m/librdimon.a(rdimon-syscalls.o)
 .debug_frame   0x0000000000000e28       0x20 /Users/jhg/toolchain-gcc-arm-none-eabi-4_7-2012q4-20121208-mac/bin/../lib/gcc/arm-none-eabi/4.7.3/../../../../arm-none-eabi/lib/armv7-m/librdimon.a(rdimon-_exit.o)
 .debug_frame   0x0000000000000e48       0x2c /Users/jhg/toolchain-gcc-arm-none-eabi-4_7-2012q4-20121208-mac/bin/../lib/gcc/arm-none-eabi/4.7.3/../../../../arm-none-eabi/lib/armv7-m/librdimon.a(rdimon-_kill.o)
 .debug_frame   0x0000000000000e74       0x20 /Users/jhg/toolchain-gcc-arm-none-eabi-4_7-2012q4-20121208-mac/bin/../lib/gcc/arm-none-eabi/4.7.3/../../../../arm-none-eabi/lib/armv7-m/libc_s.a(lib_a-errno.o)
