Archive member included because of file (symbol)

/Users/jhg/toolchain-gcc-arm-none-eabi-4_7-2012q4-20121208-mac/bin/../lib/gcc/arm-none-eabi/4.7.3/../../../../arm-none-eabi/lib/armv7-m/libc_s.a(lib_a-__atexit2.o)
                              /Users/jhg/toolchain-gcc-arm-none-eabi-4_7-2012q4-20121208-mac/bin/../lib/gcc/arm-none-eabi/4.7.3/../../../../arm-none-eabi/lib/armv7-m/rdimon-crt0.o (__register_exitproc)
/Users/jhg/toolchain-gcc-arm-none-eabi-4_7-2012q4-20121208-mac/bin/../lib/gcc/arm-none-eabi/4.7.3/../../../../arm-none-eabi/lib/armv7-m/libc_s.a(lib_a-exit.o)
                              /Users/jhg/toolchain-gcc-arm-none-eabi-4_7-2012q4-20121208-mac/bin/../lib/gcc/arm-none-eabi/4.7.3/../../../../arm-none-eabi/lib/armv7-m/rdimon-crt0.o (exit)
/Users/jhg/toolchain-gcc-arm-none-eabi-4_7-2012q4-20121208-mac/bin/../lib/gcc/arm-none-eabi/4.7.3/../../../../arm-none-eabi/lib/armv7-m/libc_s.a(lib_a-fini.o)
                              /Users/jhg/toolchain-gcc-arm-none-eabi-4_7-2012q4-20121208-mac/bin/../lib/gcc/arm-none-eabi/4.7.3/../../../../arm-none-eabi/lib/armv7-m/rdimon-crt0.o (__libc_fini_array)
/Users/jhg/toolchain-gcc-arm-none-eabi-4_7-2012q4-20121208-mac/bin/../lib/gcc/arm-none-eabi/4.7.3/../../../../arm-none-eabi/lib/armv7-m/libc_s.a(lib_a-impure.o)
                              /Users/jhg/toolchain-gcc-arm-none-eabi-4_7-2012q4-20121208-mac/bin/../lib/gcc/arm-none-eabi/4.7.3/../../../../arm-none-eabi/lib/armv7-m/libc_s.a(lib_a-exit.o) (_global_impure_ptr)
/Users/jhg/toolchain-gcc-arm-none-eabi-4_7-2012q4-20121208-mac/bin/../lib/gcc/arm-none-eabi/4.7.3/../../../../arm-none-eabi/lib/armv7-m/libc_s.a(lib_a-init.o)
                              /Users/jhg/toolchain-gcc-arm-none-eabi-4_7-2012q4-20121208-mac/bin/../lib/gcc/arm-none-eabi/4.7.3/../../../../arm-none-eabi/lib/armv7-m/rdimon-crt0.o (__libc_init_array)
/Users/jhg/toolchain-gcc-arm-none-eabi-4_7-2012q4-20121208-mac/bin/../lib/gcc/arm-none-eabi/4.7.3/../../../../arm-none-eabi/lib/armv7-m/libc_s.a(lib_a-memset.o)
                              /Users/jhg/toolchain-gcc-arm-none-eabi-4_7-2012q4-20121208-mac/bin/../lib/gcc/arm-none-eabi/4.7.3/../../../../arm-none-eabi/lib/armv7-m/rdimon-crt0.o (memset)
/Users/jhg/toolchain-gcc-arm-none-eabi-4_7-2012q4-20121208-mac/bin/../lib/gcc/arm-none-eabi/4.7.3/../../../../arm-none-eabi/lib/armv7-m/libc_s.a(lib_a-printf.o)
                              /var/folders/9p/g7b6_1dj0nqcnns28dc_lp_w0000gn/T//cczdEdaO.o (printf)
/Users/jhg/toolchain-gcc-arm-none-eabi-4_7-2012q4-20121208-mac/bin/../lib/gcc/arm-none-eabi/4.7.3/../../../../arm-none-eabi/lib/armv7-m/libc_s.a(lib_a-sscanf.o)
                              /var/folders/9p/g7b6_1dj0nqcnns28dc_lp_w0000gn/T//cczdEdaO.o (sscanf)
/Users/jhg/toolchain-gcc-arm-none-eabi-4_7-2012q4-20121208-mac/bin/../lib/gcc/arm-none-eabi/4.7.3/../../../../arm-none-eabi/lib/armv7-m/libc_s.a(lib_a-stdio.o)
                              /Users/jhg/toolchain-gcc-arm-none-eabi-4_7-2012q4-20121208-mac/bin/../lib/gcc/arm-none-eabi/4.7.3/../../../../arm-none-eabi/lib/armv7-m/libc_s.a(lib_a-sscanf.o) (__seofread)
/Users/jhg/toolchain-gcc-arm-none-eabi-4_7-2012q4-20121208-mac/bin/../lib/gcc/arm-none-eabi/4.7.3/../../../../arm-none-eabi/lib/armv7-m/libc_s.a(lib_a-strlen.o)
                              /Users/jhg/toolchain-gcc-arm-none-eabi-4_7-2012q4-20121208-mac/bin/../lib/gcc/arm-none-eabi/4.7.3/../../../../arm-none-eabi/lib/armv7-m/libc_s.a(lib_a-sscanf.o) (strlen)
/Users/jhg/toolchain-gcc-arm-none-eabi-4_7-2012q4-20121208-mac/bin/../lib/gcc/arm-none-eabi/4.7.3/../../../../arm-none-eabi/lib/armv7-m/libc_s.a(lib_a-svfscanf.o)
                              /Users/jhg/toolchain-gcc-arm-none-eabi-4_7-2012q4-20121208-mac/bin/../lib/gcc/arm-none-eabi/4.7.3/../../../../arm-none-eabi/lib/armv7-m/libc_s.a(lib_a-sscanf.o) (__ssvfscanf_r)
/Users/jhg/toolchain-gcc-arm-none-eabi-4_7-2012q4-20121208-mac/bin/../lib/gcc/arm-none-eabi/4.7.3/../../../../arm-none-eabi/lib/armv7-m/libc_s.a(lib_a-ungetc.o)
                              /Users/jhg/toolchain-gcc-arm-none-eabi-4_7-2012q4-20121208-mac/bin/../lib/gcc/arm-none-eabi/4.7.3/../../../../arm-none-eabi/lib/armv7-m/libc_s.a(lib_a-svfscanf.o) (__submore)
/Users/jhg/toolchain-gcc-arm-none-eabi-4_7-2012q4-20121208-mac/bin/../lib/gcc/arm-none-eabi/4.7.3/../../../../arm-none-eabi/lib/armv7-m/libc_s.a(lib_a-vfprintf.o)
                              /Users/jhg/toolchain-gcc-arm-none-eabi-4_7-2012q4-20121208-mac/bin/../lib/gcc/arm-none-eabi/4.7.3/../../../../arm-none-eabi/lib/armv7-m/libc_s.a(lib_a-printf.o) (_vfprintf_r)
/Users/jhg/toolchain-gcc-arm-none-eabi-4_7-2012q4-20121208-mac/bin/../lib/gcc/arm-none-eabi/4.7.3/../../../../arm-none-eabi/lib/armv7-m/libc_s.a(lib_a-vfprintf_float.o)
                              (_printf_float)
/Users/jhg/toolchain-gcc-arm-none-eabi-4_7-2012q4-20121208-mac/bin/../lib/gcc/arm-none-eabi/4.7.3/../../../../arm-none-eabi/lib/armv7-m/libc_s.a(lib_a-vfprintf_i.o)
[...]
Memory Configuration

Name             Origin             Length             Attributes
FLASH            0x0000000008000000 0x0000000000020000 xr
RAM              0x0000000020000000 0x0000000000010000 xrw
*default*        0x0000000000000000 0xffffffffffffffff

Linker script and memory map

LOAD /Users/jhg/toolchain-gcc-arm-none-eabi-4_7-2012q4-20121208-mac/bin/../lib/gcc/arm-none-eabi/4.7.3/../../../../arm-none-eabi/lib/armv7-m/librdimon.a
LOAD /Users/jhg/toolchain-gcc-arm-none-eabi-4_7-2012q4-20121208-mac/bin/../lib/gcc/arm-none-eabi/4.7.3/armv7-m/crti.o
LOAD /Users/jhg/toolchain-gcc-arm-none-eabi-4_7-2012q4-20121208-mac/bin/../lib/gcc/arm-none-eabi/4.7.3/armv7-m/crtbegin.o
LOAD /Users/jhg/toolchain-gcc-arm-none-eabi-4_7-2012q4-20121208-mac/bin/../lib/gcc/arm-none-eabi/4.7.3/../../../../arm-none-eabi/lib/armv7-m/rdimon-crt0.o
LOAD /var/folders/9p/g7b6_1dj0nqcnns28dc_lp_w0000gn/T//cczdEdaO.o
LOAD /var/folders/9p/g7b6_1dj0nqcnns28dc_lp_w0000gn/T//ccsD6hJz.o
LOAD /Users/jhg/toolchain-gcc-arm-none-eabi-4_7-2012q4-20121208-mac/bin/../lib/gcc/arm-none-eabi/4.7.3/../../../../arm-none-eabi/lib/armv7-m/libc_s.a
LOAD /Users/jhg/toolchain-gcc-arm-none-eabi-4_7-2012q4-20121208-mac/bin/../lib/gcc/arm-none-eabi/4.7.3/../../../../arm-none-eabi/lib/armv7-m/libc_s.a
LOAD /Users/jhg/toolchain-gcc-arm-none-eabi-4_7-2012q4-20121208-mac/bin/../lib/gcc/arm-none-eabi/4.7.3/../../../../arm-none-eabi/lib/armv7-m/librdimon.a
START GROUP
LOAD /Users/jhg/toolchain-gcc-arm-none-eabi-4_7-2012q4-20121208-mac/bin/../lib/gcc/arm-none-eabi/4.7.3/armv7-m/libgcc.a
LOAD /Users/jhg/toolchain-gcc-arm-none-eabi-4_7-2012q4-20121208-mac/bin/../lib/gcc/arm-none-eabi/4.7.3/../../../../arm-none-eabi/lib/armv7-m/libc_s.a
END GROUP
LOAD /Users/jhg/toolchain-gcc-arm-none-eabi-4_7-2012q4-20121208-mac/bin/../lib/gcc/arm-none-eabi/4.7.3/armv7-m/crtend.o
LOAD /Users/jhg/toolchain-gcc-arm-none-eabi-4_7-2012q4-20121208-mac/bin/../lib/gcc/arm-none-eabi/4.7.3/armv7-m/crtn.o

.text           0x0000000008000000     0x5e64
 *(.isr_vector)
 .isr_vector    0x0000000008000000       0x44 /var/folders/9p/g7b6_1dj0nqcnns28dc_lp_w0000gn/T//ccsD6hJz.o
                0x0000000008000000                __isr_vector
 *(.text*)
 .text          0x0000000008000044       0x54 /Users/jhg/toolchain-gcc-arm-none-eabi-4_7-2012q4-20121208-mac/bin/../lib/gcc/arm-none-eabi/4.7.3/armv7-m/crtbegin.o
 .text          0x0000000008000098       0xcc /Users/jhg/toolchain-gcc-arm-none-eabi-4_7-2012q4-20121208-mac/bin/../lib/gcc/arm-none-eabi/4.7.3/../../../../arm-none-eabi/lib/armv7-m/rdimon-crt0.o
                0x0000000008000098                _mainCRTStartup
                0x0000000008000098                _start
                0x0000000008000098                start
 .text.startup.main
                0x0000000008000164       0x40 /var/folders/9p/g7b6_1dj0nqcnns28dc_lp_w0000gn/T//cczdEdaO.o
                0x0000000008000164                main
 .text.SystemInit
                0x00000000080001a4        0x2 /var/folders/9p/g7b6_1dj0nqcnns28dc_lp_w0000gn/T//cczdEdaO.o
                0x00000000080001a4                SystemInit
 *fill*         0x00000000080001a6        0x2 00
 .text          0x00000000080001a8       0x3c /var/folders/9p/g7b6_1dj0nqcnns28dc_lp_w0000gn/T//ccsD6hJz.o
                0x00000000080001a8                Reset_Handler
                0x00000000080001d0                NMI_Handler
                0x00000000080001d2                HardFault_Handler
                0x00000000080001d4                MemManage_Handler
                0x00000000080001d6                BusFault_Handler
                0x00000000080001d8                UsageFault_Handler
                0x00000000080001da                SVC_Handler
                0x00000000080001dc                DebugMon_Handler
                0x00000000080001de                PendSV_Handler
                0x00000000080001e0                SysTick_Handler
                0x00000000080001e2                DEF_IRQHandler
                0x00000000080001e2                Default_Handler
 .text.__register_exitproc
                0x00000000080001e4       0x14 /Users/jhg/toolchain-gcc-arm-none-eabi-4_7-2012q4-20121208-mac/bin/../lib/gcc/arm-none-eabi/4.7.3/../../../../arm-none-eabi/lib/armv7-m/libc_s.a(lib_a-__atexit2.o)
                0x00000000080001e4                __register_exitproc
 .text.exit     0x00000000080001f8       0x2c /Users/jhg/toolchain-gcc-arm-none-eabi-4_7-2012q4-20121208-mac/bin/../lib/gcc/arm-none-eabi/4.7.3/../../../../arm-none-eabi/lib/armv7-m/libc_s.a(lib_a-exit.o)
                0x00000000080001f8                exit
 .text.__libc_fini_array
                0x0000000008000224       0x2c /Users/jhg/toolchain-gcc-arm-none-eabi-4_7-2012q4-20121208-mac/bin/../lib/gcc/arm-none-eabi/4.7.3/../../../../arm-none-eabi/lib/armv7-m/libc_s.a(lib_a-fini.o)
                0x0000000008000224                __libc_fini_array
 .text.__libc_init_array
                0x0000000008000250       0x4c /Users/jhg/toolchain-gcc-arm-none-eabi-4_7-2012q4-20121208-mac/bin/../lib/gcc/arm-none-eabi/4.7.3/../../../../arm-none-eabi/lib/armv7-m/libc_s.a(lib_a-init.o)
                0x0000000008000250                __libc_init_array
 .text.memset   0x000000000800029c       0x10 /Users/jhg/toolchain-gcc-arm-none-eabi-4_7-2012q4-20121208-mac/bin/../lib/gcc/arm-none-eabi/4.7.3/../../../../arm-none-eabi/lib/armv7-m/libc_s.a(lib_a-memset.o)
                0x000000000800029c                memset
 .text.printf   0x00000000080002ac       0x30 /Users/jhg/toolchain-gcc-arm-none-eabi-4_7-2012q4-20121208-mac/bin/../lib/gcc/arm-none-eabi/4.7.3/../../../../arm-none-eabi/lib/armv7-m/libc_s.a(lib_a-printf.o)
                0x00000000080002ac                printf
                0x00000000080002ac                iprintf
 .text.sscanf   0x00000000080002dc       0x54 /Users/jhg/toolchain-gcc-arm-none-eabi-4_7-2012q4-20121208-mac/bin/../lib/gcc/arm-none-eabi/4.7.3/../../../../arm-none-eabi/lib/armv7-m/libc_s.a(lib_a-sscanf.o)
                0x00000000080002dc                sscanf
                0x00000000080002dc                siscanf
 .text.__sread  0x0000000008000330       0x22 /Users/jhg/toolchain-gcc-arm-none-eabi-4_7-2012q4-20121208-mac/bin/../lib/gcc/arm-none-eabi/4.7.3/../../../../arm-none-eabi/lib/armv7-m/libc_s.a(lib_a-stdio.o)
                0x0000000008000330                __sread
 .text.__seofread
                0x0000000008000352        0x4 /Users/jhg/toolchain-gcc-arm-none-eabi-4_7-2012q4-20121208-mac/bin/../lib/gcc/arm-none-eabi/4.7.3/../../../../arm-none-eabi/lib/armv7-m/libc_s.a(lib_a-stdio.o)
                0x0000000008000352                __seofread
 .text.__swrite
                0x0000000008000356       0x3c /Users/jhg/toolchain-gcc-arm-none-eabi-4_7-2012q4-20121208-mac/bin/../lib/gcc/arm-none-eabi/4.7.3/../../../../arm-none-eabi/lib/armv7-m/libc_s.a(lib_a-stdio.o)
                0x0000000008000356                __swrite
 .text.__sseek  0x0000000008000392       0x24 /Users/jhg/toolchain-gcc-arm-none-eabi-4_7-2012q4-20121208-mac/bin/../lib/gcc/arm-none-eabi/4.7.3/../../../../arm-none-eabi/lib/armv7-m/libc_s.a(lib_a-stdio.o)
                0x0000000008000392                __sseek
 .text.__sclose
                0x00000000080003b6        0x8 /Users/jhg/toolchain-gcc-arm-none-eabi-4_7-2012q4-20121208-mac/bin/../lib/gcc/arm-none-eabi/4.7.3/../../../../arm-none-eabi/lib/armv7-m/libc_s.a(lib_a-stdio.o)
                0x00000000080003b6                __sclose
 .text.strlen   0x00000000080003be       0x10 /Users/jhg/toolchain-gcc-arm-none-eabi-4_7-2012q4-20121208-mac/bin/../lib/gcc/arm-none-eabi/4.7.3/../../../../arm-none-eabi/lib/armv7-m/libc_s.a(lib_a-strlen.o)
                0x00000000080003be                strlen
 .text._sungetc_r
                0x00000000080003ce       0x7a /Users/jhg/toolchain-gcc-arm-none-eabi-4_7-2012q4-20121208-mac/bin/../lib/gcc/arm-none-eabi/4.7.3/../../../../arm-none-eabi/lib/armv7-m/libc_s.a(lib_a-svfscanf.o)
                0x00000000080003ce                _sungetc_r
 .text.__ssrefill_r
                0x0000000008000448       0x3a /Users/jhg/toolchain-gcc-arm-none-eabi-4_7-2012q4-20121208-mac/bin/../lib/gcc/arm-none-eabi/4.7.3/../../../../arm-none-eabi/lib/armv7-m/libc_s.a(lib_a-svfscanf.o)
                0x0000000008000448                __ssrefill_r
 *fill*         0x0000000008000482        0x2 00
 .text.__ssvfscanf_r
                0x0000000008000484      0x2d0 /Users/jhg/toolchain-gcc-arm-none-eabi-4_7-2012q4-20121208-mac/bin/../lib/gcc/arm-none-eabi/4.7.3/../../../../arm-none-eabi/lib/armv7-m/libc_s.a(lib_a-svfscanf.o)
                0x0000000008000484                __ssvfscanf_r
                0x0000000008000484                __ssvfiscanf_r
 .text.__submore
                0x0000000008000754       0x76 /Users/jhg/toolchain-gcc-arm-none-eabi-4_7-2012q4-20121208-mac/bin/../lib/gcc/arm-none-eabi/4.7.3/../../../../arm-none-eabi/lib/armv7-m/libc_s.a(lib_a-ungetc.o)
                0x0000000008000754                __submore
 .text.__sfputc_r
                0x00000000080007ca       0x2c /Users/jhg/toolchain-gcc-arm-none-eabi-4_7-2012q4-20121208-mac/bin/../lib/gcc/arm-none-eabi/4.7.3/../../../../arm-none-eabi/lib/armv7-m/libc_s.a(lib_a-vfprintf.o)
                0x00000000080007ca                __sfputc_r
 *fill*         0x00000000080007f6        0x2 00
 .text._vfprintf_r
                0x00000000080007f8      0x22c /Users/jhg/toolchain-gcc-arm-none-eabi-4_7-2012q4-20121208-mac/bin/../lib/gcc/arm-none-eabi/4.7.3/../../../../arm-none-eabi/lib/armv7-m/libc_s.a(lib_a-vfprintf.o)
                0x00000000080007f8                _vfiprintf_r
                0x00000000080007f8                _vfprintf_r
 .text.__cvt    0x0000000008000a24       0xd2 /Users/jhg/toolchain-gcc-arm-none-eabi-4_7-2012q4-20121208-mac/bin/../lib/gcc/arm-none-eabi/4.7.3/../../../../arm-none-eabi/lib/armv7-m/libc_s.a(lib_a-vfprintf_float.o)
                0x0000000008000a24                __cvt
 .text.__exponent
                0x0000000008000af6       0x5e /Users/jhg/toolchain-gcc-arm-none-eabi-4_7-2012q4-20121208-mac/bin/../lib/gcc/arm-none-eabi/4.7.3/../../../../arm-none-eabi/lib/armv7-m/libc_s.a(lib_a-vfprintf_float.o)
                0x0000000008000af6                __exponent
 .text._printf_float
                0x0000000008000b54      0x4a4 /Users/jhg/toolchain-gcc-arm-none-eabi-4_7-2012q4-20121208-mac/bin/../lib/gcc/arm-none-eabi/4.7.3/../../../../arm-none-eabi/lib/armv7-m/libc_s.a(lib_a-vfprintf_float.o)
                0x0000000008000b54                _printf_float
 .text._printf_common
                0x0000000008000ff8       0xde /Users/jhg/toolchain-gcc-arm-none-eabi-4_7-2012q4-20121208-mac/bin/../lib/gcc/arm-none-eabi/4.7.3/../../../../arm-none-eabi/lib/armv7-m/libc_s.a(lib_a-vfprintf_i.o)
                0x0000000008000ff8                _printf_common
 *fill*         0x00000000080010d6        0x2 00
 .text._printf_i
                0x00000000080010d8      0x248 /Users/jhg/toolchain-gcc-arm-none-eabi-4_7-2012q4-20121208-mac/bin/../lib/gcc/arm-none-eabi/4.7.3/../../../../arm-none-eabi/lib/armv7-m/libc_s.a(lib_a-vfprintf_i.o)
                0x00000000080010d8                _printf_i
 .text._scanf_float
                0x0000000008001320      0x3b8 /Users/jhg/toolchain-gcc-arm-none-eabi-4_7-2012q4-20121208-mac/bin/../lib/gcc/arm-none-eabi/4.7.3/../../../../arm-none-eabi/lib/armv7-m/libc_s.a(lib_a-vfscanf_float.o)
                0x0000000008001320                _scanf_float
 .text._scanf_chars
                0x00000000080016d8       0xcc /Users/jhg/toolchain-gcc-arm-none-eabi-4_7-2012q4-20121208-mac/bin/../lib/gcc/arm-none-eabi/4.7.3/../../../../arm-none-eabi/lib/armv7-m/libc_s.a(lib_a-vfscanf_i.o)
                0x00000000080016d8                _scanf_chars
 .text._scanf_i
                0x00000000080017a4      0x1e4 /Users/jhg/toolchain-gcc-arm-none-eabi-4_7-2012q4-20121208-mac/bin/../lib/gcc/arm-none-eabi/4.7.3/../../../../arm-none-eabi/lib/armv7-m/libc_s.a(lib_a-vfscanf_i.o)
                0x00000000080017a4                _scanf_i
 .text.__swbuf_r
                0x0000000008001988       0xb4 /Users/jhg/toolchain-gcc-arm-none-eabi-4_7-2012q4-20121208-mac/bin/../lib/gcc/arm-none-eabi/4.7.3/../../../../arm-none-eabi/lib/armv7-m/libc_s.a(lib_a-wbuf.o)
                0x0000000008001988                __swbuf_r
 .text._write_r
                0x0000000008001a3c       0x24 /Users/jhg/toolchain-gcc-arm-none-eabi-4_7-2012q4-20121208-mac/bin/../lib/gcc/arm-none-eabi/4.7.3/../../../../arm-none-eabi/lib/armv7-m/libc_s.a(lib_a-writer.o)
                0x0000000008001a3c                _write_r
 .text.__swsetup_r
                0x0000000008001a60       0xec /Users/jhg/toolchain-gcc-arm-none-eabi-4_7-2012q4-20121208-mac/bin/../lib/gcc/arm-none-eabi/4.7.3/../../../../arm-none-eabi/lib/armv7-m/libc_s.a(lib_a-wsetup.o)
                0x0000000008001a60                __swsetup_r
 .text._close_r
                0x0000000008001b4c       0x20 /Users/jhg/toolchain-gcc-arm-none-eabi-4_7-2012q4-20121208-mac/bin/../lib/gcc/arm-none-eabi/4.7.3/../../../../arm-none-eabi/lib/armv7-m/libc_s.a(lib_a-closer.o)
                0x0000000008001b4c                _close_r
 .text.quorem   0x0000000008001b6c      0x11a /Users/jhg/toolchain-gcc-arm-none-eabi-4_7-2012q4-20121208-mac/bin/../lib/gcc/arm-none-eabi/4.7.3/../../../../arm-none-eabi/lib/armv7-m/libc_s.a(lib_a-dtoa.o)
 *fill*         0x0000000008001c86        0x2 00
 .text._dtoa_r  0x0000000008001c88      0xb40 /Users/jhg/toolchain-gcc-arm-none-eabi-4_7-2012q4-20121208-mac/bin/../lib/gcc/arm-none-eabi/4.7.3/../../../../arm-none-eabi/lib/armv7-m/libc_s.a(lib_a-dtoa.o)
                0x0000000008001c88                _dtoa_r
 .text._fflush_r
                0x00000000080027c8      0x148 /Users/jhg/toolchain-gcc-arm-none-eabi-4_7-2012q4-20121208-mac/bin/../lib/gcc/arm-none-eabi/4.7.3/../../../../arm-none-eabi/lib/armv7-m/libc_s.a(lib_a-fflush.o)
                0x00000000080027c8                _fflush_r
 .text._cleanup_r
                0x0000000008002910       0x32 /Users/jhg/toolchain-gcc-arm-none-eabi-4_7-2012q4-20121208-mac/bin/../lib/gcc/arm-none-eabi/4.7.3/../../../../arm-none-eabi/lib/armv7-m/libc_s.a(lib_a-findfp.o)
                0x0000000008002910                _cleanup_r
 *fill*         0x0000000008002942        0x2 00
 .text.std.isra.0
                0x0000000008002944       0x48 /Users/jhg/toolchain-gcc-arm-none-eabi-4_7-2012q4-20121208-mac/bin/../lib/gcc/arm-none-eabi/4.7.3/../../../../arm-none-eabi/lib/armv7-m/libc_s.a(lib_a-findfp.o)
 .text.__sfmoreglue
                0x000000000800298c       0x2a /Users/jhg/toolchain-gcc-arm-none-eabi-4_7-2012q4-20121208-mac/bin/../lib/gcc/arm-none-eabi/4.7.3/../../../../arm-none-eabi/lib/armv7-m/libc_s.a(lib_a-findfp.o)
                0x000000000800298c                __sfmoreglue
 *fill*         0x00000000080029b6        0x2 00
 .text.__sinit  0x00000000080029b8       0x58 /Users/jhg/toolchain-gcc-arm-none-eabi-4_7-2012q4-20121208-mac/bin/../lib/gcc/arm-none-eabi/4.7.3/../../../../arm-none-eabi/lib/armv7-m/libc_s.a(lib_a-findfp.o)
                0x00000000080029b8                __sinit
 .text.__sfp    0x0000000008002a10       0x78 /Users/jhg/toolchain-gcc-arm-none-eabi-4_7-2012q4-20121208-mac/bin/../lib/gcc/arm-none-eabi/4.7.3/../../../../arm-none-eabi/lib/armv7-m/libc_s.a(lib_a-findfp.o)
                0x0000000008002a10                __sfp
 .text.__sfp_lock_acquire
                0x0000000008002a88        0x2 /Users/jhg/toolchain-gcc-arm-none-eabi-4_7-2012q4-20121208-mac/bin/../lib/gcc/arm-none-eabi/4.7.3/../../../../arm-none-eabi/lib/armv7-m/libc_s.a(lib_a-findfp.o)
                0x0000000008002a88                __sfp_lock_acquire
 .text.__sfp_lock_release
                0x0000000008002a8a        0x2 /Users/jhg/toolchain-gcc-arm-none-eabi-4_7-2012q4-20121208-mac/bin/../lib/gcc/arm-none-eabi/4.7.3/../../../../arm-none-eabi/lib/armv7-m/libc_s.a(lib_a-findfp.o)
                0x0000000008002a8a                __sfp_lock_release
 .text._free_r  0x0000000008002a8c       0x88 /Users/jhg/toolchain-gcc-arm-none-eabi-4_7-2012q4-20121208-mac/bin/../lib/gcc/arm-none-eabi/4.7.3/../../../../arm-none-eabi/lib/armv7-m/libc_s.a(lib_a-freer.o)
                0x0000000008002a8c                _free_r
 .text._localeconv_r
                0x0000000008002b14        0x8 /Users/jhg/toolchain-gcc-arm-none-eabi-4_7-2012q4-20121208-mac/bin/../lib/gcc/arm-none-eabi/4.7.3/../../../../arm-none-eabi/lib/armv7-m/libc_s.a(lib_a-locale.o)
                0x0000000008002b14                _localeconv_r
 .text._lseek_r
                0x0000000008002b1c       0x24 /Users/jhg/toolchain-gcc-arm-none-eabi-4_7-2012q4-20121208-mac/bin/../lib/gcc/arm-none-eabi/4.7.3/../../../../arm-none-eabi/lib/armv7-m/libc_s.a(lib_a-lseekr.o)
                0x0000000008002b1c                _lseek_r
 .text.__smakebuf_r
                0x0000000008002b40       0xa8 /Users/jhg/toolchain-gcc-arm-none-eabi-4_7-2012q4-20121208-mac/bin/../lib/gcc/arm-none-eabi/4.7.3/../../../../arm-none-eabi/lib/armv7-m/libc_s.a(lib_a-makebuf.o)
                0x0000000008002b40                __smakebuf_r
 .text.malloc   0x0000000008002be8       0x10 /Users/jhg/toolchain-gcc-arm-none-eabi-4_7-2012q4-20121208-mac/bin/../lib/gcc/arm-none-eabi/4.7.3/../../../../arm-none-eabi/lib/armv7-m/libc_s.a(lib_a-malloc.o)
                0x0000000008002be8                malloc
 .text._malloc_r
                0x0000000008002bf8       0x94 /Users/jhg/toolchain-gcc-arm-none-eabi-4_7-2012q4-20121208-mac/bin/../lib/gcc/arm-none-eabi/4.7.3/../../../../arm-none-eabi/lib/armv7-m/libc_s.a(lib_a-mallocr.o)
                0x0000000008002bf8                _malloc_r
 .text.memchr   0x0000000008002c8c       0x1c /Users/jhg/toolchain-gcc-arm-none-eabi-4_7-2012q4-20121208-mac/bin/../lib/gcc/arm-none-eabi/4.7.3/../../../../arm-none-eabi/lib/armv7-m/libc_s.a(lib_a-memchr.o)
                0x0000000008002c8c                memchr
 .text.memcpy   0x0000000008002ca8       0x12 /Users/jhg/toolchain-gcc-arm-none-eabi-4_7-2012q4-20121208-mac/bin/../lib/gcc/arm-none-eabi/4.7.3/../../../../arm-none-eabi/lib/armv7-m/libc_s.a(lib_a-memcpy.o)
                0x0000000008002ca8                memcpy
 .text._Balloc  0x0000000008002cba       0x6a /Users/jhg/toolchain-gcc-arm-none-eabi-4_7-2012q4-20121208-mac/bin/../lib/gcc/arm-none-eabi/4.7.3/../../../../arm-none-eabi/lib/armv7-m/libc_s.a(lib_a-mprec.o)
                0x0000000008002cba                _Balloc
 .text._Bfree   0x0000000008002d24       0x2e /Users/jhg/toolchain-gcc-arm-none-eabi-4_7-2012q4-20121208-mac/bin/../lib/gcc/arm-none-eabi/4.7.3/../../../../arm-none-eabi/lib/armv7-m/libc_s.a(lib_a-mprec.o)
                0x0000000008002d24                _Bfree
 .text.__multadd
                0x0000000008002d52       0x78 /Users/jhg/toolchain-gcc-arm-none-eabi-4_7-2012q4-20121208-mac/bin/../lib/gcc/arm-none-eabi/4.7.3/../../../../arm-none-eabi/lib/armv7-m/libc_s.a(lib_a-mprec.o)
                0x0000000008002d52                __multadd
 .text.__s2b    0x0000000008002dca       0x84 /Users/jhg/toolchain-gcc-arm-none-eabi-4_7-2012q4-20121208-mac/bin/../lib/gcc/arm-none-eabi/4.7.3/../../../../arm-none-eabi/lib/armv7-m/libc_s.a(lib_a-mprec.o)
                0x0000000008002dca                __s2b
 .text.__hi0bits
                0x0000000008002e4e       0x3e /Users/jhg/toolchain-gcc-arm-none-eabi-4_7-2012q4-20121208-mac/bin/../lib/gcc/arm-none-eabi/4.7.3/../../../../arm-none-eabi/lib/armv7-m/libc_s.a(lib_a-mprec.o)
                0x0000000008002e4e                __hi0bits
 .text.__lo0bits
                0x0000000008002e8c       0x5a /Users/jhg/toolchain-gcc-arm-none-eabi-4_7-2012q4-20121208-mac/bin/../lib/gcc/arm-none-eabi/4.7.3/../../../../arm-none-eabi/lib/armv7-m/libc_s.a(lib_a-mprec.o)
                0x0000000008002e8c                __lo0bits
 .text.__i2b    0x0000000008002ee6       0x12 /Users/jhg/toolchain-gcc-arm-none-eabi-4_7-2012q4-20121208-mac/bin/../lib/gcc/arm-none-eabi/4.7.3/../../../../arm-none-eabi/lib/armv7-m/libc_s.a(lib_a-mprec.o)
                0x0000000008002ee6                __i2b
 .text.__multiply
                0x0000000008002ef8      0x122 /Users/jhg/toolchain-gcc-arm-none-eabi-4_7-2012q4-20121208-mac/bin/../lib/gcc/arm-none-eabi/4.7.3/../../../../arm-none-eabi/lib/armv7-m/libc_s.a(lib_a-mprec.o)
                0x0000000008002ef8                __multiply
 *fill*         0x000000000800301a        0x2 00
 .text.__pow5mult
                0x000000000800301c       0xa4 /Users/jhg/toolchain-gcc-arm-none-eabi-4_7-2012q4-20121208-mac/bin/../lib/gcc/arm-none-eabi/4.7.3/../../../../arm-none-eabi/lib/armv7-m/libc_s.a(lib_a-mprec.o)
                0x000000000800301c                __pow5mult
 .text.__lshift
                0x00000000080030c0       0xa8 /Users/jhg/toolchain-gcc-arm-none-eabi-4_7-2012q4-20121208-mac/bin/../lib/gcc/arm-none-eabi/4.7.3/../../../../arm-none-eabi/lib/armv7-m/libc_s.a(lib_a-mprec.o)
                0x00000000080030c0                __lshift
 .text.__mcmp   0x0000000008003168       0x3a /Users/jhg/toolchain-gcc-arm-none-eabi-4_7-2012q4-20121208-mac/bin/../lib/gcc/arm-none-eabi/4.7.3/../../../../arm-none-eabi/lib/armv7-m/libc_s.a(lib_a-mprec.o)
                0x0000000008003168                __mcmp
 .text.__mdiff  0x00000000080031a2       0xc4 /Users/jhg/toolchain-gcc-arm-none-eabi-4_7-2012q4-20121208-mac/bin/../lib/gcc/arm-none-eabi/4.7.3/../../../../arm-none-eabi/lib/armv7-m/libc_s.a(lib_a-mprec.o)
                0x00000000080031a2                __mdiff
 *fill*         0x0000000008003266        0x2 00
 .text.__ulp    0x0000000008003268       0x40 /Users/jhg/toolchain-gcc-arm-none-eabi-4_7-2012q4-20121208-mac/bin/../lib/gcc/arm-none-eabi/4.7.3/../../../../arm-none-eabi/lib/armv7-m/libc_s.a(lib_a-mprec.o)
                0x0000000008003268                __ulp
 .text.__b2d    0x00000000080032a8       0xa8 /Users/jhg/toolchain-gcc-arm-none-eabi-4_7-2012q4-20121208-mac/bin/../lib/gcc/arm-none-eabi/4.7.3/../../../../arm-none-eabi/lib/armv7-m/libc_s.a(lib_a-mprec.o)
                0x00000000080032a8                __b2d
 .text.__d2b    0x0000000008003350       0xa8 /Users/jhg/toolchain-gcc-arm-none-eabi-4_7-2012q4-20121208-mac/bin/../lib/gcc/arm-none-eabi/4.7.3/../../../../arm-none-eabi/lib/armv7-m/libc_s.a(lib_a-mprec.o)
                0x0000000008003350                __d2b
 .text.__ratio  0x00000000080033f8       0x4a /Users/jhg/toolchain-gcc-arm-none-eabi-4_7-2012q4-20121208-mac/bin/../lib/gcc/arm-none-eabi/4.7.3/../../../../arm-none-eabi/lib/armv7-m/libc_s.a(lib_a-mprec.o)
                0x00000000080033f8                __ratio
 .text.__copybits
                0x0000000008003442       0x32 /Users/jhg/toolchain-gcc-arm-none-eabi-4_7-2012q4-20121208-mac/bin/../lib/gcc/arm-none-eabi/4.7.3/../../../../arm-none-eabi/lib/armv7-m/libc_s.a(lib_a-mprec.o)
                0x0000000008003442                __copybits
 .text.__any_on
                0x0000000008003474       0x4c /Users/jhg/toolchain-gcc-arm-none-eabi-4_7-2012q4-20121208-mac/bin/../lib/gcc/arm-none-eabi/4.7.3/../../../../arm-none-eabi/lib/armv7-m/libc_s.a(lib_a-mprec.o)
                0x0000000008003474                __any_on
 .text._read_r  0x00000000080034c0       0x24 /Users/jhg/toolchain-gcc-arm-none-eabi-4_7-2012q4-20121208-mac/bin/../lib/gcc/arm-none-eabi/4.7.3/../../../../arm-none-eabi/lib/armv7-m/libc_s.a(lib_a-readr.o)
                0x00000000080034c0                _read_r
 .text._realloc_r
                0x00000000080034e4       0x48 /Users/jhg/toolchain-gcc-arm-none-eabi-4_7-2012q4-20121208-mac/bin/../lib/gcc/arm-none-eabi/4.7.3/../../../../arm-none-eabi/lib/armv7-m/libc_s.a(lib_a-reallocr.o)
                0x00000000080034e4                _realloc_r
 .text.__fpclassifyd
                0x000000000800352c       0x64 /Users/jhg/toolchain-gcc-arm-none-eabi-4_7-2012q4-20121208-mac/bin/../lib/gcc/arm-none-eabi/4.7.3/../../../../arm-none-eabi/lib/armv7-m/libc_s.a(lib_a-s_fpclassify.o)
                0x000000000800352c                __fpclassifyd
 .text._sbrk_r  0x0000000008003590       0x20 /Users/jhg/toolchain-gcc-arm-none-eabi-4_7-2012q4-20121208-mac/bin/../lib/gcc/arm-none-eabi/4.7.3/../../../../arm-none-eabi/lib/armv7-m/libc_s.a(lib_a-sbrkr.o)
                0x0000000008003590                _sbrk_r
 .text.__sccl   0x00000000080035b0       0x60 /Users/jhg/toolchain-gcc-arm-none-eabi-4_7-2012q4-20121208-mac/bin/../lib/gcc/arm-none-eabi/4.7.3/../../../../arm-none-eabi/lib/armv7-m/libc_s.a(lib_a-sccl.o)
                0x00000000080035b0                __sccl
 .text.nanf     0x0000000008003610        0x8 /Users/jhg/toolchain-gcc-arm-none-eabi-4_7-2012q4-20121208-mac/bin/../lib/gcc/arm-none-eabi/4.7.3/../../../../arm-none-eabi/lib/armv7-m/libc_s.a(lib_a-sf_nan.o)
                0x0000000008003610                nanf
 .text.sprintf  0x0000000008003618       0x48 /Users/jhg/toolchain-gcc-arm-none-eabi-4_7-2012q4-20121208-mac/bin/../lib/gcc/arm-none-eabi/4.7.3/../../../../arm-none-eabi/lib/armv7-m/libc_s.a(lib_a-sprintf.o)
                0x0000000008003618                sprintf
                0x0000000008003618                siprintf
 .text.match    0x0000000008003660       0x2a /Users/jhg/toolchain-gcc-arm-none-eabi-4_7-2012q4-20121208-mac/bin/../lib/gcc/arm-none-eabi/4.7.3/../../../../arm-none-eabi/lib/armv7-m/libc_s.a(lib_a-strtod.o)
 *fill*         0x000000000800368a        0x6 00
 .text._strtod_r
                0x0000000008003690      0xb10 /Users/jhg/toolchain-gcc-arm-none-eabi-4_7-2012q4-20121208-mac/bin/../lib/gcc/arm-none-eabi/4.7.3/../../../../arm-none-eabi/lib/armv7-m/libc_s.a(lib_a-strtod.o)
                0x0000000008003690                _strtod_r
 .text._strtol_r
                0x00000000080041a0      0x10c /Users/jhg/toolchain-gcc-arm-none-eabi-4_7-2012q4-20121208-mac/bin/../lib/gcc/arm-none-eabi/4.7.3/../../../../arm-none-eabi/lib/armv7-m/libc_s.a(lib_a-strtol.o)
                0x00000000080041a0                _strtol_r
 .text._strtoul_r
                0x00000000080042ac       0xfc /Users/jhg/toolchain-gcc-arm-none-eabi-4_7-2012q4-20121208-mac/bin/../lib/gcc/arm-none-eabi/4.7.3/../../../../arm-none-eabi/lib/armv7-m/libc_s.a(lib_a-strtoul.o)
                0x00000000080042ac                _strtoul_r
 .text.__ssputc_r
                0x00000000080043a8       0xae /Users/jhg/toolchain-gcc-arm-none-eabi-4_7-2012q4-20121208-mac/bin/../lib/gcc/arm-none-eabi/4.7.3/../../../../arm-none-eabi/lib/armv7-m/libc_s.a(lib_a-svfprintf.o)
                0x00000000080043a8                __ssputc_r
 *fill*         0x0000000008004456        0x2 00
 .text._svfprintf_r
                0x0000000008004458      0x1f4 /Users/jhg/toolchain-gcc-arm-none-eabi-4_7-2012q4-20121208-mac/bin/../lib/gcc/arm-none-eabi/4.7.3/../../../../arm-none-eabi/lib/armv7-m/libc_s.a(lib_a-svfprintf.o)
                0x0000000008004458                _svfprintf_r
                0x0000000008004458                _svfiprintf_r
 .text._calloc_r
                0x000000000800464c       0x1c /Users/jhg/toolchain-gcc-arm-none-eabi-4_7-2012q4-20121208-mac/bin/../lib/gcc/arm-none-eabi/4.7.3/../../../../arm-none-eabi/lib/armv7-m/libc_s.a(lib_a-callocr.o)
                0x000000000800464c                _calloc_r
 .text._fstat_r
                0x0000000008004668       0x24 /Users/jhg/toolchain-gcc-arm-none-eabi-4_7-2012q4-20121208-mac/bin/../lib/gcc/arm-none-eabi/4.7.3/../../../../arm-none-eabi/lib/armv7-m/libc_s.a(lib_a-fstatr.o)
                0x0000000008004668                _fstat_r
 .text.rshift   0x000000000800468c       0x72 /Users/jhg/toolchain-gcc-arm-none-eabi-4_7-2012q4-20121208-mac/bin/../lib/gcc/arm-none-eabi/4.7.3/../../../../arm-none-eabi/lib/armv7-m/libc_s.a(lib_a-gdtoa-gethex.o)
 *fill*         0x00000000080046fe        0x2 00
 .text.htinit.constprop.0
                0x0000000008004700       0x18 /Users/jhg/toolchain-gcc-arm-none-eabi-4_7-2012q4-20121208-mac/bin/../lib/gcc/arm-none-eabi/4.7.3/../../../../arm-none-eabi/lib/armv7-m/libc_s.a(lib_a-gdtoa-gethex.o)
 .text.__hexdig_init
                0x0000000008004718       0x2c /Users/jhg/toolchain-gcc-arm-none-eabi-4_7-2012q4-20121208-mac/bin/../lib/gcc/arm-none-eabi/4.7.3/../../../../arm-none-eabi/lib/armv7-m/libc_s.a(lib_a-gdtoa-gethex.o)
                0x0000000008004718                __hexdig_init
 .text.__gethex
                0x0000000008004744      0x474 /Users/jhg/toolchain-gcc-arm-none-eabi-4_7-2012q4-20121208-mac/bin/../lib/gcc/arm-none-eabi/4.7.3/../../../../arm-none-eabi/lib/armv7-m/libc_s.a(lib_a-gdtoa-gethex.o)
                0x0000000008004744                __gethex
 .text.L_shift  0x0000000008004bb8       0x28 /Users/jhg/toolchain-gcc-arm-none-eabi-4_7-2012q4-20121208-mac/bin/../lib/gcc/arm-none-eabi/4.7.3/../../../../arm-none-eabi/lib/armv7-m/libc_s.a(lib_a-gdtoa-hexnan.o)
 .text.__hexnan
                0x0000000008004be0      0x124 /Users/jhg/toolchain-gcc-arm-none-eabi-4_7-2012q4-20121208-mac/bin/../lib/gcc/arm-none-eabi/4.7.3/../../../../arm-none-eabi/lib/armv7-m/libc_s.a(lib_a-gdtoa-hexnan.o)
                0x0000000008004be0                __hexnan
 .text._isatty_r
                0x0000000008004d04       0x20 /Users/jhg/toolchain-gcc-arm-none-eabi-4_7-2012q4-20121208-mac/bin/../lib/gcc/arm-none-eabi/4.7.3/../../../../arm-none-eabi/lib/armv7-m/libc_s.a(lib_a-isattyr.o)
                0x0000000008004d04                _isatty_r
 .text._malloc_usable_size_r
                0x0000000008004d24       0x12 /Users/jhg/toolchain-gcc-arm-none-eabi-4_7-2012q4-20121208-mac/bin/../lib/gcc/arm-none-eabi/4.7.3/../../../../arm-none-eabi/lib/armv7-m/libc_s.a(lib_a-msizer.o)
                0x0000000008004d24                _malloc_usable_size_r
 .text.strncmp  0x0000000008004d36       0x2e /Users/jhg/toolchain-gcc-arm-none-eabi-4_7-2012q4-20121208-mac/bin/../lib/gcc/arm-none-eabi/4.7.3/../../../../arm-none-eabi/lib/armv7-m/libc_s.a(lib_a-strncmp.o)
                0x0000000008004d36                strncmp
 .text.error    0x0000000008004d64       0x1c /Users/jhg/toolchain-gcc-arm-none-eabi-4_7-2012q4-20121208-mac/bin/../lib/gcc/arm-none-eabi/4.7.3/../../../../arm-none-eabi/lib/armv7-m/librdimon.a(rdimon-syscalls.o)
 .text.findslot
                0x0000000008004d80       0x38 /Users/jhg/toolchain-gcc-arm-none-eabi-4_7-2012q4-20121208-mac/bin/../lib/gcc/arm-none-eabi/4.7.3/../../../../arm-none-eabi/lib/armv7-m/librdimon.a(rdimon-syscalls.o)
 .text.checkerror
                0x0000000008004db8        0xc /Users/jhg/toolchain-gcc-arm-none-eabi-4_7-2012q4-20121208-mac/bin/../lib/gcc/arm-none-eabi/4.7.3/../../../../arm-none-eabi/lib/armv7-m/librdimon.a(rdimon-syscalls.o)
 .text.initialise_monitor_handles
                0x0000000008004dc4       0xa4 /Users/jhg/toolchain-gcc-arm-none-eabi-4_7-2012q4-20121208-mac/bin/../lib/gcc/arm-none-eabi/4.7.3/../../../../arm-none-eabi/lib/armv7-m/librdimon.a(rdimon-syscalls.o)
                0x0000000008004dc4                initialise_monitor_handles
 .text._swiread
                0x0000000008004e68       0x20 /Users/jhg/toolchain-gcc-arm-none-eabi-4_7-2012q4-20121208-mac/bin/../lib/gcc/arm-none-eabi/4.7.3/../../../../arm-none-eabi/lib/armv7-m/librdimon.a(rdimon-syscalls.o)
                0x0000000008004e68                _swiread
 .text._read    0x0000000008004e88       0x34 /Users/jhg/toolchain-gcc-arm-none-eabi-4_7-2012q4-20121208-mac/bin/../lib/gcc/arm-none-eabi/4.7.3/../../../../arm-none-eabi/lib/armv7-m/librdimon.a(rdimon-syscalls.o)
                0x0000000008004e88                _read
 .text._swilseek
                0x0000000008004ebc       0x8c /Users/jhg/toolchain-gcc-arm-none-eabi-4_7-2012q4-20121208-mac/bin/../lib/gcc/arm-none-eabi/4.7.3/../../../../arm-none-eabi/lib/armv7-m/librdimon.a(rdimon-syscalls.o)
                0x0000000008004ebc                _swilseek
 .text._lseek   0x0000000008004f48        0x4 /Users/jhg/toolchain-gcc-arm-none-eabi-4_7-2012q4-20121208-mac/bin/../lib/gcc/arm-none-eabi/4.7.3/../../../../arm-none-eabi/lib/armv7-m/librdimon.a(rdimon-syscalls.o)
                0x0000000008004f48                _lseek
 .text._swiwrite
                0x0000000008004f4c       0x20 /Users/jhg/toolchain-gcc-arm-none-eabi-4_7-2012q4-20121208-mac/bin/../lib/gcc/arm-none-eabi/4.7.3/../../../../arm-none-eabi/lib/armv7-m/librdimon.a(rdimon-syscalls.o)
                0x0000000008004f4c                _swiwrite
 .text._write   0x0000000008004f6c       0x48 /Users/jhg/toolchain-gcc-arm-none-eabi-4_7-2012q4-20121208-mac/bin/../lib/gcc/arm-none-eabi/4.7.3/../../../../arm-none-eabi/lib/armv7-m/librdimon.a(rdimon-syscalls.o)
                0x0000000008004f6c                _write
 .text._swiclose
                0x0000000008004fb4       0x20 /Users/jhg/toolchain-gcc-arm-none-eabi-4_7-2012q4-20121208-mac/bin/../lib/gcc/arm-none-eabi/4.7.3/../../../../arm-none-eabi/lib/armv7-m/librdimon.a(rdimon-syscalls.o)
                0x0000000008004fb4                _swiclose
 .text._close   0x0000000008004fd4       0x48 /Users/jhg/toolchain-gcc-arm-none-eabi-4_7-2012q4-20121208-mac/bin/../lib/gcc/arm-none-eabi/4.7.3/../../../../arm-none-eabi/lib/armv7-m/librdimon.a(rdimon-syscalls.o)
                0x0000000008004fd4                _close
 .text._sbrk    0x000000000800501c       0x34 /Users/jhg/toolchain-gcc-arm-none-eabi-4_7-2012q4-20121208-mac/bin/../lib/gcc/arm-none-eabi/4.7.3/../../../../arm-none-eabi/lib/armv7-m/librdimon.a(rdimon-syscalls.o)
                0x000000000800501c                _sbrk
 .text._swistat
                0x0000000008005050       0x44 /Users/jhg/toolchain-gcc-arm-none-eabi-4_7-2012q4-20121208-mac/bin/../lib/gcc/arm-none-eabi/4.7.3/../../../../arm-none-eabi/lib/armv7-m/librdimon.a(rdimon-syscalls.o)
                0x0000000008005050                _swistat
 .text._fstat   0x0000000008005094       0x1c /Users/jhg/toolchain-gcc-arm-none-eabi-4_7-2012q4-20121208-mac/bin/../lib/gcc/arm-none-eabi/4.7.3/../../../../arm-none-eabi/lib/armv7-m/librdimon.a(rdimon-syscalls.o)
                0x0000000008005094                _fstat
 .text._isatty  0x00000000080050b0       0x40 /Users/jhg/toolchain-gcc-arm-none-eabi-4_7-2012q4-20121208-mac/bin/../lib/gcc/arm-none-eabi/4.7.3/../../../../arm-none-eabi/lib/armv7-m/librdimon.a(rdimon-syscalls.o)
                0x00000000080050b0                _isatty
 .text._exit    0x00000000080050f0        0x8 /Users/jhg/toolchain-gcc-arm-none-eabi-4_7-2012q4-20121208-mac/bin/../lib/gcc/arm-none-eabi/4.7.3/../../../../arm-none-eabi/lib/armv7-m/librdimon.a(rdimon-_exit.o)
                0x00000000080050f0                _exit
 .text._kill    0x00000000080050f8       0x30 /Users/jhg/toolchain-gcc-arm-none-eabi-4_7-2012q4-20121208-mac/bin/../lib/gcc/arm-none-eabi/4.7.3/../../../../arm-none-eabi/lib/armv7-m/librdimon.a(rdimon-_kill.o)
                0x00000000080050f8                _kill
 .text          0x0000000008005128      0x370 /Users/jhg/toolchain-gcc-arm-none-eabi-4_7-2012q4-20121208-mac/bin/../lib/gcc/arm-none-eabi/4.7.3/armv7-m/libgcc.a(_arm_addsubdf3.o)
                0x0000000008005128                __aeabi_drsub
                0x0000000008005130                __subdf3
                0x0000000008005130                __aeabi_dsub
                0x0000000008005134                __aeabi_dadd
                0x0000000008005134                __adddf3
                0x00000000080053ac                __aeabi_ui2d
                0x00000000080053ac                __floatunsidf
                0x00000000080053cc                __floatsidf
                0x00000000080053cc                __aeabi_i2d
                0x00000000080053f0                __extendsfdf2
                0x00000000080053f0                __aeabi_f2d
                0x000000000800542c                __aeabi_ul2d
                0x000000000800542c                __floatundidf
                0x000000000800543c                __aeabi_l2d
                0x000000000800543c                __floatdidf
 .text          0x0000000008005498      0x424 /Users/jhg/toolchain-gcc-arm-none-eabi-4_7-2012q4-20121208-mac/bin/../lib/gcc/arm-none-eabi/4.7.3/armv7-m/libgcc.a(_arm_muldivdf3.o)
                0x0000000008005498                __aeabi_dmul
                0x0000000008005498                __muldf3
                0x00000000080056ec                __aeabi_ddiv
                0x00000000080056ec                __divdf3
 .text          0x00000000080058bc      0x110 /Users/jhg/toolchain-gcc-arm-none-eabi-4_7-2012q4-20121208-mac/bin/../lib/gcc/arm-none-eabi/4.7.3/armv7-m/libgcc.a(_arm_cmpdf2.o)
                0x00000000080058bc                __gtdf2
                0x00000000080058bc                __gedf2
                0x00000000080058c4                __ltdf2
                0x00000000080058c4                __ledf2
                0x00000000080058cc                __eqdf2
                0x00000000080058cc                __nedf2
                0x00000000080058cc                __cmpdf2
                0x0000000008005948                __aeabi_cdrcmple
                0x0000000008005958                __aeabi_cdcmple
                0x0000000008005958                __aeabi_cdcmpeq
                0x0000000008005968                __aeabi_dcmpeq
                0x000000000800597c                __aeabi_dcmplt
                0x0000000008005990                __aeabi_dcmple
                0x00000000080059a4                __aeabi_dcmpge
                0x00000000080059b8                __aeabi_dcmpgt
 .text          0x00000000080059cc       0x50 /Users/jhg/toolchain-gcc-arm-none-eabi-4_7-2012q4-20121208-mac/bin/../lib/gcc/arm-none-eabi/4.7.3/armv7-m/libgcc.a(_arm_fixdfsi.o)
                0x00000000080059cc                __fixdfsi
                0x00000000080059cc                __aeabi_d2iz
 .text          0x0000000008005a1c       0x40 /Users/jhg/toolchain-gcc-arm-none-eabi-4_7-2012q4-20121208-mac/bin/../lib/gcc/arm-none-eabi/4.7.3/armv7-m/libgcc.a(_arm_fixunsdfsi.o)
                0x0000000008005a1c                __fixunsdfsi
                0x0000000008005a1c                __aeabi_d2uiz
 .text          0x0000000008005a5c       0xa0 /Users/jhg/toolchain-gcc-arm-none-eabi-4_7-2012q4-20121208-mac/bin/../lib/gcc/arm-none-eabi/4.7.3/armv7-m/libgcc.a(_arm_truncdfsf2.o)
                0x0000000008005a5c                __aeabi_d2f
                0x0000000008005a5c                __truncdfsf2
 .text.__errno  0x0000000008005afc        0xc /Users/jhg/toolchain-gcc-arm-none-eabi-4_7-2012q4-20121208-mac/bin/../lib/gcc/arm-none-eabi/4.7.3/../../../../arm-none-eabi/lib/armv7-m/libc_s.a(lib_a-errno.o)
                0x0000000008005afc                __errno
 *(.init)
 .init          0x0000000008005b08        0x4 /Users/jhg/toolchain-gcc-arm-none-eabi-4_7-2012q4-20121208-mac/bin/../lib/gcc/arm-none-eabi/4.7.3/armv7-m/crti.o
                0x0000000008005b08                _init
 .init          0x0000000008005b0c        0x8 /Users/jhg/toolchain-gcc-arm-none-eabi-4_7-2012q4-20121208-mac/bin/../lib/gcc/arm-none-eabi/4.7.3/armv7-m/crtn.o
 *(.fini)
 .fini          0x0000000008005b14        0x4 /Users/jhg/toolchain-gcc-arm-none-eabi-4_7-2012q4-20121208-mac/bin/../lib/gcc/arm-none-eabi/4.7.3/armv7-m/crti.o
                0x0000000008005b14                _fini
 .fini          0x0000000008005b18        0x8 /Users/jhg/toolchain-gcc-arm-none-eabi-4_7-2012q4-20121208-mac/bin/../lib/gcc/arm-none-eabi/4.7.3/armv7-m/crtn.o
 *crtbegin.o(.ctors)
 *crtbegin?.o(.ctors)
 *(EXCLUDE_FILE(*crtend.o *crtend?.o) .ctors)
 *(SORT(.ctors.*))
 *(.ctors)
 *crtbegin.o(.dtors)
 *crtbegin?.o(.dtors)
 *(EXCLUDE_FILE(*crtend.o *crtend?.o) .dtors)
 *(SORT(.dtors.*))
 *(.dtors)
 *(.rodata*)
 .rodata.str1.1
                0x0000000008005b20       0x14 /var/folders/9p/g7b6_1dj0nqcnns28dc_lp_w0000gn/T//cczdEdaO.o
 .rodata.str1.1
                0x0000000008005b34        0x2 /Users/jhg/toolchain-gcc-arm-none-eabi-4_7-2012q4-20121208-mac/bin/../lib/gcc/arm-none-eabi/4.7.3/../../../../arm-none-eabi/lib/armv7-m/libc_s.a(lib_a-impure.o)
 *fill*         0x0000000008005b36        0x2 00
 .rodata._global_impure_ptr
                0x0000000008005b38        0x4 /Users/jhg/toolchain-gcc-arm-none-eabi-4_7-2012q4-20121208-mac/bin/../lib/gcc/arm-none-eabi/4.7.3/../../../../arm-none-eabi/lib/armv7-m/libc_s.a(lib_a-impure.o)
                0x0000000008005b38                _global_impure_ptr
 .rodata.str1.1
                0x0000000008005b3c       0x11 /Users/jhg/toolchain-gcc-arm-none-eabi-4_7-2012q4-20121208-mac/bin/../lib/gcc/arm-none-eabi/4.7.3/../../../../arm-none-eabi/lib/armv7-m/libc_s.a(lib_a-vfprintf.o)
 .rodata.str1.1
                0x0000000008005b4d       0x10 /Users/jhg/toolchain-gcc-arm-none-eabi-4_7-2012q4-20121208-mac/bin/../lib/gcc/arm-none-eabi/4.7.3/../../../../arm-none-eabi/lib/armv7-m/libc_s.a(lib_a-vfprintf_float.o)
 .rodata.str1.1
                0x0000000008005b5d       0x22 /Users/jhg/toolchain-gcc-arm-none-eabi-4_7-2012q4-20121208-mac/bin/../lib/gcc/arm-none-eabi/4.7.3/../../../../arm-none-eabi/lib/armv7-m/libc_s.a(lib_a-vfprintf_i.o)
 .rodata.str1.1
                0x0000000008005b7f        0x5 /Users/jhg/toolchain-gcc-arm-none-eabi-4_7-2012q4-20121208-mac/bin/../lib/gcc/arm-none-eabi/4.7.3/../../../../arm-none-eabi/lib/armv7-m/libc_s.a(lib_a-vfscanf_float.o)
 .rodata        0x0000000008005b84        0xc /Users/jhg/toolchain-gcc-arm-none-eabi-4_7-2012q4-20121208-mac/bin/../lib/gcc/arm-none-eabi/4.7.3/../../../../arm-none-eabi/lib/armv7-m/libc_s.a(lib_a-vfscanf_i.o)
 .rodata.str1.1
                0x0000000008005b90       0x1b /Users/jhg/toolchain-gcc-arm-none-eabi-4_7-2012q4-20121208-mac/bin/../lib/gcc/arm-none-eabi/4.7.3/../../../../arm-none-eabi/lib/armv7-m/libc_s.a(lib_a-vfscanf_i.o)
 .rodata._ctype_
                0x0000000008005bab      0x101 /Users/jhg/toolchain-gcc-arm-none-eabi-4_7-2012q4-20121208-mac/bin/../lib/gcc/arm-none-eabi/4.7.3/../../../../arm-none-eabi/lib/armv7-m/libc_s.a(lib_a-ctype_.o)
                0x0000000008005bab                _ctype_
 .rodata.str1.1
                0x0000000008005cac        0xd /Users/jhg/toolchain-gcc-arm-none-eabi-4_7-2012q4-20121208-mac/bin/../lib/gcc/arm-none-eabi/4.7.3/../../../../arm-none-eabi/lib/armv7-m/libc_s.a(lib_a-dtoa.o)
                                          0xf (size before relaxing)
 *fill*         0x0000000008005cb9        0x3 00
 .rodata.__sf_fake_stdin
                0x0000000008005cbc       0x20 /Users/jhg/toolchain-gcc-arm-none-eabi-4_7-2012q4-20121208-mac/bin/../lib/gcc/arm-none-eabi/4.7.3/../../../../arm-none-eabi/lib/armv7-m/libc_s.a(lib_a-findfp.o)
                0x0000000008005cbc                __sf_fake_stdin
 .rodata.__sf_fake_stdout
                0x0000000008005cdc       0x20 /Users/jhg/toolchain-gcc-arm-none-eabi-4_7-2012q4-20121208-mac/bin/../lib/gcc/arm-none-eabi/4.7.3/../../../../arm-none-eabi/lib/armv7-m/libc_s.a(lib_a-findfp.o)
                0x0000000008005cdc                __sf_fake_stdout
 .rodata.__sf_fake_stderr
                0x0000000008005cfc       0x20 /Users/jhg/toolchain-gcc-arm-none-eabi-4_7-2012q4-20121208-mac/bin/../lib/gcc/arm-none-eabi/4.7.3/../../../../arm-none-eabi/lib/armv7-m/libc_s.a(lib_a-findfp.o)
                0x0000000008005cfc                __sf_fake_stderr
 .rodata.str1.1
                0x0000000008005d1c        0x8 /Users/jhg/toolchain-gcc-arm-none-eabi-4_7-2012q4-20121208-mac/bin/../lib/gcc/arm-none-eabi/4.7.3/../../../../arm-none-eabi/lib/armv7-m/libc_s.a(lib_a-locale.o)
                                          0xb (size before relaxing)
 *fill*         0x0000000008005d24        0x4 00
 .rodata.__mprec_tens
                0x0000000008005d28       0xc8 /Users/jhg/toolchain-gcc-arm-none-eabi-4_7-2012q4-20121208-mac/bin/../lib/gcc/arm-none-eabi/4.7.3/../../../../arm-none-eabi/lib/armv7-m/libc_s.a(lib_a-mprec.o)
                0x0000000008005d28                __mprec_tens
 .rodata.p05.5252
                0x0000000008005df0        0xc /Users/jhg/toolchain-gcc-arm-none-eabi-4_7-2012q4-20121208-mac/bin/../lib/gcc/arm-none-eabi/4.7.3/../../../../arm-none-eabi/lib/armv7-m/libc_s.a(lib_a-mprec.o)
 *fill*         0x0000000008005dfc        0x4 00
 .rodata.__mprec_bigtens
                0x0000000008005e00       0x28 /Users/jhg/toolchain-gcc-arm-none-eabi-4_7-2012q4-20121208-mac/bin/../lib/gcc/arm-none-eabi/4.7.3/../../../../arm-none-eabi/lib/armv7-m/libc_s.a(lib_a-mprec.o)
                0x0000000008005e00                __mprec_bigtens
 .rodata.str1.1
                0x0000000000000000        0x8 /Users/jhg/toolchain-gcc-arm-none-eabi-4_7-2012q4-20121208-mac/bin/../lib/gcc/arm-none-eabi/4.7.3/../../../../arm-none-eabi/lib/armv7-m/libc_s.a(lib_a-strtod.o)
                                          0xc (size before relaxing)
 .rodata.tinytens
                0x0000000008005e28       0x28 /Users/jhg/toolchain-gcc-arm-none-eabi-4_7-2012q4-20121208-mac/bin/../lib/gcc/arm-none-eabi/4.7.3/../../../../arm-none-eabi/lib/armv7-m/libc_s.a(lib_a-strtod.o)
 .rodata.str1.1
                0x0000000000000000       0x11 /Users/jhg/toolchain-gcc-arm-none-eabi-4_7-2012q4-20121208-mac/bin/../lib/gcc/arm-none-eabi/4.7.3/../../../../arm-none-eabi/lib/armv7-m/libc_s.a(lib_a-svfprintf.o)
 .rodata.str1.1
                0x0000000008005e50        0xb /Users/jhg/toolchain-gcc-arm-none-eabi-4_7-2012q4-20121208-mac/bin/../lib/gcc/arm-none-eabi/4.7.3/../../../../arm-none-eabi/lib/armv7-m/libc_s.a(lib_a-gdtoa-gethex.o)
                                         0x19 (size before relaxing)
 *fill*         0x0000000008005e5b        0x1 00
 .rodata.str1.4
                0x0000000008005e5c        0x4 /Users/jhg/toolchain-gcc-arm-none-eabi-4_7-2012q4-20121208-mac/bin/../lib/gcc/arm-none-eabi/4.7.3/../../../../arm-none-eabi/lib/armv7-m/librdimon.a(rdimon-syscalls.o)
 *(.eh_frame*)
 .eh_frame      0x0000000008005e60        0x0 /Users/jhg/toolchain-gcc-arm-none-eabi-4_7-2012q4-20121208-mac/bin/../lib/gcc/arm-none-eabi/4.7.3/armv7-m/crtbegin.o
 .eh_frame      0x0000000008005e60        0x4 /Users/jhg/toolchain-gcc-arm-none-eabi-4_7-2012q4-20121208-mac/bin/../lib/gcc/arm-none-eabi/4.7.3/armv7-m/crtend.o

.glue_7         0x0000000008005e64        0x0
 .glue_7        0x0000000000000000        0x0 linker stubs

.glue_7t        0x0000000008005e64        0x0
 .glue_7t       0x0000000000000000        0x0 linker stubs

.vfp11_veneer   0x0000000008005e64        0x0
 .vfp11_veneer  0x0000000000000000        0x0 linker stubs

.v4_bx          0x0000000008005e64        0x0
 .v4_bx         0x0000000000000000        0x0 linker stubs

.iplt           0x0000000008005e64        0x0
 .iplt          0x0000000000000000        0x0 /Users/jhg/toolchain-gcc-arm-none-eabi-4_7-2012q4-20121208-mac/bin/../lib/gcc/arm-none-eabi/4.7.3/armv7-m/crtbegin.o

.ARM.extab
 *(.ARM.extab* .gnu.linkonce.armextab.*)
                0x0000000008005e64                __exidx_start = .

.ARM.exidx      0x0000000008005e64        0x8
 *(.ARM.exidx* .gnu.linkonce.armexidx.*)
 .ARM.exidx     0x0000000008005e64        0x8 /Users/jhg/toolchain-gcc-arm-none-eabi-4_7-2012q4-20121208-mac/bin/../lib/gcc/arm-none-eabi/4.7.3/../../../../arm-none-eabi/lib/armv7-m/rdimon-crt0.o
                0x0000000008005e6c                __exidx_end = .
                0x0000000008005e6c                __etext = .

.rel.dyn        0x0000000008005e6c        0x0
 .rel.iplt      0x0000000000000000        0x0 /Users/jhg/toolchain-gcc-arm-none-eabi-4_7-2012q4-20121208-mac/bin/../lib/gcc/arm-none-eabi/4.7.3/armv7-m/crtbegin.o

.data           0x0000000020000000      0x204 load address 0x0000000008005e6c
                0x0000000020000000                __data_start__ = .
 *(vtable)
 *(.data*)
 .data          0x0000000020000000      0x110 /Users/jhg/toolchain-gcc-arm-none-eabi-4_7-2012q4-20121208-mac/bin/../lib/gcc/arm-none-eabi/4.7.3/../../../../arm-none-eabi/lib/armv7-m/rdimon-crt0.o
                0x0000000020000008                __stack_base__
 .data.d        0x0000000020000110        0x8 /var/folders/9p/g7b6_1dj0nqcnns28dc_lp_w0000gn/T//cczdEdaO.o
                0x0000000020000110                d
 .data.f        0x0000000020000118        0x4 /var/folders/9p/g7b6_1dj0nqcnns28dc_lp_w0000gn/T//cczdEdaO.o
                0x0000000020000118                f
 .data.s        0x000000002000011c        0xe /var/folders/9p/g7b6_1dj0nqcnns28dc_lp_w0000gn/T//cczdEdaO.o
                0x000000002000011c                s
 *fill*         0x000000002000012a        0x2 00
 .data.impure_data
                0x000000002000012c       0x64 /Users/jhg/toolchain-gcc-arm-none-eabi-4_7-2012q4-20121208-mac/bin/../lib/gcc/arm-none-eabi/4.7.3/../../../../arm-none-eabi/lib/armv7-m/libc_s.a(lib_a-impure.o)
 .data._impure_ptr
                0x0000000020000190        0x4 /Users/jhg/toolchain-gcc-arm-none-eabi-4_7-2012q4-20121208-mac/bin/../lib/gcc/arm-none-eabi/4.7.3/../../../../arm-none-eabi/lib/armv7-m/libc_s.a(lib_a-impure.o)
                0x0000000020000190                _impure_ptr
 .data.__ctype_ptr__
                0x0000000020000194        0x4 /Users/jhg/toolchain-gcc-arm-none-eabi-4_7-2012q4-20121208-mac/bin/../lib/gcc/arm-none-eabi/4.7.3/../../../../arm-none-eabi/lib/armv7-m/libc_s.a(lib_a-ctype_.o)
                0x0000000020000194                __ctype_ptr__
 .data.lconv    0x0000000020000198       0x38 /Users/jhg/toolchain-gcc-arm-none-eabi-4_7-2012q4-20121208-mac/bin/../lib/gcc/arm-none-eabi/4.7.3/../../../../arm-none-eabi/lib/armv7-m/libc_s.a(lib_a-locale.o)
 .data.fpi.5208
                0x00000000200001d0       0x14 /Users/jhg/toolchain-gcc-arm-none-eabi-4_7-2012q4-20121208-mac/bin/../lib/gcc/arm-none-eabi/4.7.3/../../../../arm-none-eabi/lib/armv7-m/libc_s.a(lib_a-strtod.o)
 .data.fpinan.5244
                0x00000000200001e4       0x14 /Users/jhg/toolchain-gcc-arm-none-eabi-4_7-2012q4-20121208-mac/bin/../lib/gcc/arm-none-eabi/4.7.3/../../../../arm-none-eabi/lib/armv7-m/libc_s.a(lib_a-strtod.o)
                0x00000000200001f8                . = ALIGN (0x4)
                0x00000000200001f8                PROVIDE (__preinit_array_start, .)
 *(.preinit_array)
                0x00000000200001f8                PROVIDE (__preinit_array_end, .)
                0x00000000200001f8                . = ALIGN (0x4)
                0x00000000200001f8                PROVIDE (__init_array_start, .)
 *(SORT(.init_array.*))
 *(.init_array)
 .init_array    0x00000000200001f8        0x4 /Users/jhg/toolchain-gcc-arm-none-eabi-4_7-2012q4-20121208-mac/bin/../lib/gcc/arm-none-eabi/4.7.3/armv7-m/crtbegin.o
                0x00000000200001fc                PROVIDE (__init_array_end, .)
                0x00000000200001fc                . = ALIGN (0x4)
                0x00000000200001fc                PROVIDE (__fini_array_start, .)
 *(SORT(.fini_array.*))
 *(.fini_array)
 .fini_array    0x00000000200001fc        0x4 /Users/jhg/toolchain-gcc-arm-none-eabi-4_7-2012q4-20121208-mac/bin/../lib/gcc/arm-none-eabi/4.7.3/armv7-m/crtbegin.o
                0x0000000020000200                PROVIDE (__fini_array_end, .)
 *(.jcr*)
 .jcr           0x0000000020000200        0x0 /Users/jhg/toolchain-gcc-arm-none-eabi-4_7-2012q4-20121208-mac/bin/../lib/gcc/arm-none-eabi/4.7.3/armv7-m/crtbegin.o
 .jcr           0x0000000020000200        0x4 /Users/jhg/toolchain-gcc-arm-none-eabi-4_7-2012q4-20121208-mac/bin/../lib/gcc/arm-none-eabi/4.7.3/armv7-m/crtend.o
                0x0000000020000204                . = ALIGN (0x4)
                0x0000000020000204                __data_end__ = .

.igot.plt       0x0000000020000204        0x0 load address 0x0000000008006070
 .igot.plt      0x0000000000000000        0x0 /Users/jhg/toolchain-gcc-arm-none-eabi-4_7-2012q4-20121208-mac/bin/../lib/gcc/arm-none-eabi/4.7.3/armv7-m/crtbegin.o

.bss            0x0000000020000204      0x1d4 load address 0x0000000008006070
                0x0000000020000204                . = ALIGN (0x4)
                0x0000000020000204                __bss_start__ = .
 *(.bss*)
 .bss           0x0000000020000204       0x1c /Users/jhg/toolchain-gcc-arm-none-eabi-4_7-2012q4-20121208-mac/bin/../lib/gcc/arm-none-eabi/4.7.3/armv7-m/crtbegin.o
 .bss.__malloc_free_list
                0x0000000020000220        0x4 /Users/jhg/toolchain-gcc-arm-none-eabi-4_7-2012q4-20121208-mac/bin/../lib/gcc/arm-none-eabi/4.7.3/../../../../arm-none-eabi/lib/armv7-m/libc_s.a(lib_a-mallocr.o)
                0x0000000020000220                __malloc_free_list
 .bss.monitor_stdout
                0x0000000020000224        0x4 /Users/jhg/toolchain-gcc-arm-none-eabi-4_7-2012q4-20121208-mac/bin/../lib/gcc/arm-none-eabi/4.7.3/../../../../arm-none-eabi/lib/armv7-m/librdimon.a(rdimon-syscalls.o)
 .bss.monitor_stdin
                0x0000000020000228        0x4 /Users/jhg/toolchain-gcc-arm-none-eabi-4_7-2012q4-20121208-mac/bin/../lib/gcc/arm-none-eabi/4.7.3/../../../../arm-none-eabi/lib/armv7-m/librdimon.a(rdimon-syscalls.o)
 .bss.monitor_stderr
                0x000000002000022c        0x4 /Users/jhg/toolchain-gcc-arm-none-eabi-4_7-2012q4-20121208-mac/bin/../lib/gcc/arm-none-eabi/4.7.3/../../../../arm-none-eabi/lib/armv7-m/librdimon.a(rdimon-syscalls.o)
 .bss.heap_end.5738
                0x0000000020000230        0x4 /Users/jhg/toolchain-gcc-arm-none-eabi-4_7-2012q4-20121208-mac/bin/../lib/gcc/arm-none-eabi/4.7.3/../../../../arm-none-eabi/lib/armv7-m/librdimon.a(rdimon-syscalls.o)
 .bss.openfiles
                0x0000000020000234       0xa0 /Users/jhg/toolchain-gcc-arm-none-eabi-4_7-2012q4-20121208-mac/bin/../lib/gcc/arm-none-eabi/4.7.3/../../../../arm-none-eabi/lib/armv7-m/librdimon.a(rdimon-syscalls.o)
 *(COMMON)
 COMMON         0x00000000200002d4        0x4 /Users/jhg/toolchain-gcc-arm-none-eabi-4_7-2012q4-20121208-mac/bin/../lib/gcc/arm-none-eabi/4.7.3/../../../../arm-none-eabi/lib/armv7-m/libc_s.a(lib_a-reent.o)
                0x00000000200002d4                errno
 COMMON         0x00000000200002d8      0x100 /Users/jhg/toolchain-gcc-arm-none-eabi-4_7-2012q4-20121208-mac/bin/../lib/gcc/arm-none-eabi/4.7.3/../../../../arm-none-eabi/lib/armv7-m/libc_s.a(lib_a-gdtoa-gethex.o)
                0x00000000200002d8                __hexdig
                0x00000000200003d8                . = ALIGN (0x4)
                0x00000000200003d8                __bss_end__ = .

.heap           0x00000000200003d8        0x0
                0x00000000200003d8                __end__ = .
                0x00000000200003d8                end = __end__
 *(.heap*)
 .heap          0x00000000200003d8        0x0 /var/folders/9p/g7b6_1dj0nqcnns28dc_lp_w0000gn/T//ccsD6hJz.o
                0x00000000200003d8                __HeapLimit = .

.stack_dummy    0x00000000200003d8      0xc00
 *(.stack*)
 .stack         0x00000000200003d8      0xc00 /var/folders/9p/g7b6_1dj0nqcnns28dc_lp_w0000gn/T//ccsD6hJz.o
                0x0000000020010000                __StackTop = (ORIGIN (RAM) + 0x10000)
                0x000000002000f400                __StackLimit = (__StackTop - SIZEOF (.stack_dummy))
                0x0000000020010000                PROVIDE (__stack, __StackTop)
                0x0000000000000001                ASSERT ((__StackLimit >= __HeapLimit), region RAM overflowed with stack)
OUTPUT(fpin-CM3.axf elf32-littlearm)

.ARM.attributes
                0x0000000000000000       0x29
 .ARM.attributes
                0x0000000000000000       0x1d /Users/jhg/toolchain-gcc-arm-none-eabi-4_7-2012q4-20121208-mac/bin/../lib/gcc/arm-none-eabi/4.7.3/armv7-m/crti.o
 .ARM.attributes
                0x000000000000001d       0x2d /Users/jhg/toolchain-gcc-arm-none-eabi-4_7-2012q4-20121208-mac/bin/../lib/gcc/arm-none-eabi/4.7.3/armv7-m/crtbegin.o
 .ARM.attributes
                0x000000000000004a       0x1b /Users/jhg/toolchain-gcc-arm-none-eabi-4_7-2012q4-20121208-mac/bin/../lib/gcc/arm-none-eabi/4.7.3/../../../../arm-none-eabi/lib/armv7-m/rdimon-crt0.o
 .ARM.attributes
                0x0000000000000065       0x33 /var/folders/9p/g7b6_1dj0nqcnns28dc_lp_w0000gn/T//cczdEdaO.o
 .ARM.attributes
                0x0000000000000098       0x1b /var/folders/9p/g7b6_1dj0nqcnns28dc_lp_w0000gn/T//ccsD6hJz.o
 .ARM.attributes
                0x00000000000000b3       0x2d /Users/jhg/toolchain-gcc-arm-none-eabi-4_7-2012q4-20121208-mac/bin/../lib/gcc/arm-none-eabi/4.7.3/../../../../arm-none-eabi/lib/armv7-m/libc_s.a(lib_a-__atexit2.o)
 .ARM.attributes
                0x00000000000000e0       0x2d /Users/jhg/toolchain-gcc-arm-none-eabi-4_7-2012q4-20121208-mac/bin/../lib/gcc/arm-none-eabi/4.7.3/../../../../arm-none-eabi/lib/armv7-m/libc_s.a(lib_a-exit.o)
 .ARM.attributes
                0x000000000000010d       0x2d /Users/jhg/toolchain-gcc-arm-none-eabi-4_7-2012q4-20121208-mac/bin/../lib/gcc/arm-none-eabi/4.7.3/../../../../arm-none-eabi/lib/armv7-m/libc_s.a(lib_a-fini.o)
 .ARM.attributes
                0x000000000000013a       0x2d /Users/jhg/toolchain-gcc-arm-none-eabi-4_7-2012q4-20121208-mac/bin/../lib/gcc/arm-none-eabi/4.7.3/../../../../arm-none-eabi/lib/armv7-m/libc_s.a(lib_a-impure.o)
 .ARM.attributes
                0x0000000000000167       0x2d /Users/jhg/toolchain-gcc-arm-none-eabi-4_7-2012q4-20121208-mac/bin/../lib/gcc/arm-none-eabi/4.7.3/../../../../arm-none-eabi/lib/armv7-m/libc_s.a(lib_a-init.o)
 .ARM.attributes
                0x0000000000000194       0x2d /Users/jhg/toolchain-gcc-arm-none-eabi-4_7-2012q4-20121208-mac/bin/../lib/gcc/arm-none-eabi/4.7.3/../../../../arm-none-eabi/lib/armv7-m/libc_s.a(lib_a-memset.o)
 .ARM.attributes
                0x00000000000001c1       0x2d /Users/jhg/toolchain-gcc-arm-none-eabi-4_7-2012q4-20121208-mac/bin/../lib/gcc/arm-none-eabi/4.7.3/../../../../arm-none-eabi/lib/armv7-m/libc_s.a(lib_a-printf.o)
 .ARM.attributes
                0x00000000000001ee       0x2d /Users/jhg/toolchain-gcc-arm-none-eabi-4_7-2012q4-20121208-mac/bin/../lib/gcc/arm-none-eabi/4.7.3/../../../../arm-none-eabi/lib/armv7-m/libc_s.a(lib_a-sscanf.o)
 .ARM.attributes
                0x000000000000021b       0x2d /Users/jhg/toolchain-gcc-arm-none-eabi-4_7-2012q4-20121208-mac/bin/../lib/gcc/arm-none-eabi/4.7.3/../../../../arm-none-eabi/lib/armv7-m/libc_s.a(lib_a-stdio.o)
 .ARM.attributes
                0x0000000000000248       0x2d /Users/jhg/toolchain-gcc-arm-none-eabi-4_7-2012q4-20121208-mac/bin/../lib/gcc/arm-none-eabi/4.7.3/../../../../arm-none-eabi/lib/armv7-m/libc_s.a(lib_a-strlen.o)
 .ARM.attributes
                0x0000000000000275       0x2d /Users/jhg/toolchain-gcc-arm-none-eabi-4_7-2012q4-20121208-mac/bin/../lib/gcc/arm-none-eabi/4.7.3/../../../../arm-none-eabi/lib/armv7-m/libc_s.a(lib_a-svfscanf.o)
 .ARM.attributes
                0x00000000000002a2       0x2d /Users/jhg/toolchain-gcc-arm-none-eabi-4_7-2012q4-20121208-mac/bin/../lib/gcc/arm-none-eabi/4.7.3/../../../../arm-none-eabi/lib/armv7-m/libc_s.a(lib_a-ungetc.o)
 .ARM.attributes
                0x00000000000002cf       0x2d /Users/jhg/toolchain-gcc-arm-none-eabi-4_7-2012q4-20121208-mac/bin/../lib/gcc/arm-none-eabi/4.7.3/../../../../arm-none-eabi/lib/armv7-m/libc_s.a(lib_a-vfprintf.o)
 .ARM.attributes
                0x00000000000002fc       0x2d /Users/jhg/toolchain-gcc-arm-none-eabi-4_7-2012q4-20121208-mac/bin/../lib/gcc/arm-none-eabi/4.7.3/../../../../arm-none-eabi/lib/armv7-m/libc_s.a(lib_a-vfprintf_float.o)
 .ARM.attributes
                0x0000000000000329       0x2d /Users/jhg/toolchain-gcc-arm-none-eabi-4_7-2012q4-20121208-mac/bin/../lib/gcc/arm-none-eabi/4.7.3/../../../../arm-none-eabi/lib/armv7-m/libc_s.a(lib_a-vfprintf_i.o)
 .ARM.attributes
                0x0000000000000356       0x2d /Users/jhg/toolchain-gcc-arm-none-eabi-4_7-2012q4-20121208-mac/bin/../lib/gcc/arm-none-eabi/4.7.3/../../../../arm-none-eabi/lib/armv7-m/libc_s.a(lib_a-vfscanf_float.o)
 .ARM.attributes
                0x0000000000000383       0x2d /Users/jhg/toolchain-gcc-arm-none-eabi-4_7-2012q4-20121208-mac/bin/../lib/gcc/arm-none-eabi/4.7.3/../../../../arm-none-eabi/lib/armv7-m/libc_s.a(lib_a-vfscanf_i.o)
 .ARM.attributes
                0x00000000000003b0       0x2d /Users/jhg/toolchain-gcc-arm-none-eabi-4_7-2012q4-20121208-mac/bin/../lib/gcc/arm-none-eabi/4.7.3/../../../../arm-none-eabi/lib/armv7-m/libc_s.a(lib_a-wbuf.o)
 .ARM.attributes
                0x00000000000003dd       0x2d /Users/jhg/toolchain-gcc-arm-none-eabi-4_7-2012q4-20121208-mac/bin/../lib/gcc/arm-none-eabi/4.7.3/../../../../arm-none-eabi/lib/armv7-m/libc_s.a(lib_a-writer.o)
 .ARM.attributes
                0x000000000000040a       0x2d /Users/jhg/toolchain-gcc-arm-none-eabi-4_7-2012q4-20121208-mac/bin/../lib/gcc/arm-none-eabi/4.7.3/../../../../arm-none-eabi/lib/armv7-m/libc_s.a(lib_a-wsetup.o)
 .ARM.attributes
                0x0000000000000437       0x2d /Users/jhg/toolchain-gcc-arm-none-eabi-4_7-2012q4-20121208-mac/bin/../lib/gcc/arm-none-eabi/4.7.3/../../../../arm-none-eabi/lib/armv7-m/libc_s.a(lib_a-closer.o)
 .ARM.attributes
                0x0000000000000464       0x2d /Users/jhg/toolchain-gcc-arm-none-eabi-4_7-2012q4-20121208-mac/bin/../lib/gcc/arm-none-eabi/4.7.3/../../../../arm-none-eabi/lib/armv7-m/libc_s.a(lib_a-ctype_.o)
 .ARM.attributes
                0x0000000000000491       0x2d /Users/jhg/toolchain-gcc-arm-none-eabi-4_7-2012q4-20121208-mac/bin/../lib/gcc/arm-none-eabi/4.7.3/../../../../arm-none-eabi/lib/armv7-m/libc_s.a(lib_a-dtoa.o)
 .ARM.attributes
                0x00000000000004be       0x2d /Users/jhg/toolchain-gcc-arm-none-eabi-4_7-2012q4-20121208-mac/bin/../lib/gcc/arm-none-eabi/4.7.3/../../../../arm-none-eabi/lib/armv7-m/libc_s.a(lib_a-fflush.o)
 .ARM.attributes
                0x00000000000004eb       0x2d /Users/jhg/toolchain-gcc-arm-none-eabi-4_7-2012q4-20121208-mac/bin/../lib/gcc/arm-none-eabi/4.7.3/../../../../arm-none-eabi/lib/armv7-m/libc_s.a(lib_a-findfp.o)
 .ARM.attributes
                0x0000000000000518       0x2d /Users/jhg/toolchain-gcc-arm-none-eabi-4_7-2012q4-20121208-mac/bin/../lib/gcc/arm-none-eabi/4.7.3/../../../../arm-none-eabi/lib/armv7-m/libc_s.a(lib_a-freer.o)
 .ARM.attributes
                0x0000000000000545       0x2d /Users/jhg/toolchain-gcc-arm-none-eabi-4_7-2012q4-20121208-mac/bin/../lib/gcc/arm-none-eabi/4.7.3/../../../../arm-none-eabi/lib/armv7-m/libc_s.a(lib_a-locale.o)
 .ARM.attributes
                0x0000000000000572       0x2d /Users/jhg/toolchain-gcc-arm-none-eabi-4_7-2012q4-20121208-mac/bin/../lib/gcc/arm-none-eabi/4.7.3/../../../../arm-none-eabi/lib/armv7-m/libc_s.a(lib_a-lseekr.o)
 .ARM.attributes
                0x000000000000059f       0x2d /Users/jhg/toolchain-gcc-arm-none-eabi-4_7-2012q4-20121208-mac/bin/../lib/gcc/arm-none-eabi/4.7.3/../../../../arm-none-eabi/lib/armv7-m/libc_s.a(lib_a-makebuf.o)
 .ARM.attributes
                0x00000000000005cc       0x2d /Users/jhg/toolchain-gcc-arm-none-eabi-4_7-2012q4-20121208-mac/bin/../lib/gcc/arm-none-eabi/4.7.3/../../../../arm-none-eabi/lib/armv7-m/libc_s.a(lib_a-malloc.o)
 .ARM.attributes
                0x00000000000005f9       0x2d /Users/jhg/toolchain-gcc-arm-none-eabi-4_7-2012q4-20121208-mac/bin/../lib/gcc/arm-none-eabi/4.7.3/../../../../arm-none-eabi/lib/armv7-m/libc_s.a(lib_a-mallocr.o)
 .ARM.attributes
                0x0000000000000626       0x2d /Users/jhg/toolchain-gcc-arm-none-eabi-4_7-2012q4-20121208-mac/bin/../lib/gcc/arm-none-eabi/4.7.3/../../../../arm-none-eabi/lib/armv7-m/libc_s.a(lib_a-memchr.o)
 .ARM.attributes
                0x0000000000000653       0x2d /Users/jhg/toolchain-gcc-arm-none-eabi-4_7-2012q4-20121208-mac/bin/../lib/gcc/arm-none-eabi/4.7.3/../../../../arm-none-eabi/lib/armv7-m/libc_s.a(lib_a-memcpy.o)
 .ARM.attributes
                0x0000000000000680       0x2d /Users/jhg/toolchain-gcc-arm-none-eabi-4_7-2012q4-20121208-mac/bin/../lib/gcc/arm-none-eabi/4.7.3/../../../../arm-none-eabi/lib/armv7-m/libc_s.a(lib_a-mprec.o)
 .ARM.attributes
                0x00000000000006ad       0x2d /Users/jhg/toolchain-gcc-arm-none-eabi-4_7-2012q4-20121208-mac/bin/../lib/gcc/arm-none-eabi/4.7.3/../../../../arm-none-eabi/lib/armv7-m/libc_s.a(lib_a-readr.o)
 .ARM.attributes
                0x00000000000006da       0x2d /Users/jhg/toolchain-gcc-arm-none-eabi-4_7-2012q4-20121208-mac/bin/../lib/gcc/arm-none-eabi/4.7.3/../../../../arm-none-eabi/lib/armv7-m/libc_s.a(lib_a-reallocr.o)
 .ARM.attributes
                0x0000000000000707       0x2d /Users/jhg/toolchain-gcc-arm-none-eabi-4_7-2012q4-20121208-mac/bin/../lib/gcc/arm-none-eabi/4.7.3/../../../../arm-none-eabi/lib/armv7-m/libc_s.a(lib_a-reent.o)
 .ARM.attributes
                0x0000000000000734       0x2d /Users/jhg/toolchain-gcc-arm-none-eabi-4_7-2012q4-20121208-mac/bin/../lib/gcc/arm-none-eabi/4.7.3/../../../../arm-none-eabi/lib/armv7-m/libc_s.a(lib_a-s_fpclassify.o)
 .ARM.attributes
                0x0000000000000761       0x2d /Users/jhg/toolchain-gcc-arm-none-eabi-4_7-2012q4-20121208-mac/bin/../lib/gcc/arm-none-eabi/4.7.3/../../../../arm-none-eabi/lib/armv7-m/libc_s.a(lib_a-sbrkr.o)
 .ARM.attributes
                0x000000000000078e       0x2d /Users/jhg/toolchain-gcc-arm-none-eabi-4_7-2012q4-20121208-mac/bin/../lib/gcc/arm-none-eabi/4.7.3/../../../../arm-none-eabi/lib/armv7-m/libc_s.a(lib_a-sccl.o)
 .ARM.attributes
                0x00000000000007bb       0x2d /Users/jhg/toolchain-gcc-arm-none-eabi-4_7-2012q4-20121208-mac/bin/../lib/gcc/arm-none-eabi/4.7.3/../../../../arm-none-eabi/lib/armv7-m/libc_s.a(lib_a-sf_nan.o)
 .ARM.attributes
                0x00000000000007e8       0x2d /Users/jhg/toolchain-gcc-arm-none-eabi-4_7-2012q4-20121208-mac/bin/../lib/gcc/arm-none-eabi/4.7.3/../../../../arm-none-eabi/lib/armv7-m/libc_s.a(lib_a-sprintf.o)
 .ARM.attributes
                0x0000000000000815       0x2d /Users/jhg/toolchain-gcc-arm-none-eabi-4_7-2012q4-20121208-mac/bin/../lib/gcc/arm-none-eabi/4.7.3/../../../../arm-none-eabi/lib/armv7-m/libc_s.a(lib_a-strtod.o)
 .ARM.attributes
                0x0000000000000842       0x2d /Users/jhg/toolchain-gcc-arm-none-eabi-4_7-2012q4-20121208-mac/bin/../lib/gcc/arm-none-eabi/4.7.3/../../../../arm-none-eabi/lib/armv7-m/libc_s.a(lib_a-strtol.o)
 .ARM.attributes
                0x000000000000086f       0x2d /Users/jhg/toolchain-gcc-arm-none-eabi-4_7-2012q4-20121208-mac/bin/../lib/gcc/arm-none-eabi/4.7.3/../../../../arm-none-eabi/lib/armv7-m/libc_s.a(lib_a-strtoul.o)
 .ARM.attributes
                0x000000000000089c       0x2d /Users/jhg/toolchain-gcc-arm-none-eabi-4_7-2012q4-20121208-mac/bin/../lib/gcc/arm-none-eabi/4.7.3/../../../../arm-none-eabi/lib/armv7-m/libc_s.a(lib_a-svfprintf.o)
 .ARM.attributes
                0x00000000000008c9       0x2d /Users/jhg/toolchain-gcc-arm-none-eabi-4_7-2012q4-20121208-mac/bin/../lib/gcc/arm-none-eabi/4.7.3/../../../../arm-none-eabi/lib/armv7-m/libc_s.a(lib_a-callocr.o)
 .ARM.attributes
                0x00000000000008f6       0x2d /Users/jhg/toolchain-gcc-arm-none-eabi-4_7-2012q4-20121208-mac/bin/../lib/gcc/arm-none-eabi/4.7.3/../../../../arm-none-eabi/lib/armv7-m/libc_s.a(lib_a-fstatr.o)
 .ARM.attributes
                0x0000000000000923       0x2d /Users/jhg/toolchain-gcc-arm-none-eabi-4_7-2012q4-20121208-mac/bin/../lib/gcc/arm-none-eabi/4.7.3/../../../../arm-none-eabi/lib/armv7-m/libc_s.a(lib_a-gdtoa-gethex.o)
 .ARM.attributes
                0x0000000000000950       0x2d /Users/jhg/toolchain-gcc-arm-none-eabi-4_7-2012q4-20121208-mac/bin/../lib/gcc/arm-none-eabi/4.7.3/../../../../arm-none-eabi/lib/armv7-m/libc_s.a(lib_a-gdtoa-hexnan.o)
 .ARM.attributes
                0x000000000000097d       0x2d /Users/jhg/toolchain-gcc-arm-none-eabi-4_7-2012q4-20121208-mac/bin/../lib/gcc/arm-none-eabi/4.7.3/../../../../arm-none-eabi/lib/armv7-m/libc_s.a(lib_a-isattyr.o)
 .ARM.attributes
                0x00000000000009aa       0x2d /Users/jhg/toolchain-gcc-arm-none-eabi-4_7-2012q4-20121208-mac/bin/../lib/gcc/arm-none-eabi/4.7.3/../../../../arm-none-eabi/lib/armv7-m/libc_s.a(lib_a-msizer.o)
 .ARM.attributes
                0x00000000000009d7       0x2d /Users/jhg/toolchain-gcc-arm-none-eabi-4_7-2012q4-20121208-mac/bin/../lib/gcc/arm-none-eabi/4.7.3/../../../../arm-none-eabi/lib/armv7-m/libc_s.a(lib_a-strncmp.o)
 .ARM.attributes
                0x0000000000000a04       0x2d /Users/jhg/toolchain-gcc-arm-none-eabi-4_7-2012q4-20121208-mac/bin/../lib/gcc/arm-none-eabi/4.7.3/../../../../arm-none-eabi/lib/armv7-m/librdimon.a(rdimon-syscalls.o)
 .ARM.attributes
                0x0000000000000a31       0x2d /Users/jhg/toolchain-gcc-arm-none-eabi-4_7-2012q4-20121208-mac/bin/../lib/gcc/arm-none-eabi/4.7.3/../../../../arm-none-eabi/lib/armv7-m/librdimon.a(rdimon-_exit.o)
 .ARM.attributes
                0x0000000000000a5e       0x2d /Users/jhg/toolchain-gcc-arm-none-eabi-4_7-2012q4-20121208-mac/bin/../lib/gcc/arm-none-eabi/4.7.3/../../../../arm-none-eabi/lib/armv7-m/librdimon.a(rdimon-_kill.o)
 .ARM.attributes
                0x0000000000000a8b       0x1d /Users/jhg/toolchain-gcc-arm-none-eabi-4_7-2012q4-20121208-mac/bin/../lib/gcc/arm-none-eabi/4.7.3/armv7-m/libgcc.a(_arm_addsubdf3.o)
 .ARM.attributes
                0x0000000000000aa8       0x1d /Users/jhg/toolchain-gcc-arm-none-eabi-4_7-2012q4-20121208-mac/bin/../lib/gcc/arm-none-eabi/4.7.3/armv7-m/libgcc.a(_arm_muldivdf3.o)
 .ARM.attributes
                0x0000000000000ac5       0x1d /Users/jhg/toolchain-gcc-arm-none-eabi-4_7-2012q4-20121208-mac/bin/../lib/gcc/arm-none-eabi/4.7.3/armv7-m/libgcc.a(_arm_cmpdf2.o)
 .ARM.attributes
                0x0000000000000ae2       0x1d /Users/jhg/toolchain-gcc-arm-none-eabi-4_7-2012q4-20121208-mac/bin/../lib/gcc/arm-none-eabi/4.7.3/armv7-m/libgcc.a(_arm_fixdfsi.o)
 .ARM.attributes
                0x0000000000000aff       0x1d /Users/jhg/toolchain-gcc-arm-none-eabi-4_7-2012q4-20121208-mac/bin/../lib/gcc/arm-none-eabi/4.7.3/armv7-m/libgcc.a(_arm_fixunsdfsi.o)
 .ARM.attributes
                0x0000000000000b1c       0x1d /Users/jhg/toolchain-gcc-arm-none-eabi-4_7-2012q4-20121208-mac/bin/../lib/gcc/arm-none-eabi/4.7.3/armv7-m/libgcc.a(_arm_truncdfsf2.o)
 .ARM.attributes
                0x0000000000000b39       0x2d /Users/jhg/toolchain-gcc-arm-none-eabi-4_7-2012q4-20121208-mac/bin/../lib/gcc/arm-none-eabi/4.7.3/../../../../arm-none-eabi/lib/armv7-m/libc_s.a(lib_a-errno.o)
 .ARM.attributes
                0x0000000000000b66       0x2d /Users/jhg/toolchain-gcc-arm-none-eabi-4_7-2012q4-20121208-mac/bin/../lib/gcc/arm-none-eabi/4.7.3/armv7-m/crtend.o
 .ARM.attributes
                0x0000000000000b93       0x1d /Users/jhg/toolchain-gcc-arm-none-eabi-4_7-2012q4-20121208-mac/bin/../lib/gcc/arm-none-eabi/4.7.3/armv7-m/crtn.o

.comment        0x0000000000000000       0x70
 .comment       0x0000000000000000       0x70 /var/folders/9p/g7b6_1dj0nqcnns28dc_lp_w0000gn/T//cczdEdaO.o
                                         0x71 (size before relaxing)

.debug_frame    0x0000000000000000     0x140c
 .debug_frame   0x0000000000000000       0x28 /Users/jhg/toolchain-gcc-arm-none-eabi-4_7-2012q4-20121208-mac/bin/../lib/gcc/arm-none-eabi/4.7.3/../../../../arm-none-eabi/lib/armv7-m/libc_s.a(lib_a-__atexit2.o)
 .debug_frame   0x0000000000000028       0x28 /Users/jhg/toolchain-gcc-arm-none-eabi-4_7-2012q4-20121208-mac/bin/../lib/gcc/arm-none-eabi/4.7.3/../../../../arm-none-eabi/lib/armv7-m/libc_s.a(lib_a-exit.o)
 .debug_frame   0x0000000000000050       0x2c /Users/jhg/toolchain-gcc-arm-none-eabi-4_7-2012q4-20121208-mac/bin/../lib/gcc/arm-none-eabi/4.7.3/../../../../arm-none-eabi/lib/armv7-m/libc_s.a(lib_a-fini.o)
 .debug_frame   0x000000000000007c       0x2c /Users/jhg/toolchain-gcc-arm-none-eabi-4_7-2012q4-20121208-mac/bin/../lib/gcc/arm-none-eabi/4.7.3/../../../../arm-none-eabi/lib/armv7-m/libc_s.a(lib_a-init.o)
 .debug_frame   0x00000000000000a8       0x20 /Users/jhg/toolchain-gcc-arm-none-eabi-4_7-2012q4-20121208-mac/bin/../lib/gcc/arm-none-eabi/4.7.3/../../../../arm-none-eabi/lib/armv7-m/libc_s.a(lib_a-memset.o)
 .debug_frame   0x00000000000000c8       0x60 /Users/jhg/toolchain-gcc-arm-none-eabi-4_7-2012q4-20121208-mac/bin/../lib/gcc/arm-none-eabi/4.7.3/../../../../arm-none-eabi/lib/armv7-m/libc_s.a(lib_a-printf.o)
 .debug_frame   0x0000000000000128       0x60 /Users/jhg/toolchain-gcc-arm-none-eabi-4_7-2012q4-20121208-mac/bin/../lib/gcc/arm-none-eabi/4.7.3/../../../../arm-none-eabi/lib/armv7-m/libc_s.a(lib_a-sscanf.o)
 .debug_frame   0x0000000000000188       0x80 /Users/jhg/toolchain-gcc-arm-none-eabi-4_7-2012q4-20121208-mac/bin/../lib/gcc/arm-none-eabi/4.7.3/../../../../arm-none-eabi/lib/armv7-m/libc_s.a(lib_a-stdio.o)
 .debug_frame   0x0000000000000208       0x20 /Users/jhg/toolchain-gcc-arm-none-eabi-4_7-2012q4-20121208-mac/bin/../lib/gcc/arm-none-eabi/4.7.3/../../../../arm-none-eabi/lib/armv7-m/libc_s.a(lib_a-strlen.o)
 .debug_frame   0x0000000000000228       0x68 /Users/jhg/toolchain-gcc-arm-none-eabi-4_7-2012q4-20121208-mac/bin/../lib/gcc/arm-none-eabi/4.7.3/../../../../arm-none-eabi/lib/armv7-m/libc_s.a(lib_a-svfscanf.o)
 .debug_frame   0x0000000000000290       0x5c /Users/jhg/toolchain-gcc-arm-none-eabi-4_7-2012q4-20121208-mac/bin/../lib/gcc/arm-none-eabi/4.7.3/../../../../arm-none-eabi/lib/armv7-m/libc_s.a(lib_a-ungetc.o)
 .debug_frame   0x00000000000002ec       0x90 /Users/jhg/toolchain-gcc-arm-none-eabi-4_7-2012q4-20121208-mac/bin/../lib/gcc/arm-none-eabi/4.7.3/../../../../arm-none-eabi/lib/armv7-m/libc_s.a(lib_a-vfprintf.o)
 .debug_frame   0x000000000000037c       0x80 /Users/jhg/toolchain-gcc-arm-none-eabi-4_7-2012q4-20121208-mac/bin/../lib/gcc/arm-none-eabi/4.7.3/../../../../arm-none-eabi/lib/armv7-m/libc_s.a(lib_a-vfprintf_float.o)
 .debug_frame   0x00000000000003fc       0x58 /Users/jhg/toolchain-gcc-arm-none-eabi-4_7-2012q4-20121208-mac/bin/../lib/gcc/arm-none-eabi/4.7.3/../../../../arm-none-eabi/lib/armv7-m/libc_s.a(lib_a-vfprintf_i.o)
 .debug_frame   0x0000000000000454       0x38 /Users/jhg/toolchain-gcc-arm-none-eabi-4_7-2012q4-20121208-mac/bin/../lib/gcc/arm-none-eabi/4.7.3/../../../../arm-none-eabi/lib/armv7-m/libc_s.a(lib_a-vfscanf_float.o)
 .debug_frame   0x000000000000048c       0x58 /Users/jhg/toolchain-gcc-arm-none-eabi-4_7-2012q4-20121208-mac/bin/../lib/gcc/arm-none-eabi/4.7.3/../../../../arm-none-eabi/lib/armv7-m/libc_s.a(lib_a-vfscanf_i.o)
 .debug_frame   0x00000000000004e4       0x3c /Users/jhg/toolchain-gcc-arm-none-eabi-4_7-2012q4-20121208-mac/bin/../lib/gcc/arm-none-eabi/4.7.3/../../../../arm-none-eabi/lib/armv7-m/libc_s.a(lib_a-wbuf.o)
 .debug_frame   0x0000000000000520       0x2c /Users/jhg/toolchain-gcc-arm-none-eabi-4_7-2012q4-20121208-mac/bin/../lib/gcc/arm-none-eabi/4.7.3/../../../../arm-none-eabi/lib/armv7-m/libc_s.a(lib_a-writer.o)
 .debug_frame   0x000000000000054c       0x2c /Users/jhg/toolchain-gcc-arm-none-eabi-4_7-2012q4-20121208-mac/bin/../lib/gcc/arm-none-eabi/4.7.3/../../../../arm-none-eabi/lib/armv7-m/libc_s.a(lib_a-wsetup.o)
 .debug_frame   0x0000000000000578       0x2c /Users/jhg/toolchain-gcc-arm-none-eabi-4_7-2012q4-20121208-mac/bin/../lib/gcc/arm-none-eabi/4.7.3/../../../../arm-none-eabi/lib/armv7-m/libc_s.a(lib_a-closer.o)
 .debug_frame   0x00000000000005a4       0x68 /Users/jhg/toolchain-gcc-arm-none-eabi-4_7-2012q4-20121208-mac/bin/../lib/gcc/arm-none-eabi/4.7.3/../../../../arm-none-eabi/lib/armv7-m/libc_s.a(lib_a-dtoa.o)
 .debug_frame   0x000000000000060c       0x40 /Users/jhg/toolchain-gcc-arm-none-eabi-4_7-2012q4-20121208-mac/bin/../lib/gcc/arm-none-eabi/4.7.3/../../../../arm-none-eabi/lib/armv7-m/libc_s.a(lib_a-fflush.o)
 .debug_frame   0x000000000000064c      0x130 /Users/jhg/toolchain-gcc-arm-none-eabi-4_7-2012q4-20121208-mac/bin/../lib/gcc/arm-none-eabi/4.7.3/../../../../arm-none-eabi/lib/armv7-m/libc_s.a(lib_a-findfp.o)
 .debug_frame   0x000000000000077c       0x2c /Users/jhg/toolchain-gcc-arm-none-eabi-4_7-2012q4-20121208-mac/bin/../lib/gcc/arm-none-eabi/4.7.3/../../../../arm-none-eabi/lib/armv7-m/libc_s.a(lib_a-freer.o)
 .debug_frame   0x00000000000007a8       0x98 /Users/jhg/toolchain-gcc-arm-none-eabi-4_7-2012q4-20121208-mac/bin/../lib/gcc/arm-none-eabi/4.7.3/../../../../arm-none-eabi/lib/armv7-m/libc_s.a(lib_a-locale.o)
 .debug_frame   0x0000000000000840       0x2c /Users/jhg/toolchain-gcc-arm-none-eabi-4_7-2012q4-20121208-mac/bin/../lib/gcc/arm-none-eabi/4.7.3/../../../../arm-none-eabi/lib/armv7-m/libc_s.a(lib_a-lseekr.o)
 .debug_frame   0x000000000000086c       0x30 /Users/jhg/toolchain-gcc-arm-none-eabi-4_7-2012q4-20121208-mac/bin/../lib/gcc/arm-none-eabi/4.7.3/../../../../arm-none-eabi/lib/armv7-m/libc_s.a(lib_a-makebuf.o)
 .debug_frame   0x000000000000089c       0x30 /Users/jhg/toolchain-gcc-arm-none-eabi-4_7-2012q4-20121208-mac/bin/../lib/gcc/arm-none-eabi/4.7.3/../../../../arm-none-eabi/lib/armv7-m/libc_s.a(lib_a-malloc.o)
 .debug_frame   0x00000000000008cc       0x2c /Users/jhg/toolchain-gcc-arm-none-eabi-4_7-2012q4-20121208-mac/bin/../lib/gcc/arm-none-eabi/4.7.3/../../../../arm-none-eabi/lib/armv7-m/libc_s.a(lib_a-mallocr.o)
 .debug_frame   0x00000000000008f8       0x28 /Users/jhg/toolchain-gcc-arm-none-eabi-4_7-2012q4-20121208-mac/bin/../lib/gcc/arm-none-eabi/4.7.3/../../../../arm-none-eabi/lib/armv7-m/libc_s.a(lib_a-memchr.o)
 .debug_frame   0x0000000000000920       0x28 /Users/jhg/toolchain-gcc-arm-none-eabi-4_7-2012q4-20121208-mac/bin/../lib/gcc/arm-none-eabi/4.7.3/../../../../arm-none-eabi/lib/armv7-m/libc_s.a(lib_a-memcpy.o)
 .debug_frame   0x0000000000000948      0x23c /Users/jhg/toolchain-gcc-arm-none-eabi-4_7-2012q4-20121208-mac/bin/../lib/gcc/arm-none-eabi/4.7.3/../../../../arm-none-eabi/lib/armv7-m/libc_s.a(lib_a-mprec.o)
 .debug_frame   0x0000000000000b84       0x2c /Users/jhg/toolchain-gcc-arm-none-eabi-4_7-2012q4-20121208-mac/bin/../lib/gcc/arm-none-eabi/4.7.3/../../../../arm-none-eabi/lib/armv7-m/libc_s.a(lib_a-readr.o)
 .debug_frame   0x0000000000000bb0       0x30 /Users/jhg/toolchain-gcc-arm-none-eabi-4_7-2012q4-20121208-mac/bin/../lib/gcc/arm-none-eabi/4.7.3/../../../../arm-none-eabi/lib/armv7-m/libc_s.a(lib_a-reallocr.o)
 .debug_frame   0x0000000000000be0       0x64 /Users/jhg/toolchain-gcc-arm-none-eabi-4_7-2012q4-20121208-mac/bin/../lib/gcc/arm-none-eabi/4.7.3/../../../../arm-none-eabi/lib/armv7-m/libc_s.a(lib_a-reent.o)
 .debug_frame   0x0000000000000c44       0x20 /Users/jhg/toolchain-gcc-arm-none-eabi-4_7-2012q4-20121208-mac/bin/../lib/gcc/arm-none-eabi/4.7.3/../../../../arm-none-eabi/lib/armv7-m/libc_s.a(lib_a-s_fpclassify.o)
 .debug_frame   0x0000000000000c64       0x2c /Users/jhg/toolchain-gcc-arm-none-eabi-4_7-2012q4-20121208-mac/bin/../lib/gcc/arm-none-eabi/4.7.3/../../../../arm-none-eabi/lib/armv7-m/libc_s.a(lib_a-sbrkr.o)
 .debug_frame   0x0000000000000c90       0x30 /Users/jhg/toolchain-gcc-arm-none-eabi-4_7-2012q4-20121208-mac/bin/../lib/gcc/arm-none-eabi/4.7.3/../../../../arm-none-eabi/lib/armv7-m/libc_s.a(lib_a-sccl.o)
 .debug_frame   0x0000000000000cc0       0x20 /Users/jhg/toolchain-gcc-arm-none-eabi-4_7-2012q4-20121208-mac/bin/../lib/gcc/arm-none-eabi/4.7.3/../../../../arm-none-eabi/lib/armv7-m/libc_s.a(lib_a-sf_nan.o)
 .debug_frame   0x0000000000000ce0       0x58 /Users/jhg/toolchain-gcc-arm-none-eabi-4_7-2012q4-20121208-mac/bin/../lib/gcc/arm-none-eabi/4.7.3/../../../../arm-none-eabi/lib/armv7-m/libc_s.a(lib_a-sprintf.o)
 .debug_frame   0x0000000000000d38       0x84 /Users/jhg/toolchain-gcc-arm-none-eabi-4_7-2012q4-20121208-mac/bin/../lib/gcc/arm-none-eabi/4.7.3/../../../../arm-none-eabi/lib/armv7-m/libc_s.a(lib_a-strtod.o)
 .debug_frame   0x0000000000000dbc       0x58 /Users/jhg/toolchain-gcc-arm-none-eabi-4_7-2012q4-20121208-mac/bin/../lib/gcc/arm-none-eabi/4.7.3/../../../../arm-none-eabi/lib/armv7-m/libc_s.a(lib_a-strtol.o)
 .debug_frame   0x0000000000000e14       0x58 /Users/jhg/toolchain-gcc-arm-none-eabi-4_7-2012q4-20121208-mac/bin/../lib/gcc/arm-none-eabi/4.7.3/../../../../arm-none-eabi/lib/armv7-m/libc_s.a(lib_a-strtoul.o)
 .debug_frame   0x0000000000000e6c       0x88 /Users/jhg/toolchain-gcc-arm-none-eabi-4_7-2012q4-20121208-mac/bin/../lib/gcc/arm-none-eabi/4.7.3/../../../../arm-none-eabi/lib/armv7-m/libc_s.a(lib_a-svfprintf.o)
 .debug_frame   0x0000000000000ef4       0x2c /Users/jhg/toolchain-gcc-arm-none-eabi-4_7-2012q4-20121208-mac/bin/../lib/gcc/arm-none-eabi/4.7.3/../../../../arm-none-eabi/lib/armv7-m/libc_s.a(lib_a-callocr.o)
 .debug_frame   0x0000000000000f20       0x2c /Users/jhg/toolchain-gcc-arm-none-eabi-4_7-2012q4-20121208-mac/bin/../lib/gcc/arm-none-eabi/4.7.3/../../../../arm-none-eabi/lib/armv7-m/libc_s.a(lib_a-fstatr.o)
 .debug_frame   0x0000000000000f4c       0x8c /Users/jhg/toolchain-gcc-arm-none-eabi-4_7-2012q4-20121208-mac/bin/../lib/gcc/arm-none-eabi/4.7.3/../../../../arm-none-eabi/lib/armv7-m/libc_s.a(lib_a-gdtoa-gethex.o)
 .debug_frame   0x0000000000000fd8       0x58 /Users/jhg/toolchain-gcc-arm-none-eabi-4_7-2012q4-20121208-mac/bin/../lib/gcc/arm-none-eabi/4.7.3/../../../../arm-none-eabi/lib/armv7-m/libc_s.a(lib_a-gdtoa-hexnan.o)
 .debug_frame   0x0000000000001030       0x2c /Users/jhg/toolchain-gcc-arm-none-eabi-4_7-2012q4-20121208-mac/bin/../lib/gcc/arm-none-eabi/4.7.3/../../../../arm-none-eabi/lib/armv7-m/libc_s.a(lib_a-isattyr.o)
 .debug_frame   0x000000000000105c       0x20 /Users/jhg/toolchain-gcc-arm-none-eabi-4_7-2012q4-20121208-mac/bin/../lib/gcc/arm-none-eabi/4.7.3/../../../../arm-none-eabi/lib/armv7-m/libc_s.a(lib_a-msizer.o)
 .debug_frame   0x000000000000107c       0x2c /Users/jhg/toolchain-gcc-arm-none-eabi-4_7-2012q4-20121208-mac/bin/../lib/gcc/arm-none-eabi/4.7.3/../../../../arm-none-eabi/lib/armv7-m/libc_s.a(lib_a-strncmp.o)
 .debug_frame   0x00000000000010a8      0x2f8 /Users/jhg/toolchain-gcc-arm-none-eabi-4_7-2012q4-20121208-mac/bin/../lib/gcc/arm-none-eabi/4.7.3/../../../../arm-none-eabi/lib/armv7-m/librdimon.a(rdimon-syscalls.o)
 .debug_frame   0x00000000000013a0       0x20 /Users/jhg/toolchain-gcc-arm-none-eabi-4_7-2012q4-20121208-mac/bin/../lib/gcc/arm-none-eabi/4.7.3/../../../../arm-none-eabi/lib/armv7-m/librdimon.a(rdimon-_exit.o)
 .debug_frame   0x00000000000013c0       0x2c /Users/jhg/toolchain-gcc-arm-none-eabi-4_7-2012q4-20121208-mac/bin/../lib/gcc/arm-none-eabi/4.7.3/../../../../arm-none-eabi/lib/armv7-m/librdimon.a(rdimon-_kill.o)
 .debug_frame   0x00000000000013ec       0x20 /Users/jhg/toolchain-gcc-arm-none-eabi-4_7-2012q4-20121208-mac/bin/../lib/gcc/arm-none-eabi/4.7.3/../../../../arm-none-eabi/lib/armv7-m/libc_s.a(lib_a-errno.o)
